/home/ymm/miniconda3/envs/ai_paper_0530/lib/python3.11/site-packages/torch/library.py:349: UserWarning: Warning only once for all operators,  other operators may also be overridden.
  Overriding a previously registered kernel for the same operator and the same dispatch key
  operator: aten::addmm(Tensor self, Tensor mat1, Tensor mat2, *, Scalar beta=1, Scalar alpha=1) -> Tensor
    registered at /pytorch/build/aten/src/ATen/RegisterSchema.cpp:6
  dispatch key: CUDA
  previous kernel: registered at /pytorch/aten/src/ATen/autocast_mode.cpp:169
       new kernel: registered at /dev/null:136 (Triggered internally at /pytorch/aten/src/ATen/core/dispatch/OperatorEntry.cpp:154.)
  self.m.impl(
[INFO] : FlagGems Unsupported GPU arch Tesla V100-SXM2-16GB specialization
{
  "benchmark_suite": "registered_ops",
  "commits": {
    "flaggems": "399d0381ed63a79018f3112ecc43894fd58ba052",
    "stofm": "fc37f17c25f1c925da451134c979a45d2dbec6bb"
  },
  "created_at_utc": "2026-08-15T17:04:26.383221+00:00",
  "flaggems_source": {
    "imported_package": "/home/ymm/ym/xl/20260815-first-operator/FlagGems-stofm/src/flag_gems/__init__.py",
    "requested_root": "/home/ymm/ym/xl/20260815-first-operator/FlagGems-stofm",
    "source_path": "/home/ymm/ym/xl/20260815-first-operator/FlagGems-stofm/src"
  },
  "measurement": {
    "calls_per_sample": 5,
    "compile_included": false,
    "inference_mode": true,
    "repetitions": 30,
    "tf32": false,
    "timer": "cuda_events",
    "warmup": 10
  },
  "precision": "fp16",
  "reference": {
    "atol": 0.003,
    "last_hidden_state_sha256": "a2cfaf2864fd99869b1496997b2ef73b517996de83341c23dc6e0f8ac851fa7d",
    "rtol": 0.03,
    "stage": "pure_pytorch_reference"
  },
  "results": [
    {
      "calls_per_sample": 5,
      "comparison_baseline": "unoptimized_flagos_steady",
      "custom_operator_trace": [
        "flagos_stofm::gaussian_pair_bias"
      ],
      "description": "Only the registered Gaussian custom operator; ATen overrides are disabled.",
      "dispatch": {
        "gaussian": {
          "operator": "gaussian_pair_bias",
          "precision": "fp16",
          "reason": "explicit NVIDIA native inference backend",
          "requested": "nvidia",
          "selected": "nvidia"
        },
        "outer_scope": {
          "active": false,
          "mode": "optimized",
          "reason": "FlagOS ATen dispatch is disabled for custom-operator isolation",
          "registered_aten_ops": [],
          "vendor_hint": null
        },
        "pair_attention_layer0": null,
        "runtime": {
          "active": false,
          "mode": "optimized",
          "reason": "FlagOS ATen dispatch is disabled for custom-operator isolation",
          "registered_aten_ops": [],
          "vendor_hint": null
        }
      },
      "gain_kind": "registered_custom_operator",
      "mean_ms": 13.434990386962891,
      "measurement_scope": "steady",
      "p20_ms": 13.421029052734374,
      "p50_ms": 13.425856018066407,
      "p80_ms": 13.45060546875,
      "p95_ms": 13.48093032836914,
      "peak_allocated_mib": 122.05615234375,
      "peak_delta_allocated_mib": 96.1181640625,
      "peak_delta_reserved_mib": 0.0,
      "peak_reserved_mib": 1666.0,
      "sample_count": 30,
      "samples_ms": [
        13.408280944824218,
        13.40636749267578,
        13.405900573730468,
        13.450277709960938,
        13.427410888671876,
        13.4158203125,
        13.464627075195313,
        13.484466552734375,
        13.45347900390625,
        13.502809143066406,
        13.476608276367188,
        13.421720886230469,
        13.42138214111328,
        13.4264892578125,
        13.424954223632813,
        13.425138854980469,
        13.42293701171875,
        13.423942565917969,
        13.433004760742188,
        13.43902130126953,
        13.418623352050782,
        13.425222778320313,
        13.430061340332031,
        13.45191650390625,
        13.425112915039062,
        13.42344970703125,
        13.443084716796875,
        13.443533325195313,
        13.434451293945312,
        13.41961669921875
      ],
      "scope": "end_to_end",
      "stage": "gaussian_registered_operator_only",
      "status": "measured",
      "validation": {
        "atol": 0.003,
        "last_hidden_state_sha256": "b7cad45251588cad785e12f5a4135c1d08752b9259e95e9cfabce6b12b155ab3",
        "rtol": 0.03,
        "status": "passed"
      }
    },
    {
      "calls_per_sample": 5,
      "comparison_baseline": "unoptimized_flagos_steady",
      "custom_operator_trace": [
        "flagos_stofm::pair_score_epilogue"
      ],
      "description": "Only the registered pair-score custom operator; ATen overrides are disabled.",
      "dispatch": {
        "gaussian": null,
        "outer_scope": {
          "active": false,
          "mode": "optimized",
          "reason": "FlagOS ATen dispatch is disabled for custom-operator isolation",
          "registered_aten_ops": [],
          "vendor_hint": null
        },
        "pair_attention_layer0": {
          "operator": "pair_attention",
          "precision": "fp16",
          "reason": "explicit NVIDIA native inference backend",
          "requested": "nvidia",
          "selected": "nvidia"
        },
        "runtime": {
          "active": false,
          "mode": "optimized",
          "reason": "FlagOS ATen dispatch is disabled for custom-operator isolation",
          "registered_aten_ops": [],
          "vendor_hint": null
        }
      },
      "gain_kind": "registered_custom_operator",
      "mean_ms": 19.04992009480794,
      "measurement_scope": "steady",
      "p20_ms": 19.042415466308594,
      "p50_ms": 19.046534729003906,
      "p80_ms": 19.05802673339844,
      "p95_ms": 19.071171798706054,
      "peak_allocated_mib": 1643.00634765625,
      "peak_delta_allocated_mib": 1617.068359375,
      "peak_delta_reserved_mib": 0.0,
      "peak_reserved_mib": 1666.0,
      "sample_count": 30,
      "samples_ms": [
        19.058169555664062,
        19.072966003417967,
        19.04895935058594,
        19.06897888183594,
        19.045094299316407,
        19.04682312011719,
        19.050816345214844,
        19.050918579101562,
        19.044953918457033,
        19.046572875976562,
        19.042399597167968,
        19.084442138671875,
        19.04241943359375,
        19.04384002685547,
        19.04370574951172,
        19.042860412597655,
        19.045350646972658,
        19.04649658203125,
        19.054342651367186,
        19.041619873046876,
        19.064031982421874,
        19.035379028320314,
        19.064320373535157,
        19.033824157714843,
        19.04760284423828,
        19.05799102783203,
        19.040345764160158,
        19.039852905273438,
        19.043263244628907,
        19.049261474609374
      ],
      "scope": "end_to_end",
      "stage": "pair_score_registered_operator_only",
      "status": "measured",
      "validation": {
        "atol": 0.003,
        "last_hidden_state_sha256": "8a38f8bb073e5523a5f228fd2b19c447eb583a28fbf35d0c0fd93776e055ba1b",
        "rtol": 0.03,
        "status": "passed"
      }
    },
    {
      "calls_per_sample": 5,
      "comparison_baseline": "unoptimized_flagos_steady",
      "custom_operator_trace": [
        "flagos_stofm::gaussian_pair_bias",
        "flagos_stofm::pair_score_epilogue"
      ],
      "description": "Both registered SToFM custom operators; ATen overrides are disabled.",
      "dispatch": {
        "gaussian": {
          "operator": "gaussian_pair_bias",
          "precision": "fp16",
          "reason": "explicit NVIDIA native inference backend",
          "requested": "nvidia",
          "selected": "nvidia"
        },
        "outer_scope": {
          "active": false,
          "mode": "optimized",
          "reason": "FlagOS ATen dispatch is disabled for custom-operator isolation",
          "registered_aten_ops": [],
          "vendor_hint": null
        },
        "pair_attention_layer0": {
          "operator": "pair_attention",
          "precision": "fp16",
          "reason": "explicit NVIDIA native inference backend",
          "requested": "nvidia",
          "selected": "nvidia"
        },
        "runtime": {
          "active": false,
          "mode": "optimized",
          "reason": "FlagOS ATen dispatch is disabled for custom-operator isolation",
          "registered_aten_ops": [],
          "vendor_hint": null
        }
      },
      "gain_kind": "registered_custom_operator_combined",
      "mean_ms": 11.414202219645182,
      "measurement_scope": "steady",
      "p20_ms": 11.404481353759765,
      "p50_ms": 11.409270477294921,
      "p80_ms": 11.421996612548828,
      "p95_ms": 11.434816284179687,
      "peak_allocated_mib": 115.6953125,
      "peak_delta_allocated_mib": 89.75732421875,
      "peak_delta_reserved_mib": 0.0,
      "peak_reserved_mib": 1666.0,
      "sample_count": 30,
      "samples_ms": [
        11.407046508789062,
        11.428787231445312,
        11.406700897216798,
        11.407270050048828,
        11.409945678710937,
        11.406809234619141,
        11.413292694091798,
        11.404492950439453,
        11.406534576416016,
        11.473887634277343,
        11.424121856689453,
        11.436748504638672,
        11.403033447265624,
        11.401683044433593,
        11.401305389404296,
        11.412166595458984,
        11.407820892333984,
        11.409241485595704,
        11.432454681396484,
        11.42086410522461,
        11.421465301513672,
        11.4093505859375,
        11.403282928466798,
        11.404434967041016,
        11.40811538696289,
        11.428921508789063,
        11.414931488037109,
        11.411481475830078,
        11.40057601928711,
        11.40929946899414
      ],
      "scope": "end_to_end",
      "stage": "registered_operators_only_combined",
      "status": "measured",
      "validation": {
        "atol": 0.003,
        "last_hidden_state_sha256": "ba9589937a1eb9c5d11b6b92341c8a3458e81cc20adb1744a327ffc29fc9fb05",
        "rtol": 0.03,
        "status": "passed"
      }
    },
    {
      "calls_per_sample": 5,
      "comparison_baseline": "unoptimized_flagos_steady",
      "custom_operator_trace": [
        "flagos_stofm::gaussian_pair_bias",
        "flagos_stofm::pair_score_epilogue"
      ],
      "description": "Registered SToFM custom operators plus the existing FlagOS ATen scope held open.",
      "dispatch": {
        "gaussian": {
          "operator": "gaussian_pair_bias",
          "precision": "fp16",
          "reason": "registered CUDA custom-operator backend",
          "requested": "auto",
          "selected": "nvidia"
        },
        "outer_scope": {
          "active": true,
          "mode": "optimized",
          "reason": "scoped FlagGems ATen dispatch",
          "registered_aten_ops": [
            "addmm",
            "baddbmm",
            "bmm",
            "softmax",
            "softmax_out"
          ],
          "vendor_hint": "nvidia"
        },
        "pair_attention_layer0": {
          "operator": "pair_attention",
          "precision": "fp16",
          "reason": "explicit NVIDIA native inference backend",
          "requested": "nvidia",
          "selected": "nvidia"
        },
        "runtime": {
          "active": true,
          "mode": "optimized",
          "reason": "scoped FlagGems ATen dispatch",
          "registered_aten_ops": [
            "addmm",
            "baddbmm",
            "bmm",
            "softmax",
            "softmax_out"
          ],
          "vendor_hint": "nvidia"
        }
      },
      "gain_kind": "registered_custom_operator_plus_flagos_aten",
      "mean_ms": 11.326403020222982,
      "measurement_scope": "steady",
      "p20_ms": 11.316444091796875,
      "p50_ms": 11.322739028930664,
      "p80_ms": 11.333459320068359,
      "p95_ms": 11.346616096496582,
      "peak_allocated_mib": 115.6953125,
      "peak_delta_allocated_mib": 89.75732421875,
      "peak_delta_reserved_mib": 0.0,
      "peak_reserved_mib": 1666.0,
      "sample_count": 30,
      "samples_ms": [
        11.331104278564453,
        11.332902526855468,
        11.320345306396485,
        11.335686492919923,
        11.325670623779297,
        11.350489807128906,
        11.314816284179688,
        11.325222778320313,
        11.31954574584961,
        11.339949035644532,
        11.341881561279298,
        11.409081268310548,
        11.332588958740235,
        11.317759704589843,
        11.320845031738282,
        11.328173065185547,
        11.323538970947265,
        11.339456176757812,
        11.323474884033203,
        11.313228607177734,
        11.305465698242188,
        11.318585968017578,
        11.319001770019531,
        11.309324645996094,
        11.316851043701172,
        11.303116607666016,
        11.322003173828126,
        11.32446060180664,
        11.309222412109374,
        11.318297576904296
      ],
      "scope": "end_to_end",
      "stage": "registered_operators_with_flagos_aten_steady",
      "status": "measured",
      "validation": {
        "atol": 0.003,
        "last_hidden_state_sha256": "8c816510d85fd01b63c76df20a0ff245b50d452232ed9de35121fcb7b489acf2",
        "rtol": 0.03,
        "status": "passed"
      }
    },
    {
      "calls_per_sample": 5,
      "comparison_baseline": "unoptimized_flagos_steady",
      "custom_operator_trace": [
        "flagos_stofm::gaussian_pair_bias",
        "flagos_stofm::pair_score_epilogue"
      ],
      "description": "Registered SToFM custom operators plus the existing FlagOS ATen scope per call.",
      "dispatch": {
        "gaussian": {
          "operator": "gaussian_pair_bias",
          "precision": "fp16",
          "reason": "registered CUDA custom-operator backend",
          "requested": "auto",
          "selected": "nvidia"
        },
        "pair_attention_layer0": {
          "operator": "pair_attention",
          "precision": "fp16",
          "reason": "explicit NVIDIA native inference backend",
          "requested": "nvidia",
          "selected": "nvidia"
        },
        "runtime": {
          "active": true,
          "mode": "optimized",
          "reason": "scoped FlagGems ATen dispatch",
          "registered_aten_ops": [
            "addmm",
            "baddbmm",
            "bmm",
            "softmax",
            "softmax_out"
          ],
          "vendor_hint": "nvidia"
        }
      },
      "gain_kind": "registered_custom_operator_plus_flagos_lifecycle",
      "mean_ms": 11.378041585286459,
      "measurement_scope": "per_call",
      "p20_ms": 11.358201293945312,
      "p50_ms": 11.369152069091797,
      "p80_ms": 11.391185760498047,
      "p95_ms": 11.423026161193848,
      "peak_allocated_mib": 115.6953125,
      "peak_delta_allocated_mib": 89.75732421875,
      "peak_delta_reserved_mib": 0.0,
      "peak_reserved_mib": 1666.0,
      "sample_count": 30,
      "samples_ms": [
        11.36561279296875,
        11.36426239013672,
        11.380274963378906,
        11.37154541015625,
        11.360108947753906,
        11.368256378173829,
        11.36919708251953,
        11.349126434326172,
        11.369107055664063,
        11.376000213623048,
        11.383193969726562,
        11.366719818115234,
        11.357254028320312,
        11.359686279296875,
        11.358438110351562,
        11.351007843017578,
        11.404422760009766,
        11.370246124267577,
        11.484620666503906,
        11.431021118164063,
        11.355059051513672,
        11.37027816772461,
        11.357215881347656,
        11.388639831542969,
        11.369017791748046,
        11.353536224365234,
        11.387059020996094,
        11.413254547119141,
        11.405715179443359,
        11.40136947631836
      ],
      "scope": "end_to_end",
      "stage": "registered_operators_with_flagos_aten_lifecycle",
      "status": "measured",
      "validation": {
        "atol": 0.003,
        "last_hidden_state_sha256": "8c816510d85fd01b63c76df20a0ff245b50d452232ed9de35121fcb7b489acf2",
        "rtol": 0.03,
        "status": "passed"
      }
    }
  ],
  "role": "optimized",
  "run_id": "stofm-registered_ops-fp16-optimized-01",
  "runtime": {
    "capability": [
      7,
      0
    ],
    "cuda": "12.4",
    "device": "Tesla V100-SXM2-16GB",
    "environment": {
      "CUBLAS_WORKSPACE_CONFIG": null,
      "CUDA_VISIBLE_DEVICES": "0",
      "PYTORCH_CUDA_ALLOC_CONF": null,
      "TORCHINDUCTOR_CACHE_DIR": null,
      "TORCHINDUCTOR_COMPILE_THREADS": null
    },
    "nvidia_smi": [
      {
        "driver": "550.144.03",
        "index": "0",
        "memory_total_mib": "16384",
        "name": "Tesla V100-SXM2-16GB"
      },
      {
        "driver": "550.144.03",
        "index": "1",
        "memory_total_mib": "16384",
        "name": "Tesla V100-SXM2-16GB"
      },
      {
        "driver": "550.144.03",
        "index": "2",
        "memory_total_mib": "11264",
        "name": "NVIDIA GeForce GTX 1080 Ti"
      }
    ],
    "pip_freeze": [
      "-e git+https://github.com/priestess-bot/FlagGems.git@399d0381ed63a79018f3112ecc43894fd58ba052#egg=flag_gems",
      "GitPython==3.1.50",
      "Jinja2==3.1.6",
      "MarkupSafe==3.0.3",
      "PyYAML==6.0.3",
      "Pygments==2.20.0",
      "SQLAlchemy==2.0.48",
      "absl-py==2.4.0",
      "accelerate==1.13.0",
      "aiohappyeyeballs==2.6.2",
      "aiohttp==3.13.5",
      "aiosignal==1.4.0",
      "annotated-doc==0.0.4",
      "annotated-types==0.7.0",
      "anyio==4.13.0",
      "argon2-cffi-bindings==25.1.0",
      "argon2-cffi==25.1.0",
      "attrs==26.1.0",
      "backoff==2.2.1",
      "catboost==1.2.10",
      "certifi==2026.5.20",
      "cffi==2.0.0",
      "charset-normalizer==3.4.7",
      "chronos-forecasting==2.2.2",
      "click==8.4.1",
      "contourpy==1.3.3",
      "cramjam==2.11.0",
      "cycler==0.12.1",
      "datasets==4.8.5",
      "dill==0.4.1",
      "distro==1.9.0",
      "einops==0.8.2",
      "einshape==1.0",
      "eval_type_backport==0.3.1",
      "evaluate==0.4.6",
      "faiss-cpu==1.14.2",
      "fastparquet==2026.5.0",
      "filelock==3.29.0",
      "flatbuffers==25.12.19",
      "fonttools==4.63.0",
      "frozenlist==1.8.0",
      "fsspec==2026.2.0",
      "gitdb==4.0.12",
      "gluonts==0.16.2",
      "grad-cam==1.5.5",
      "graphviz==0.21",
      "greenlet==3.5.5",
      "h11==0.16.0",
      "hf-xet==1.5.1",
      "httpcore==1.0.9",
      "httpx==0.28.1",
      "huggingface_hub==0.36.2",
      "idna==3.17",
      "iniconfig==2.3.0",
      "inquirerpy==0.3.4",
      "insightface==1.0.1",
      "joblib==1.5.3",
      "kiwisolver==1.5.0",
      "liac-arff==2.5.0",
      "lightgbm==4.6.0",
      "littleutils==0.2.4",
      "llvmlite==0.47.0",
      "lxml==6.1.1",
      "markdown-it-py==4.2.0",
      "matplotlib==3.10.9",
      "mdurl==0.1.2",
      "minio==7.2.20",
      "ml_dtypes==0.5.4",
      "modelscope==1.37.1",
      "mpmath==1.3.0",
      "multidict==6.7.1",
      "multiprocess==0.70.19",
      "narwhals==2.21.2",
      "networkx==3.6.1",
      "nltk==3.9.4",
      "numba==0.65.1",
      "numpy==2.1.3",
      "nvidia-cublas-cu12==12.4.5.8",
      "nvidia-cuda-cupti-cu12==12.4.127",
      "nvidia-cuda-nvrtc-cu12==12.4.127",
      "nvidia-cuda-runtime-cu12==12.4.127",
      "nvidia-cudnn-cu12==9.1.0.70",
      "nvidia-cufft-cu12==11.2.1.3",
      "nvidia-curand-cu12==10.3.5.147",
      "nvidia-cusolver-cu12==11.6.1.9",
      "nvidia-cusparse-cu12==12.3.1.170",
      "nvidia-cusparselt-cu12==0.6.2",
      "nvidia-ml-py==13.595.45",
      "nvidia-nccl-cu12==2.21.5",
      "nvidia-nvjitlink-cu12==12.4.127",
      "nvidia-nvtx-cu12==12.4.127",
      "ogb==1.3.6",
      "onnx==1.21.0",
      "onnxruntime-gpu==1.26.0",
      "onnxruntime==1.26.0",
      "opencv-python==4.13.0.92",
      "openml==0.15.1",
      "optimum-onnx==0.1.0",
      "optimum==2.1.0",
      "outdated==0.2.2",
      "packaging==26.0",
      "pandas==3.0.3",
      "patsy==1.0.2",
      "peft==0.19.1",
      "pfzy==0.3.4",
      "pillow==12.2.0",
      "pip==24.0",
      "platformdirs==4.10.0",
      "plotly==6.7.0",
      "pluggy==1.6.0",
      "posthog==7.16.2",
      "prompt_toolkit==3.0.52",
      "propcache==0.5.2",
      "protobuf==7.35.0",
      "psutil==7.2.2",
      "pyarrow==24.0.0",
      "pycparser==3.0",
      "pycryptodome==3.23.0",
      "pydantic-settings==2.14.1",
      "pydantic==2.13.4",
      "pydantic_core==2.46.4",
      "pynndescent==0.6.0",
      "pyparsing==3.3.2",
      "pytest==9.0.3",
      "python-dateutil==2.9.0.post0",
      "python-docx==1.2.0",
      "python-dotenv==1.2.2",
      "pytz==2026.2",
      "rank-bm25==0.2.2",
      "regex==2026.5.9",
      "requests==2.34.2",
      "rich==15.0.0",
      "rouge_score==0.1.2",
      "rtdl_num_embeddings==0.0.12",
      "safetensors==0.7.0",
      "scikit-image==0.26.0",
      "scikit-learn==1.8.0",
      "scipy==1.17.1",
      "seaborn==0.13.2",
      "sentence-transformers==5.5.1",
      "sentry-sdk==2.61.0",
      "setuptools==79.0.1",
      "shellingham==1.5.4",
      "six==1.17.0",
      "smmap==5.0.3",
      "spuco==2.0.3",
      "statsmodels==0.14.6",
      "sympy==1.13.1",
      "tabm==0.0.3",
      "tabpfn-common-utils==0.2.21",
      "tabpfn==8.0.3",
      "threadpoolctl==3.6.0",
      "timesfm==1.3.0",
      "timm==1.0.27",
      "tokenizers==0.22.2",
      "toolz==0.12.1",
      "torch==2.6.0+cu124",
      "torchaudio==2.6.0+cu124",
      "torchvision==0.21.0+cu124",
      "tqdm==4.68.1",
      "transformers==4.57.6",
      "triton==3.2.0",
      "ttach==0.0.3",
      "typer==0.25.1",
      "typing-inspection==0.4.2",
      "typing_extensions==4.15.0",
      "tzdata==2026.2",
      "umap-learn==0.5.12",
      "urllib3==2.7.0",
      "utilsforecast==0.2.16",
      "wandb==0.27.0",
      "wcwidth==0.7.0",
      "wheel==0.47.0",
      "wilds==2.0.0",
      "xgboost==3.2.0",
      "xmltodict==1.0.4",
      "xxhash==3.7.0",
      "yarl==1.24.2"
    ],
    "platform": "Linux-6.8.0-124-generic-x86_64-with-glibc2.35",
    "python": "3.11.15",
    "torch": "2.6.0+cu124",
    "torch_backend": {
      "allow_tf32_cudnn": true,
      "allow_tf32_matmul": false,
      "cudnn_benchmark": false,
      "float32_matmul_precision": "highest"
    }
  },
  "schema_version": 3,
  "workload": {
    "batch_size": 1,
    "embedding_dim": 256,
    "ffn_embedding_dim": 256,
    "gaussian_hidden_dim": 128,
    "heads": 8,
    "input_dim": 256,
    "layers": 4,
    "nodes": 1050,
    "return_pair_rep": false,
    "seed": 20260815
  }
}
