/root/stofm-musa-r2/.venv/lib/python3.10/site-packages/transformers/utils/generic.py:485: UserWarning: torch.utils._pytree._register_pytree_node is deprecated. Please use torch.utils._pytree.register_pytree_node instead.
  _torch_pytree._register_pytree_node(
/root/stofm-musa-r2/formal-sources/FlagGems-exact/src/flag_gems/experimental_ops/stofm_backends/mthreads.py:324: UserWarning: Expected query, key and value to all be of dtype: {Half, BFloat16}. Got Query dtype: float, Key dtype: float, and Value dtype: float instead. (Triggered internally at /home/torch_musa/build/generated_cuda_compatible/aten/src/ATen/native/transformers/sdp_utils_cpp.h:111.)
  context = F.scaled_dot_product_attention(
{
  "schema_version": 1,
  "role": "musa_operator_matrix",
  "run_id": "musa-operator-matrix-20260816T110509Z",
  "trial": 3,
  "candidate": {
    "kind": "flagos-backend",
    "label": "Optimized FlagOS MUSA backend"
  },
  "runtime": {
    "torch": "2.2.0",
    "torch_musa": "1.3.0+81caf0a",
    "device": "MTT S4000",
    "capability": [
      2,
      2
    ],
    "total_memory_mib": 49061.67
  },
  "sources": {
    "stofm_revision": "e2c6de9ec902bee5d67a4861b4ef6716a58e0cc4",
    "flaggems_revision": "832c46df4073215d416406181484f9b44594aff2",
    "musa_library_sha256": "a7beac88e8d4b7b999b3620b13234ded848aee22d1a479f66ce9f9744a8e2313"
  },
  "workload": {
    "shapes": [
      256,
      512,
      1050,
      2048
    ],
    "precisions": [
      "fp32",
      "fp16",
      "bf16"
    ],
    "heads": 8,
    "head_dim": 32,
    "gaussian_hidden_dim": 128,
    "seed": 20260816
  },
  "measurement": {
    "timer": "torch.musa.Event with per-sample device synchronization",
    "host_cross_check": "time.perf_counter",
    "warmup": 5,
    "repetitions": 10,
    "calls_per_sample": 1,
    "compile_included": false,
    "inference_mode": true
  },
  "results": [
    {
      "operator": "gaussian_pair_bias",
      "precision": "fp32",
      "nodes": 256,
      "candidate_label": "Optimized FlagOS MUSA backend",
      "validation": {
        "oracle": "MUSA portable PyTorch expression",
        "errors": {
          "max_abs_error": 8.940696716308594e-08,
          "max_relative_error": 0.0193919874727726
        }
      },
      "torch_reference": {
        "sample_count": 10,
        "calls_per_sample": 1,
        "samples_ms": [
          2.065757989883423,
          1.999019980430603,
          2.0012600421905518,
          1.9891599416732788,
          1.9749740362167358,
          1.9911659955978394,
          2.0001540184020996,
          1.9955559968948364,
          2.0020909309387207,
          2.0091300010681152
        ],
        "host_samples_ms": [
          2.1857768297195435,
          2.0208731293678284,
          2.021417021751404,
          2.0090341567993164,
          1.993909478187561,
          2.0107030868530273,
          2.019226551055908,
          2.0154640078544617,
          2.0212754607200623,
          2.028718590736389
        ],
        "peak_allocated_mib": 96.63232421875,
        "peak_delta_allocated_mib": 96.25048828125,
        "p20_ms": 1.9907647848129273,
        "p50_ms": 1.9995869994163513,
        "p80_ms": 2.0034987449646,
        "p95_ms": 2.0402753949165344,
        "mean_ms": 2.0028268933296203,
        "stdev_ms": 0.0239816950512092,
        "coefficient_of_variation": 0.011973923024041575,
        "bootstrap_p50_ci_ms": [
          1.9911659955978394,
          2.0051950216293335
        ],
        "bootstrap_resamples": 4000,
        "host_timing": {
          "p20_ms": 2.010369300842285,
          "p50_ms": 2.0200498402118683,
          "p80_ms": 2.022877335548401,
          "p95_ms": 2.115100622177124,
          "mean_ms": 2.03263983130455,
          "stdev_ms": 0.05464357839208233,
          "coefficient_of_variation": 0.026883059925580634,
          "bootstrap_p50_ci_ms": [
            2.0107030868530273,
            2.0249970257282257
          ],
          "bootstrap_resamples": 4000
        }
      },
      "flagos_candidate": {
        "sample_count": 10,
        "calls_per_sample": 1,
        "samples_ms": [
          0.9237139821052551,
          0.8958119750022888,
          0.8923739790916443,
          0.8789340257644653,
          0.8947830200195312,
          0.8783609867095947,
          0.8702809810638428,
          0.8837929964065552,
          0.8741819858551025,
          0.8805699944496155
        ],
        "host_samples_ms": [
          0.9590834379196167,
          0.9163394570350647,
          0.9118616580963135,
          0.8973181247711182,
          0.9149312973022461,
          0.8980482816696167,
          0.8903369307518005,
          0.9048879146575928,
          0.8928403258323669,
          0.8989647030830383
        ],
        "peak_allocated_mib": 68.3818359375,
        "peak_delta_allocated_mib": 68.0,
        "p20_ms": 0.8775251865386963,
        "p50_ms": 0.8821814954280853,
        "p80_ms": 0.8949888110160827,
        "p95_ms": 0.9111580789089203,
        "mean_ms": 0.8872803926467896,
        "stdev_ms": 0.015453822440623627,
        "coefficient_of_variation": 0.01741706744417547,
        "bootstrap_p50_ci_ms": [
          0.8765580058097839,
          0.8947830200195312
        ],
        "bootstrap_resamples": 4000,
        "host_timing": {
          "p20_ms": 0.8964225649833679,
          "p50_ms": 0.9019263088703156,
          "p80_ms": 0.9152129292488098,
          "p95_ms": 0.9398486465215683,
          "mean_ms": 0.9084612131118774,
          "stdev_ms": 0.019961498611495286,
          "coefficient_of_variation": 0.021972868322158095,
          "bootstrap_p50_ci_ms": [
            0.8958910591900349,
            0.9149312973022461
          ],
          "bootstrap_resamples": 4000
        }
      },
      "p50_speedup": 2.2666390190445296
    },
    {
      "operator": "pair_score_epilogue",
      "precision": "fp32",
      "nodes": 256,
      "candidate_label": "Optimized FlagOS MUSA backend",
      "validation": {
        "oracle": "MUSA portable PyTorch expression",
        "errors": {
          "max_abs_error": 0.0,
          "max_relative_error": 0.0
        }
      },
      "torch_reference": {
        "sample_count": 10,
        "calls_per_sample": 1,
        "samples_ms": [
          0.21803799271583557,
          0.2801569998264313,
          0.22317899763584137,
          0.21537500619888306,
          0.24589699506759644,
          0.28331199288368225,
          0.2417459934949875,
          0.21730999648571014,
          0.2082120031118393,
          0.21571899950504303
        ],
        "host_samples_ms": [
          0.25710463523864746,
          0.29700249433517456,
          0.2794787287712097,
          0.23393332958221436,
          0.26413798332214355,
          0.3012940287590027,
          0.25949627161026,
          0.27016550302505493,
          0.22655725479125977,
          0.23384392261505127
        ],
        "peak_allocated_mib": 7.0,
        "peak_delta_allocated_mib": 4.25,
        "p20_ms": 0.21565020084381104,
        "p50_ms": 0.22060849517583847,
        "p80_ms": 0.2527489960193634,
        "p95_ms": 0.2818922460079193,
        "mean_ms": 0.234894497692585,
        "stdev_ms": 0.027390633158646302,
        "coefficient_of_variation": 0.11660823658157128,
        "bootstrap_p50_ci_ms": [
          0.21571899950504303,
          0.2609514966607094
        ],
        "bootstrap_resamples": 4000,
        "host_timing": {
          "p20_ms": 0.23391544818878174,
          "p50_ms": 0.2618171274662018,
          "p80_ms": 0.2829834818840027,
          "p95_ms": 0.29936283826828003,
          "mean_ms": 0.26230141520500183,
          "stdev_ms": 0.02584561705441335,
          "coefficient_of_variation": 0.09853403586943552,
          "bootstrap_p50_ci_ms": [
            0.23393332958221436,
            0.28057023882865906
          ],
          "bootstrap_resamples": 4000
        }
      },
      "flagos_candidate": {
        "sample_count": 10,
        "calls_per_sample": 1,
        "samples_ms": [
          0.24221199750900269,
          0.22435599565505981,
          0.23271700739860535,
          0.23159299790859222,
          0.22897300124168396,
          0.22758899629116058,
          0.2251179963350296,
          0.2456589937210083,
          0.2226320058107376,
          0.22967299818992615
        ],
        "host_samples_ms": [
          0.2680569887161255,
          0.24391710758209229,
          0.2521499991416931,
          0.25050342082977295,
          0.24775415658950806,
          0.2442672848701477,
          0.24227797985076904,
          0.26866793632507324,
          0.24149566888809204,
          0.24814903736114502
        ],
        "peak_allocated_mib": 5.0,
        "peak_delta_allocated_mib": 2.25,
        "p20_ms": 0.22496559619903564,
        "p50_ms": 0.22932299971580505,
        "p80_ms": 0.2346160054206848,
        "p95_ms": 0.24410784542560576,
        "mean_ms": 0.23105219900608062,
        "stdev_ms": 0.00752873156124998,
        "coefficient_of_variation": 0.0325845483991773,
        "bootstrap_p50_ci_ms": [
          0.2251179963350296,
          0.23690249770879745
        ],
        "bootstrap_resamples": 4000,
        "host_timing": {
          "p20_ms": 0.24358928203582764,
          "p50_ms": 0.24795159697532654,
          "p80_ms": 0.2553313970565796,
          "p95_ms": 0.26839300990104675,
          "mean_ms": 0.2507239580154419,
          "stdev_ms": 0.009913347825477163,
          "coefficient_of_variation": 0.039538893306983486,
          "bootstrap_p50_ci_ms": [
            0.24391710758209229,
            0.2592802047729492
          ],
          "bootstrap_resamples": 4000
        }
      },
      "p50_speedup": 0.9619989946461267
    },
    {
      "operator": "gaussian_pair_bias",
      "precision": "fp32",
      "nodes": 512,
      "candidate_label": "Optimized FlagOS MUSA backend",
      "validation": {
        "oracle": "MUSA portable PyTorch expression",
        "errors": {
          "max_abs_error": 2.2351741790771484e-08,
          "max_relative_error": 0.0550810731947422
        }
      },
      "torch_reference": {
        "sample_count": 10,
        "calls_per_sample": 1,
        "samples_ms": [
          6.163875102996826,
          6.102832794189453,
          6.098995208740234,
          6.08699893951416,
          6.098453044891357,
          6.100918769836426,
          6.075164794921875,
          6.077813148498535,
          6.0664849281311035,
          6.069460868835449
        ],
        "host_samples_ms": [
          6.198137998580933,
          6.123721599578857,
          6.118893623352051,
          6.106384098529816,
          6.118014454841614,
          6.120353937149048,
          6.094925105571747,
          6.09753280878067,
          6.085120141506195,
          6.0888975858688354
        ],
        "peak_allocated_mib": 386.31982421875,
        "peak_delta_allocated_mib": 385.00048828125,
        "p20_ms": 6.07402400970459,
        "p50_ms": 6.092725992202759,
        "p80_ms": 6.101301574707032,
        "p95_ms": 6.136406064033508,
        "mean_ms": 6.094099760055542,
        "stdev_ms": 0.028043898018383275,
        "coefficient_of_variation": 0.004601811444276009,
        "bootstrap_p50_ci_ms": [
          6.073637008666992,
          6.100918769836426
        ],
        "bootstrap_resamples": 4000,
        "host_timing": {
          "p20_ms": 6.0937196016311646,
          "p50_ms": 6.112199276685715,
          "p80_ms": 6.12102746963501,
          "p95_ms": 6.164650619029999,
          "mean_ms": 6.115198135375977,
          "stdev_ms": 0.03231269495175638,
          "coefficient_of_variation": 0.0052839980384003895,
          "bootstrap_p50_ci_ms": [
            6.093215197324753,
            6.120868027210236
          ],
          "bootstrap_resamples": 4000
        }
      },
      "flagos_candidate": {
        "sample_count": 10,
        "calls_per_sample": 1,
        "samples_ms": [
          2.7102088928222656,
          2.7065138816833496,
          2.72251296043396,
          2.6724328994750977,
          2.69468092918396,
          2.684386968612671,
          2.663853883743286,
          2.668487071990967,
          2.6698789596557617,
          2.6650309562683105
        ],
        "host_samples_ms": [
          2.743072807788849,
          2.728767693042755,
          2.742968499660492,
          2.6917308568954468,
          2.715200185775757,
          2.7043670415878296,
          2.682983875274658,
          2.68758088350296,
          2.688951790332794,
          2.6844143867492676
        ],
        "peak_allocated_mib": 273.3193359375,
        "peak_delta_allocated_mib": 272.0,
        "p20_ms": 2.6677958488464357,
        "p50_ms": 2.6784099340438843,
        "p80_ms": 2.7072528839111327,
        "p95_ms": 2.7169761300086974,
        "mean_ms": 2.685798740386963,
        "stdev_ms": 0.02133971135555521,
        "coefficient_of_variation": 0.007945387357088655,
        "bootstrap_p50_ci_ms": [
          2.667454957962036,
          2.7065138816833496
        ],
        "bootstrap_resamples": 4000,
        "host_timing": {
          "p20_ms": 2.6869475841522217,
          "p50_ms": 2.698048949241638,
          "p80_ms": 2.7316078543663025,
          "p95_ms": 2.7430258691310883,
          "mean_ms": 2.707003802061081,
          "stdev_ms": 0.0239579704292545,
          "coefficient_of_variation": 0.00885036452886146,
          "bootstrap_p50_ci_ms": [
            2.68758088350296,
            2.7290843427181244
          ],
          "bootstrap_resamples": 4000
        }
      },
      "p50_speedup": 2.274754851660781
    },
    {
      "operator": "pair_score_epilogue",
      "precision": "fp32",
      "nodes": 512,
      "candidate_label": "Optimized FlagOS MUSA backend",
      "validation": {
        "oracle": "MUSA portable PyTorch expression",
        "errors": {
          "max_abs_error": 0.0,
          "max_relative_error": 0.0
        }
      },
      "torch_reference": {
        "sample_count": 10,
        "calls_per_sample": 1,
        "samples_ms": [
          0.30035001039505005,
          0.325296014547348,
          0.3048839867115021,
          0.29696500301361084,
          0.3348110020160675,
          0.369051992893219,
          0.33219701051712036,
          0.29168298840522766,
          0.29695600271224976,
          0.29795798659324646
        ],
        "host_samples_ms": [
          0.328652560710907,
          0.3421008586883545,
          0.36013126373291016,
          0.31519681215286255,
          0.3537312150001526,
          0.38826465606689453,
          0.3501623868942261,
          0.34376978874206543,
          0.31532347202301025,
          0.31600892543792725
        ],
        "peak_allocated_mib": 26.0,
        "peak_delta_allocated_mib": 16.5,
        "p20_ms": 0.2969632029533386,
        "p50_ms": 0.30261699855327606,
        "p80_ms": 0.33271980881690977,
        "p95_ms": 0.3536435469985008,
        "mean_ms": 0.31501519978046416,
        "stdev_ms": 0.024760525568657876,
        "coefficient_of_variation": 0.07860105031729778,
        "bootstrap_p50_ci_ms": [
          0.29696500301361084,
          0.33219701051712036
        ],
        "bootstrap_resamples": 4000,
        "host_timing": {
          "p20_ms": 0.31587183475494385,
          "p50_ms": 0.34293532371520996,
          "p80_ms": 0.3550112247467041,
          "p95_ms": 0.3756046295166015,
          "mean_ms": 0.34133419394493103,
          "stdev_ms": 0.023465943536470555,
          "coefficient_of_variation": 0.06874770811932314,
          "bootstrap_p50_ci_ms": [
            0.31600892543792725,
            0.3537312150001526
          ],
          "bootstrap_resamples": 4000
        }
      },
      "flagos_candidate": {
        "sample_count": 10,
        "calls_per_sample": 1,
        "samples_ms": [
          0.3195450007915497,
          0.29399600625038147,
          0.2962009906768799,
          0.29902198910713196,
          0.3028390109539032,
          0.3027220070362091,
          0.2957110106945038,
          0.30452799797058105,
          0.2964630126953125,
          0.2977209985256195
        ],
        "host_samples_ms": [
          0.3459528088569641,
          0.3143101930618286,
          0.31813234090805054,
          0.3184080123901367,
          0.3222450613975525,
          0.3187805414199829,
          0.3124922513961792,
          0.3235936164855957,
          0.3150627017021179,
          0.31659752130508423
        ],
        "peak_allocated_mib": 18.0,
        "peak_delta_allocated_mib": 8.5,
        "p20_ms": 0.2961029946804047,
        "p50_ms": 0.29837149381637573,
        "p80_ms": 0.30317680835723876,
        "p95_ms": 0.3127873495221138,
        "mean_ms": 0.3008748024702072,
        "stdev_ms": 0.0074376131753226835,
        "coefficient_of_variation": 0.024719960309933765,
        "bootstrap_p50_ci_ms": [
          0.29608701169490814,
          0.3036250025033951
        ],
        "bootstrap_resamples": 4000,
        "host_timing": {
          "p20_ms": 0.31491219997406006,
          "p50_ms": 0.31827017664909363,
          "p80_ms": 0.32251477241516113,
          "p95_ms": 0.3358911722898483,
          "mean_ms": 0.32055750489234924,
          "stdev_ms": 0.009548694923891987,
          "coefficient_of_variation": 0.029787775291982833,
          "bootstrap_p50_ci_ms": [
            0.3150627017021179,
            0.3222450613975525
          ],
          "bootstrap_resamples": 4000
        }
      },
      "p50_speedup": 1.0142289220816554
    },
    {
      "operator": "gaussian_pair_bias",
      "precision": "fp32",
      "nodes": 1050,
      "candidate_label": "Optimized FlagOS MUSA backend",
      "validation": {
        "oracle": "MUSA portable PyTorch expression",
        "errors": {
          "max_abs_error": 2.0489096641540527e-08,
          "max_relative_error": 1.798462986946106
        }
      },
      "torch_reference": {
        "sample_count": 10,
        "calls_per_sample": 1,
        "samples_ms": [
          23.00872230529785,
          22.951446533203125,
          22.948352813720703,
          23.05681800842285,
          22.91736602783203,
          23.009178161621094,
          22.95363426208496,
          22.921247482299805,
          22.914283752441406,
          22.912229537963867
        ],
        "host_samples_ms": [
          23.042313754558563,
          22.97322452068329,
          22.969447076320648,
          23.07771146297455,
          22.937729954719543,
          23.029305040836334,
          22.974319756031036,
          22.942401468753815,
          22.934608161449432,
          22.932104766368866
        ],
        "peak_allocated_mib": 1624.52392578125,
        "peak_delta_allocated_mib": 1619.19677734375,
        "p20_ms": 22.916749572753908,
        "p50_ms": 22.949899673461914,
        "p80_ms": 23.0088134765625,
        "p95_ms": 23.03538007736206,
        "mean_ms": 22.95932788848877,
        "stdev_ms": 0.04955615326372444,
        "coefficient_of_variation": 0.0021584322286964963,
        "bootstrap_p50_ci_ms": [
          22.91736602783203,
          23.00872230529785
        ],
        "bootstrap_resamples": 4000,
        "host_timing": {
          "p20_ms": 22.93710559606552,
          "p50_ms": 22.97133579850197,
          "p80_ms": 23.03190678358078,
          "p95_ms": 23.061782494187355,
          "mean_ms": 22.981316596269608,
          "stdev_ms": 0.05119516250961914,
          "coefficient_of_variation": 0.00222768622916623,
          "bootstrap_p50_ci_ms": [
            22.937729954719543,
            23.029305040836334
          ],
          "bootstrap_resamples": 4000
        }
      },
      "flagos_candidate": {
        "sample_count": 10,
        "calls_per_sample": 1,
        "samples_ms": [
          9.909497261047363,
          9.794639587402344,
          9.680891036987305,
          9.548311233520508,
          9.562517166137695,
          9.58298397064209,
          9.558313369750977,
          9.54913330078125,
          9.5451021194458,
          9.543041229248047
        ],
        "host_samples_ms": [
          9.947657585144043,
          9.815320372581482,
          9.703397750854492,
          9.568050503730774,
          9.584903717041016,
          9.603239595890045,
          9.577661752700806,
          9.56939160823822,
          9.567834436893463,
          9.563945233821869
        ],
        "peak_allocated_mib": 1149.279296875,
        "peak_delta_allocated_mib": 1143.9521484375,
        "p20_ms": 9.547669410705566,
        "p50_ms": 9.560415267944336,
        "p80_ms": 9.703640747070313,
        "p95_ms": 9.857811307907104,
        "mean_ms": 9.627443027496337,
        "stdev_ms": 0.12807757962296148,
        "coefficient_of_variation": 0.013303384840311922,
        "bootstrap_p50_ci_ms": [
          9.548311233520508,
          9.688811779022217
        ],
        "bootstrap_resamples": 4000,
        "host_timing": {
          "p20_ms": 9.568007290363312,
          "p50_ms": 9.58128273487091,
          "p80_ms": 9.72578227519989,
          "p95_ms": 9.88810583949089,
          "mean_ms": 9.650140255689621,
          "stdev_ms": 0.1324172300964335,
          "coefficient_of_variation": 0.013721793319880682,
          "bootstrap_p50_ci_ms": [
            9.568050503730774,
            9.709279984235764
          ],
          "bootstrap_resamples": 4000
        }
      },
      "p50_speedup": 2.4005128470111488
    },
    {
      "operator": "pair_score_epilogue",
      "precision": "fp32",
      "nodes": 1050,
      "candidate_label": "Optimized FlagOS MUSA backend",
      "validation": {
        "oracle": "MUSA portable PyTorch expression",
        "errors": {
          "max_abs_error": 0.0,
          "max_relative_error": 0.0
        }
      },
      "torch_reference": {
        "sample_count": 10,
        "calls_per_sample": 1,
        "samples_ms": [
          0.7511730194091797,
          0.8197910189628601,
          0.7398409843444824,
          0.7432910203933716,
          0.7317739725112915,
          0.7747640013694763,
          0.7390919923782349,
          0.7446939945220947,
          0.7442830204963684,
          0.7361909747123718
        ],
        "host_samples_ms": [
          0.7806494832038879,
          0.8393004536628723,
          0.7584020495414734,
          0.7611587643623352,
          0.7485747337341309,
          0.8224621415138245,
          0.7868558168411255,
          0.7943063974380493,
          0.76284259557724,
          0.7540881633758545
        ],
        "peak_allocated_mib": 106.1015625,
        "peak_delta_allocated_mib": 69.025390625,
        "p20_ms": 0.7385117888450623,
        "p50_ms": 0.74378702044487,
        "p80_ms": 0.755891215801239,
        "p95_ms": 0.7995288610458373,
        "mean_ms": 0.7524893999099731,
        "stdev_ms": 0.02640362430937592,
        "coefficient_of_variation": 0.0350883671086062,
        "bootstrap_p50_ci_ms": [
          0.7380159795284271,
          0.7597289979457855
        ],
        "bootstrap_resamples": 4000,
        "host_timing": {
          "p20_ms": 0.7575392723083496,
          "p50_ms": 0.771746039390564,
          "p80_ms": 0.7999375462532043,
          "p95_ms": 0.8317232131958008,
          "mean_ms": 0.7808640599250793,
          "stdev_ms": 0.030439409980546533,
          "coefficient_of_variation": 0.03898170186430026,
          "bootstrap_p50_ci_ms": [
            0.7576234638690948,
            0.8015558123588562
          ],
          "bootstrap_resamples": 4000
        }
      },
      "flagos_candidate": {
        "sample_count": 10,
        "calls_per_sample": 1,
        "samples_ms": [
          0.6995779871940613,
          0.6710889935493469,
          0.6604019999504089,
          0.666163980960846,
          0.665723979473114,
          0.659945011138916,
          0.6641340255737305,
          0.6570559740066528,
          0.6557999849319458,
          0.664775013923645
        ],
        "host_samples_ms": [
          0.7253736257553101,
          0.6901845335960388,
          0.6792023777961731,
          0.6849914789199829,
          0.685468316078186,
          0.6769150495529175,
          0.6806924939155579,
          0.675886869430542,
          0.6757006049156189,
          0.6839707493782043
        ],
        "peak_allocated_mib": 72.1015625,
        "peak_delta_allocated_mib": 35.025390625,
        "p20_ms": 0.6593672037124634,
        "p50_ms": 0.6644545197486877,
        "p80_ms": 0.6671489834785461,
        "p95_ms": 0.6867579400539398,
        "mean_ms": 0.6664666950702667,
        "stdev_ms": 0.012509209798378057,
        "coefficient_of_variation": 0.018769444731306775,
        "bootstrap_p50_ci_ms": [
          0.659945011138916,
          0.6684064865112305
        ],
        "bootstrap_resamples": 4000,
        "host_timing": {
          "p20_ms": 0.6767094135284424,
          "p50_ms": 0.6823316216468811,
          "p80_ms": 0.6864115595817566,
          "p95_ms": 0.709538534283638,
          "mean_ms": 0.6858386099338531,
          "stdev_ms": 0.0146750600292396,
          "coefficient_of_variation": 0.0213972497562582,
          "bootstrap_p50_ci_ms": [
            0.6769150495529175,
            0.6875880062580109
          ],
          "bootstrap_resamples": 4000
        }
      },
      "p50_speedup": 1.1193949297330201
    },
    {
      "operator": "gaussian_pair_bias",
      "precision": "fp32",
      "nodes": 2048,
      "candidate_label": "Optimized FlagOS MUSA backend",
      "validation": {
        "oracle": "MUSA portable PyTorch expression",
        "errors": {
          "max_abs_error": 3.3527612686157227e-08,
          "max_relative_error": 1.377706527709961
        }
      },
      "torch_reference": {
        "sample_count": 10,
        "calls_per_sample": 1,
        "samples_ms": [
          85.19791412353516,
          85.09886932373047,
          85.19083404541016,
          85.10844421386719,
          84.80897521972656,
          85.36601257324219,
          85.26599884033203,
          85.84133911132812,
          85.50767517089844,
          86.2413330078125
        ],
        "host_samples_ms": [
          85.23422479629517,
          85.12325584888458,
          85.21445095539093,
          85.13082563877106,
          84.83067899942398,
          85.38743853569031,
          85.28662472963333,
          85.8626589179039,
          85.55643260478973,
          86.27774566411972
        ],
        "peak_allocated_mib": 6180.06982421875,
        "peak_delta_allocated_mib": 6160.00048828125,
        "p20_ms": 85.10652923583984,
        "p50_ms": 85.2319564819336,
        "p80_ms": 85.57440795898438,
        "p95_ms": 86.06133575439453,
        "mean_ms": 85.36273956298828,
        "stdev_ms": 0.41217947648230563,
        "coefficient_of_variation": 0.004828564296230941,
        "bootstrap_p50_ci_ms": [
          85.10844421386719,
          85.60367584228516
        ],
        "bootstrap_resamples": 4000,
        "host_timing": {
          "p20_ms": 85.12931168079376,
          "p50_ms": 85.26042476296425,
          "p80_ms": 85.61767786741257,
          "p95_ms": 86.0909566283226,
          "mean_ms": 85.39043366909027,
          "stdev_ms": 0.41581738916915234,
          "coefficient_of_variation": 0.004869601561933165,
          "bootstrap_p50_ci_ms": [
            85.13082563877106,
            85.6250487267971
          ],
          "bootstrap_resamples": 4000
        }
      },
      "flagos_candidate": {
        "sample_count": 10,
        "calls_per_sample": 1,
        "samples_ms": [
          35.47342300415039,
          35.47842788696289,
          35.82329177856445,
          36.23398971557617,
          36.0344352722168,
          35.57207489013672,
          35.46305847167969,
          35.36094665527344,
          35.32859802246094,
          35.88494110107422
        ],
        "host_samples_ms": [
          35.508520901203156,
          35.499535501003265,
          35.84637492895126,
          36.26047074794769,
          36.0579788684845,
          35.599008202552795,
          35.485804080963135,
          35.384297370910645,
          35.349637269973755,
          35.90531647205353
        ],
        "peak_allocated_mib": 4372.0693359375,
        "peak_delta_allocated_mib": 4352.0,
        "p20_ms": 35.44263610839844,
        "p50_ms": 35.525251388549805,
        "p80_ms": 35.91483993530274,
        "p95_ms": 36.14419021606445,
        "mean_ms": 35.66531867980957,
        "stdev_ms": 0.30915694663263416,
        "coefficient_of_variation": 0.008668279383906092,
        "bootstrap_p50_ci_ms": [
          35.417184829711914,
          35.928863525390625
        ],
        "bootstrap_resamples": 4000,
        "host_timing": {
          "p20_ms": 35.46550273895264,
          "p50_ms": 35.553764551877975,
          "p80_ms": 35.93584895133972,
          "p95_ms": 36.169349402189255,
          "mean_ms": 35.68969443440437,
          "stdev_ms": 0.30914693457411097,
          "coefficient_of_variation": 0.00866207849277907,
          "bootstrap_p50_ci_ms": [
            35.441916435956955,
            35.95217689871788
          ],
          "bootstrap_resamples": 4000
        }
      },
      "p50_speedup": 2.399193620045848
    },
    {
      "operator": "pair_score_epilogue",
      "precision": "fp32",
      "nodes": 2048,
      "candidate_label": "Optimized FlagOS MUSA backend",
      "validation": {
        "oracle": "MUSA portable PyTorch expression",
        "errors": {
          "max_abs_error": 0.0,
          "max_relative_error": 0.0
        }
      },
      "torch_reference": {
        "sample_count": 10,
        "calls_per_sample": 1,
        "samples_ms": [
          1.754423975944519,
          1.7499589920043945,
          1.7554949522018433,
          1.7468760013580322,
          1.7461090087890625,
          1.7789299488067627,
          1.7477099895477295,
          1.7505539655685425,
          1.745231032371521,
          1.7449380159378052
        ],
        "host_samples_ms": [
          1.7851442098617554,
          1.7706677317619324,
          1.7748773097991943,
          1.7661526799201965,
          1.7639026045799255,
          1.8286630511283875,
          1.7984285950660706,
          1.7989352345466614,
          1.766689121723175,
          1.7651766538619995
        ],
        "peak_allocated_mib": 392.0,
        "peak_delta_allocated_mib": 258.0,
        "p20_ms": 1.7459334135055542,
        "p50_ms": 1.748834490776062,
        "p80_ms": 1.754638171195984,
        "p95_ms": 1.768384200334549,
        "mean_ms": 1.7520225882530212,
        "stdev_ms": 0.010135843936752858,
        "coefficient_of_variation": 0.005785224462693442,
        "bootstrap_p50_ci_ms": [
          1.7460535168647766,
          1.754423975944519
        ],
        "bootstrap_resamples": 4000,
        "host_timing": {
          "p20_ms": 1.7659574747085571,
          "p50_ms": 1.7727725207805634,
          "p80_ms": 1.7985299229621887,
          "p95_ms": 1.8152855336666107,
          "mean_ms": 1.7818637192249298,
          "stdev_ms": 0.021132113107436075,
          "coefficient_of_variation": 0.011859556305814489,
          "bootstrap_p50_ci_ms": [
            1.7659328877925873,
            1.7984285950660706
          ],
          "bootstrap_resamples": 4000
        }
      },
      "flagos_candidate": {
        "sample_count": 10,
        "calls_per_sample": 1,
        "samples_ms": [
          1.4082030057907104,
          1.3897780179977417,
          1.3846650123596191,
          1.3843990564346313,
          1.3898580074310303,
          1.3907530307769775,
          1.382917046546936,
          1.383286952972412,
          1.3818869590759277,
          1.3901610374450684
        ],
        "host_samples_ms": [
          1.4349818229675293,
          1.4095380902290344,
          1.4060735702514648,
          1.4033243060112,
          1.4112666249275208,
          1.4088302850723267,
          1.3997256755828857,
          1.402929425239563,
          1.4016032218933105,
          1.409672200679779
        ],
        "peak_allocated_mib": 264.0,
        "peak_delta_allocated_mib": 130.0,
        "p20_ms": 1.383212971687317,
        "p50_ms": 1.3872215151786804,
        "p80_ms": 1.39027943611145,
        "p95_ms": 1.4003505170345307,
        "mean_ms": 1.3885908126831055,
        "stdev_ms": 0.007695894159141993,
        "coefficient_of_variation": 0.0055422332402384235,
        "bootstrap_p50_ci_ms": [
          1.383286952972412,
          1.390305519104004
        ],
        "bootstrap_resamples": 4000,
        "host_timing": {
          "p20_ms": 1.4026641845703125,
          "p50_ms": 1.4074519276618958,
          "p80_ms": 1.4099910855293274,
          "p95_ms": 1.4243099838495255,
          "mean_ms": 1.4087945222854614,
          "stdev_ms": 0.009993861957191935,
          "coefficient_of_variation": 0.007093910289329544,
          "bootstrap_p50_ci_ms": [
            1.4024637639522552,
            1.4104023575782776
          ],
          "bootstrap_resamples": 4000
        }
      },
      "p50_speedup": 1.2606742842730523
    },
    {
      "operator": "gaussian_pair_bias",
      "precision": "fp16",
      "nodes": 256,
      "candidate_label": "Optimized FlagOS MUSA backend",
      "validation": {
        "oracle": "MUSA portable PyTorch expression",
        "errors": {
          "max_abs_error": 7.62939453125e-06,
          "max_relative_error": 0.002298850566148758
        }
      },
      "torch_reference": {
        "sample_count": 10,
        "calls_per_sample": 1,
        "samples_ms": [
          2.1956539154052734,
          2.1460399627685547,
          2.162476062774658,
          2.163224935531616,
          2.1385300159454346,
          2.1346559524536133,
          2.150099992752075,
          2.1325020790100098,
          2.1423048973083496,
          2.1318271160125732
        ],
        "host_samples_ms": [
          2.2268742322921753,
          2.166636288166046,
          2.181895077228546,
          2.183191478252411,
          2.1575242280960083,
          2.1540075540542603,
          2.168983221054077,
          2.1513476967811584,
          2.162270247936249,
          2.1514147520065308
        ],
        "peak_allocated_mib": 96.79345703125,
        "peak_delta_allocated_mib": 96.56982421875,
        "p20_ms": 2.1342251777648924,
        "p50_ms": 2.144172430038452,
        "p80_ms": 2.1626258373260496,
        "p95_ms": 2.1810608744621276,
        "mean_ms": 2.149731492996216,
        "stdev_ms": 0.01969897874810262,
        "coefficient_of_variation": 0.009163460093635655,
        "bootstrap_p50_ci_ms": [
          2.1346559524536133,
          2.162476062774658
        ],
        "bootstrap_resamples": 4000,
        "host_timing": {
          "p20_ms": 2.1534889936447144,
          "p50_ms": 2.1644532680511475,
          "p80_ms": 2.182154357433319,
          "p95_ms": 2.2072169929742813,
          "mean_ms": 2.170414477586746,
          "stdev_ms": 0.02291357888737129,
          "coefficient_of_variation": 0.01055723647441229,
          "bootstrap_p50_ci_ms": [
            2.1540075540542603,
            2.181895077228546
          ],
          "bootstrap_resamples": 4000
        }
      },
      "flagos_candidate": {
        "sample_count": 10,
        "calls_per_sample": 1,
        "samples_ms": [
          1.0610220432281494,
          1.0470960140228271,
          1.0534729957580566,
          1.0385830402374268,
          1.039862036705017,
          1.0411930084228516,
          1.0523320436477661,
          1.037513017654419,
          1.0509469509124756,
          1.0422559976577759
        ],
        "host_samples_ms": [
          1.0902732610702515,
          1.0694265365600586,
          1.0736212134361267,
          1.058325171470642,
          1.0600462555885315,
          1.060768961906433,
          1.0709688067436218,
          1.0564997792243958,
          1.0696947574615479,
          1.0611265897750854
        ],
        "peak_allocated_mib": 69.54296875,
        "peak_delta_allocated_mib": 69.3193359375,
        "p20_ms": 1.039606237411499,
        "p50_ms": 1.0446760058403015,
        "p80_ms": 1.0525602340698241,
        "p95_ms": 1.0576249718666078,
        "mean_ms": 1.0464277148246766,
        "stdev_ms": 0.007798047276134668,
        "coefficient_of_variation": 0.007452064930678169,
        "bootstrap_p50_ci_ms": [
          1.039862036705017,
          1.0523320436477661
        ],
        "bootstrap_resamples": 4000,
        "host_timing": {
          "p20_ms": 1.0597020387649536,
          "p50_ms": 1.065276563167572,
          "p80_ms": 1.0714992880821228,
          "p95_ms": 1.0827798396348953,
          "mean_ms": 1.0670751333236694,
          "stdev_ms": 0.010118819395086964,
          "coefficient_of_variation": 0.009482761877853341,
          "bootstrap_p50_ci_ms": [
            1.0595470666885376,
            1.0716579854488373
          ],
          "bootstrap_resamples": 4000
        }
      },
      "p50_speedup": 2.052476000263597
    },
    {
      "operator": "pair_score_epilogue",
      "precision": "fp16",
      "nodes": 256,
      "candidate_label": "Optimized FlagOS MUSA backend",
      "validation": {
        "oracle": "MUSA portable PyTorch expression",
        "errors": {
          "max_abs_error": 0.001953125,
          "max_relative_error": 51.342857360839844
        }
      },
      "torch_reference": {
        "sample_count": 10,
        "calls_per_sample": 1,
        "samples_ms": [
          0.20570799708366394,
          0.1774889975786209,
          0.2657639980316162,
          0.20941300690174103,
          0.27199500799179077,
          0.2614220082759857,
          0.17425300180912018,
          0.19698500633239746,
          0.1686049997806549,
          0.20035900175571442
        ],
        "host_samples_ms": [
          0.2442970871925354,
          0.19790977239608765,
          0.2878904342651367,
          0.22882968187332153,
          0.28780102729797363,
          0.2779364585876465,
          0.22773444652557373,
          0.2505853772163391,
          0.18631666898727417,
          0.21774321794509888
        ],
        "peak_allocated_mib": 3.5,
        "peak_delta_allocated_mib": 2.125,
        "p20_ms": 0.17684179842472075,
        "p50_ms": 0.20303349941968918,
        "p80_ms": 0.2622904062271118,
        "p95_ms": 0.26919105350971223,
        "mean_ms": 0.21319930255413055,
        "stdev_ms": 0.039192312196378705,
        "coefficient_of_variation": 0.1838294578211761,
        "bootstrap_p50_ci_ms": [
          0.1774889975786209,
          0.2614220082759857
        ],
        "bootstrap_resamples": 4000,
        "host_timing": {
          "p20_ms": 0.21377652883529663,
          "p50_ms": 0.23656338453292847,
          "p80_ms": 0.2799093723297119,
          "p95_ms": 0.28785020112991333,
          "mean_ms": 0.24070441722869873,
          "stdev_ms": 0.03585035467474392,
          "coefficient_of_variation": 0.14893933018554323,
          "bootstrap_p50_ci_ms": [
            0.2133697271347046,
            0.2779364585876465
          ],
          "bootstrap_resamples": 4000
        }
      },
      "flagos_candidate": {
        "sample_count": 10,
        "calls_per_sample": 1,
        "samples_ms": [
          0.3108389973640442,
          0.1997690051794052,
          0.229993999004364,
          0.17716500163078308,
          0.21924500167369843,
          0.17752599716186523,
          0.21986199915409088,
          0.18292999267578125,
          0.21791799366474152,
          0.1777079999446869
        ],
        "host_samples_ms": [
          0.342048704624176,
          0.21914392709732056,
          0.2481117844581604,
          0.19640475511550903,
          0.2372264862060547,
          0.19643455743789673,
          0.23858249187469482,
          0.20147114992141724,
          0.23645907640457153,
          0.1963302493095398
        ],
        "peak_allocated_mib": 1.5078125,
        "peak_delta_allocated_mib": 0.1328125,
        "p20_ms": 0.17767159938812255,
        "p50_ms": 0.20884349942207336,
        "p80_ms": 0.2218883991241455,
        "p95_ms": 0.274458748102188,
        "mean_ms": 0.21129559874534606,
        "stdev_ms": 0.04056521652952051,
        "coefficient_of_variation": 0.19198325365219654,
        "bootstrap_p50_ci_ms": [
          0.1777079999446869,
          0.22461950033903122
        ],
        "bootstrap_resamples": 4000,
        "host_timing": {
          "p20_ms": 0.1964285969734192,
          "p50_ms": 0.22780150175094604,
          "p80_ms": 0.24048835039138794,
          "p95_ms": 0.2997770905494689,
          "mean_ms": 0.23122131824493408,
          "stdev_ms": 0.043914455769518884,
          "coefficient_of_variation": 0.1899239053857484,
          "bootstrap_p50_ci_ms": [
            0.19643455743789673,
            0.24266913533210754
          ],
          "bootstrap_resamples": 4000
        }
      },
      "p50_speedup": 0.9721801252207417
    },
    {
      "operator": "gaussian_pair_bias",
      "precision": "fp16",
      "nodes": 512,
      "candidate_label": "Optimized FlagOS MUSA backend",
      "validation": {
        "oracle": "MUSA portable PyTorch expression",
        "errors": {
          "max_abs_error": 6.103515625e-05,
          "max_relative_error": 0.0008726003579795361
        }
      },
      "torch_reference": {
        "sample_count": 10,
        "calls_per_sample": 1,
        "samples_ms": [
          6.29705810546875,
          6.254548072814941,
          6.273166179656982,
          6.219696998596191,
          6.241256237030029,
          6.234048843383789,
          6.223402976989746,
          6.243566989898682,
          6.2452712059021,
          6.221035957336426
        ],
        "host_samples_ms": [
          6.330512464046478,
          6.2751248478889465,
          6.293438374996185,
          6.239928305149078,
          6.260603666305542,
          6.253361701965332,
          6.243079900741577,
          6.262965500354767,
          6.264299154281616,
          6.243683397769928
        ],
        "peak_allocated_mib": 386.85595703125,
        "peak_delta_allocated_mib": 386.06982421875,
        "p20_ms": 6.222929573059082,
        "p50_ms": 6.2424116134643555,
        "p80_ms": 6.25827169418335,
        "p95_ms": 6.286306738853455,
        "mean_ms": 6.245305156707763,
        "stdev_ms": 0.02451900350637236,
        "coefficient_of_variation": 0.003925989666019402,
        "bootstrap_p50_ci_ms": [
          6.223402976989746,
          6.258366584777832
        ],
        "bootstrap_resamples": 4000,
        "host_timing": {
          "p20_ms": 6.243562698364258,
          "p50_ms": 6.261784583330154,
          "p80_ms": 6.278787553310394,
          "p95_ms": 6.313829123973846,
          "mean_ms": 6.266699731349945,
          "stdev_ms": 0.027682991299262473,
          "coefficient_of_variation": 0.00441747530375117,
          "bootstrap_p50_ci_ms": [
            6.243683397769928,
            6.278868764638901
          ],
          "bootstrap_resamples": 4000
        }
      },
      "flagos_candidate": {
        "sample_count": 10,
        "calls_per_sample": 1,
        "samples_ms": [
          2.883629083633423,
          2.8581430912017822,
          2.84430193901062,
          2.866313934326172,
          2.84824800491333,
          2.8699491024017334,
          2.858407974243164,
          2.845484972000122,
          2.845916986465454,
          2.837702989578247
        ],
        "host_samples_ms": [
          2.9157698154449463,
          2.8786733746528625,
          2.8643161058425903,
          2.886451780796051,
          2.8683170676231384,
          2.8895437717437744,
          2.877436578273773,
          2.8664693236351013,
          2.8652697801589966,
          2.857118844985962
        ],
        "peak_allocated_mib": 277.85546875,
        "peak_delta_allocated_mib": 277.0693359375,
        "p20_ms": 2.8452483654022216,
        "p50_ms": 2.853195548057556,
        "p80_ms": 2.8670409679412843,
        "p95_ms": 2.8774730920791627,
        "mean_ms": 2.855809807777405,
        "stdev_ms": 0.014213850973397746,
        "coefficient_of_variation": 0.00497717002535963,
        "bootstrap_p50_ci_ms": [
          2.845109462738037,
          2.866313934326172
        ],
        "bootstrap_resamples": 4000,
        "host_timing": {
          "p20_ms": 2.8650790452957153,
          "p50_ms": 2.872876822948456,
          "p80_ms": 2.8870701789855957,
          "p95_ms": 2.903968095779419,
          "mean_ms": 2.8769366443157196,
          "stdev_ms": 0.017103474682299745,
          "coefficient_of_variation": 0.005945030008253036,
          "bootstrap_p50_ci_ms": [
            2.8652697801589966,
            2.886451780796051
          ],
          "bootstrap_resamples": 4000
        }
      },
      "p50_speedup": 2.187866729889637
    },
    {
      "operator": "pair_score_epilogue",
      "precision": "fp16",
      "nodes": 512,
      "candidate_label": "Optimized FlagOS MUSA backend",
      "validation": {
        "oracle": "MUSA portable PyTorch expression",
        "errors": {
          "max_abs_error": 0.0029296875,
          "max_relative_error": 79.35714721679688
        }
      },
      "torch_reference": {
        "sample_count": 10,
        "calls_per_sample": 1,
        "samples_ms": [
          0.23535999655723572,
          0.2290859967470169,
          0.2997249960899353,
          0.26274898648262024,
          0.27286601066589355,
          0.2891570031642914,
          0.22133100032806396,
          0.2262289971113205,
          0.22350600361824036,
          0.22981299459934235
        ],
        "host_samples_ms": [
          0.26644766330718994,
          0.24799257516860962,
          0.3184676170349121,
          0.28011947870254517,
          0.2887248992919922,
          0.3049224615097046,
          0.2695620059967041,
          0.2773478627204895,
          0.24103373289108276,
          0.24697184562683105
        ],
        "peak_allocated_mib": 13.0,
        "peak_delta_allocated_mib": 8.25,
        "p20_ms": 0.22568439841270446,
        "p50_ms": 0.23258649557828903,
        "p80_ms": 0.2761242091655731,
        "p95_ms": 0.29496939927339555,
        "mean_ms": 0.24898219853639603,
        "stdev_ms": 0.02949392106779886,
        "coefficient_of_variation": 0.11845795097470577,
        "bootstrap_p50_ci_ms": [
          0.2262289971113205,
          0.27286601066589355
        ],
        "bootstrap_resamples": 4000,
        "host_timing": {
          "p20_ms": 0.2477884292602539,
          "p50_ms": 0.2734549343585968,
          "p80_ms": 0.29196441173553467,
          "p95_ms": 0.3123722970485687,
          "mean_ms": 0.2741590142250061,
          "stdev_ms": 0.025318436895455126,
          "coefficient_of_variation": 0.09234945991845424,
          "bootstrap_p50_ci_ms": [
            0.24799257516860962,
            0.29113516211509705
          ],
          "bootstrap_resamples": 4000
        }
      },
      "flagos_candidate": {
        "sample_count": 10,
        "calls_per_sample": 1,
        "samples_ms": [
          0.3442389965057373,
          0.22200599312782288,
          0.25366899371147156,
          0.2052610069513321,
          0.2397329956293106,
          0.19890600442886353,
          0.23813100159168243,
          0.19788600504398346,
          0.24041099846363068,
          0.1980219930410385
        ],
        "host_samples_ms": [
          0.3730952739715576,
          0.24197250604629517,
          0.27276575565338135,
          0.22322684526443481,
          0.258028507232666,
          0.2169385552406311,
          0.2565830945968628,
          0.2162531018257141,
          0.2586543560028076,
          0.21585822105407715
        ],
        "peak_allocated_mib": 5.015625,
        "peak_delta_allocated_mib": 0.265625,
        "p20_ms": 0.19872920215129852,
        "p50_ms": 0.23006849735975266,
        "p80_ms": 0.24306259751319886,
        "p95_ms": 0.3034824952483176,
        "mean_ms": 0.2338263988494873,
        "stdev_ms": 0.04400789028853116,
        "coefficient_of_variation": 0.18820753561217346,
        "bootstrap_p50_ci_ms": [
          0.19890600442886353,
          0.24670099467039108
        ],
        "bootstrap_resamples": 4000,
        "host_timing": {
          "p20_ms": 0.2168014645576477,
          "p50_ms": 0.24927780032157898,
          "p80_ms": 0.26147663593292236,
          "p95_ms": 0.3279469907283782,
          "mean_ms": 0.2533376216888428,
          "stdev_ms": 0.04704706469664119,
          "coefficient_of_variation": 0.18570895385773326,
          "bootstrap_p50_ci_ms": [
            0.2169385552406311,
            0.2653971314430237
          ],
          "bootstrap_resamples": 4000
        }
      },
      "p50_speedup": 1.0109445588919506
    },
    {
      "operator": "gaussian_pair_bias",
      "precision": "fp16",
      "nodes": 1050,
      "candidate_label": "Optimized FlagOS MUSA backend",
      "validation": {
        "oracle": "MUSA portable PyTorch expression",
        "errors": {
          "max_abs_error": 1.52587890625e-05,
          "max_relative_error": 0.0117647061124444
        }
      },
      "torch_reference": {
        "sample_count": 10,
        "calls_per_sample": 1,
        "samples_ms": [
          23.240097045898438,
          23.232345581054688,
          23.129640579223633,
          23.19370460510254,
          23.188732147216797,
          23.17854118347168,
          23.1466121673584,
          23.170166015625,
          23.117624282836914,
          23.14637565612793
        ],
        "host_samples_ms": [
          23.274116218090057,
          23.252688348293304,
          23.14981073141098,
          23.21435511112213,
          23.210033774375916,
          23.19812774658203,
          23.16625416278839,
          23.189954459667206,
          23.137934505939484,
          23.16638082265854
        ],
        "peak_allocated_mib": 1626.6630859375,
        "peak_delta_allocated_mib": 1623.47216796875,
        "p20_ms": 23.14302864074707,
        "p50_ms": 23.17435359954834,
        "p80_ms": 23.20143280029297,
        "p95_ms": 23.23660888671875,
        "mean_ms": 23.174383926391602,
        "stdev_ms": 0.04092182135375397,
        "coefficient_of_variation": 0.0017658213259836052,
        "bootstrap_p50_ci_ms": [
          23.138126373291016,
          23.210538864135742
        ],
        "bootstrap_resamples": 4000,
        "host_timing": {
          "p20_ms": 23.16296547651291,
          "p50_ms": 23.19404110312462,
          "p80_ms": 23.222021758556366,
          "p95_ms": 23.26447367668152,
          "mean_ms": 23.195965588092804,
          "stdev_ms": 0.043662587520897675,
          "coefficient_of_variation": 0.0018823354154013322,
          "bootstrap_p50_ci_ms": [
            23.15809577703476,
            23.23136106133461
          ],
          "bootstrap_resamples": 4000
        }
      },
      "flagos_candidate": {
        "sample_count": 10,
        "calls_per_sample": 1,
        "samples_ms": [
          10.00035285949707,
          9.847771644592285,
          9.81081771850586,
          9.835945129394531,
          9.813875198364258,
          9.800472259521484,
          9.812896728515625,
          9.7981538772583,
          9.80578899383545,
          9.81906795501709
        ],
        "host_samples_ms": [
          10.032780468463898,
          9.871743619441986,
          9.831637144088745,
          9.856641292572021,
          9.835489094257355,
          9.822376072406769,
          9.833008050918579,
          9.817637503147125,
          9.827844798564911,
          9.839825332164764
        ],
        "peak_allocated_mib": 1168.24169921875,
        "peak_delta_allocated_mib": 1165.05078125,
        "p20_ms": 9.804725646972656,
        "p50_ms": 9.813385963439941,
        "p80_ms": 9.838310432434081,
        "p95_ms": 9.931691312789917,
        "mean_ms": 9.834514236450195,
        "stdev_ms": 0.0602584487498208,
        "coefficient_of_variation": 0.006127242007183399,
        "bootstrap_p50_ci_ms": [
          9.80578899383545,
          9.835945129394531
        ],
        "bootstrap_resamples": 4000,
        "host_timing": {
          "p20_ms": 9.826751053333282,
          "p50_ms": 9.834248572587967,
          "p80_ms": 9.859661757946014,
          "p95_ms": 9.960313886404037,
          "mean_ms": 9.856898337602615,
          "stdev_ms": 0.06384964750554457,
          "coefficient_of_variation": 0.006477661158578412,
          "bootstrap_p50_ci_ms": [
            9.827006608247757,
            9.856641292572021
          ],
          "bootstrap_resamples": 4000
        }
      },
      "p50_speedup": 2.361504345786977
    },
    {
      "operator": "pair_score_epilogue",
      "precision": "fp16",
      "nodes": 1050,
      "candidate_label": "Optimized FlagOS MUSA backend",
      "validation": {
        "oracle": "MUSA portable PyTorch expression",
        "errors": {
          "max_abs_error": 0.001953125,
          "max_relative_error": 463.0
        }
      },
      "torch_reference": {
        "sample_count": 10,
        "calls_per_sample": 1,
        "samples_ms": [
          0.5503100156784058,
          0.5437039732933044,
          0.5382530093193054,
          0.5757049918174744,
          0.6083549857139587,
          0.5748010277748108,
          0.5429750084877014,
          0.5390300154685974,
          0.5404049754142761,
          0.5357789993286133
        ],
        "host_samples_ms": [
          0.5813688039779663,
          0.5620867013931274,
          0.5582869052886963,
          0.5941540002822876,
          0.6619393825531006,
          0.622779130935669,
          0.5587786436080933,
          0.5864202976226807,
          0.5587339401245117,
          0.553816556930542
        ],
        "peak_allocated_mib": 52.5205078125,
        "peak_delta_allocated_mib": 34.1591796875,
        "p20_ms": 0.5388746142387391,
        "p50_ms": 0.5433394908905029,
        "p80_ms": 0.5749818205833435,
        "p95_ms": 0.5936624884605407,
        "mean_ms": 0.5549317002296448,
        "stdev_ms": 0.023757210705329535,
        "coefficient_of_variation": 0.042811053496309905,
        "bootstrap_p50_ci_ms": [
          0.5390300154685974,
          0.5748010277748108
        ],
        "bootstrap_resamples": 4000,
        "host_timing": {
          "p20_ms": 0.5586445331573486,
          "p50_ms": 0.5717277526855469,
          "p80_ms": 0.5998790264129639,
          "p95_ms": 0.6443172693252563,
          "mean_ms": 0.5838364362716675,
          "stdev_ms": 0.034993447487663004,
          "coefficient_of_variation": 0.05993707366249415,
          "bootstrap_p50_ci_ms": [
            0.5585327744483948,
            0.6045997142791748
          ],
          "bootstrap_resamples": 4000
        }
      },
      "flagos_candidate": {
        "sample_count": 10,
        "calls_per_sample": 1,
        "samples_ms": [
          0.3756060004234314,
          0.27170199155807495,
          0.30382999777793884,
          0.25697699189186096,
          0.29507601261138916,
          0.2572300136089325,
          0.308788001537323,
          0.25428199768066406,
          0.2920919954776764,
          0.25109899044036865
        ],
        "host_samples_ms": [
          0.4042387008666992,
          0.29061734676361084,
          0.32232701778411865,
          0.2751871943473816,
          0.31328946352005005,
          0.2751350402832031,
          0.3271028399467468,
          0.27211010456085205,
          0.3097951412200928,
          0.2691596746444702
        ],
        "peak_allocated_mib": 18.90625,
        "peak_delta_allocated_mib": 0.544921875,
        "p20_ms": 0.25643799304962156,
        "p50_ms": 0.28189699351787567,
        "p80_ms": 0.30482159852981566,
        "p95_ms": 0.34553790092468256,
        "mean_ms": 0.286668199300766,
        "stdev_ms": 0.03812268347626087,
        "coefficient_of_variation": 0.13298539415689908,
        "bootstrap_p50_ci_ms": [
          0.2557560056447983,
          0.30382999777793884
        ],
        "bootstrap_resamples": 4000,
        "host_timing": {
          "p20_ms": 0.2745300531387329,
          "p50_ms": 0.3002062439918518,
          "p80_ms": 0.3232821822166443,
          "p95_ms": 0.36952756345272053,
          "mean_ms": 0.30589625239372253,
          "stdev_ms": 0.04092623552390657,
          "coefficient_of_variation": 0.13379122890080375,
          "bootstrap_p50_ci_ms": [
            0.2736486494541168,
            0.32232701778411865
          ],
          "bootstrap_resamples": 4000
        }
      },
      "p50_speedup": 1.9274398215816682
    },
    {
      "operator": "gaussian_pair_bias",
      "precision": "fp16",
      "nodes": 2048,
      "candidate_label": "Optimized FlagOS MUSA backend",
      "validation": {
        "oracle": "MUSA portable PyTorch expression",
        "errors": {
          "max_abs_error": 1.52587890625e-05,
          "max_relative_error": 0.0043668122962117195
        }
      },
      "torch_reference": {
        "sample_count": 10,
        "calls_per_sample": 1,
        "samples_ms": [
          85.53948974609375,
          85.32100677490234,
          86.2284164428711,
          85.7225570678711,
          85.6064682006836,
          85.44145202636719,
          85.47740173339844,
          85.4091567993164,
          85.35071563720703,
          86.05826568603516
        ],
        "host_samples_ms": [
          85.57699620723724,
          85.34516394138336,
          86.2504169344902,
          85.74766665697098,
          85.62958240509033,
          85.46889573335648,
          85.5080857872963,
          85.4339748620987,
          85.37532389163971,
          86.08077466487885
        ],
        "peak_allocated_mib": 6188.10595703125,
        "peak_delta_allocated_mib": 6176.06982421875,
        "p20_ms": 85.39746856689453,
        "p50_ms": 85.5084457397461,
        "p80_ms": 85.78969879150391,
        "p95_ms": 86.15184860229492,
        "mean_ms": 85.61549301147461,
        "stdev_ms": 0.30510594322172646,
        "coefficient_of_variation": 0.0035636767656157123,
        "bootstrap_p50_ci_ms": [
          85.39608383178711,
          85.83236694335938
        ],
        "bootstrap_resamples": 4000,
        "host_timing": {
          "p20_ms": 85.4222446680069,
          "p50_ms": 85.54254099726677,
          "p80_ms": 85.81428825855255,
          "p95_ms": 86.17407791316509,
          "mean_ms": 85.64168810844421,
          "stdev_ms": 0.30343201435892486,
          "coefficient_of_variation": 0.0035430410243046887,
          "bootstrap_p50_ci_ms": [
            85.4339748620987,
            85.85517853498459
          ],
          "bootstrap_resamples": 4000
        }
      },
      "flagos_candidate": {
        "sample_count": 10,
        "calls_per_sample": 1,
        "samples_ms": [
          36.03657150268555,
          36.406272888183594,
          36.26653289794922,
          36.36730194091797,
          36.39266586303711,
          36.024295806884766,
          35.8303108215332,
          35.767906188964844,
          35.86631774902344,
          35.77374267578125
        ],
        "host_samples_ms": [
          36.06925159692764,
          36.42789274454117,
          36.28888726234436,
          36.38771176338196,
          36.415062844753265,
          36.045968532562256,
          35.85275262594223,
          35.789474844932556,
          35.88859736919403,
          35.7975959777832
        ],
        "peak_allocated_mib": 4444.10546875,
        "peak_delta_allocated_mib": 4432.0693359375,
        "p20_ms": 35.81899719238281,
        "p50_ms": 36.030433654785156,
        "p80_ms": 36.3723747253418,
        "p95_ms": 36.400149726867674,
        "mean_ms": 36.0731918334961,
        "stdev_ms": 0.2635815776510277,
        "coefficient_of_variation": 0.00730685487626511,
        "bootstrap_p50_ci_ms": [
          35.820030212402344,
          36.36730194091797
        ],
        "bootstrap_resamples": 4000,
        "host_timing": {
          "p20_ms": 35.841721296310425,
          "p50_ms": 36.05761006474495,
          "p80_ms": 36.39318197965622,
          "p95_ms": 36.42211928963661,
          "mean_ms": 36.09631955623627,
          "stdev_ms": 0.2630294687135864,
          "coefficient_of_variation": 0.007286877774444555,
          "bootstrap_p50_ci_ms": [
            35.85275262594223,
            36.38771176338196
          ],
          "bootstrap_resamples": 4000
        }
      },
      "p50_speedup": 2.3732283257820246
    },
    {
      "operator": "pair_score_epilogue",
      "precision": "fp16",
      "nodes": 2048,
      "candidate_label": "Optimized FlagOS MUSA backend",
      "validation": {
        "oracle": "MUSA portable PyTorch expression",
        "errors": {
          "max_abs_error": 0.00244140625,
          "max_relative_error": 58710576.0
        }
      },
      "torch_reference": {
        "sample_count": 10,
        "calls_per_sample": 1,
        "samples_ms": [
          1.0364799499511719,
          1.0251319408416748,
          1.0280050039291382,
          1.0558689832687378,
          1.0778460502624512,
          1.0535240173339844,
          1.0212249755859375,
          1.0149400234222412,
          1.0205750465393066,
          1.019536018371582
        ],
        "host_samples_ms": [
          1.0684579610824585,
          1.0450482368469238,
          1.048363745212555,
          1.0794401168823242,
          1.1331066489219666,
          1.1035054922103882,
          1.0386481881141663,
          1.0633096098899841,
          1.0387971997261047,
          1.0372772812843323
        ],
        "peak_allocated_mib": 196.0,
        "peak_delta_allocated_mib": 129.0,
        "p20_ms": 1.0203672409057618,
        "p50_ms": 1.0265684723854065,
        "p80_ms": 1.053993010520935,
        "p95_ms": 1.06795637011528,
        "mean_ms": 1.0353132009506225,
        "stdev_ms": 0.02055162479950163,
        "coefficient_of_variation": 0.01985063532526309,
        "bootstrap_p50_ci_ms": [
          1.0203804969787598,
          1.0535240173339844
        ],
        "bootstrap_resamples": 4000,
        "host_timing": {
          "p20_ms": 1.038767397403717,
          "p50_ms": 1.0558366775512695,
          "p80_ms": 1.084253191947937,
          "p95_ms": 1.1197861284017563,
          "mean_ms": 1.0655954480171204,
          "stdev_ms": 0.03191197364034323,
          "coefficient_of_variation": 0.029947550639152616,
          "bootstrap_p50_ci_ms": [
            1.0387971997261047,
            1.0859817266464233
          ],
          "bootstrap_resamples": 4000
        }
      },
      "flagos_candidate": {
        "sample_count": 10,
        "calls_per_sample": 1,
        "samples_ms": [
          0.6580380201339722,
          0.5672690272331238,
          0.5883219838142395,
          0.5399529933929443,
          0.5831720232963562,
          0.5400210022926331,
          0.5779420137405396,
          0.5372539758682251,
          0.5793190002441406,
          0.5376840233802795
        ],
        "host_samples_ms": [
          0.68674236536026,
          0.5862563848495483,
          0.6075352430343628,
          0.5597993731498718,
          0.6018131971359253,
          0.559099018573761,
          0.597439706325531,
          0.5563348531723022,
          0.5984902381896973,
          0.5560889840126038
        ],
        "peak_allocated_mib": 68.0625,
        "peak_delta_allocated_mib": 1.0625,
        "p20_ms": 0.5394991993904114,
        "p50_ms": 0.5726055204868317,
        "p80_ms": 0.5842020153999329,
        "p95_ms": 0.6266658037900924,
        "mean_ms": 0.5708974063396454,
        "stdev_ms": 0.037009611074993946,
        "coefficient_of_variation": 0.06482707867300369,
        "bootstrap_p50_ci_ms": [
          0.5388525128364563,
          0.5838204920291901
        ],
        "bootstrap_resamples": 4000,
        "host_timing": {
          "p20_ms": 0.5585461854934692,
          "p50_ms": 0.5918480455875397,
          "p80_ms": 0.6029576063156128,
          "p95_ms": 0.6510991603136062,
          "mean_ms": 0.5909599363803864,
          "stdev_ms": 0.03956513969588846,
          "coefficient_of_variation": 0.06695062940852449,
          "bootstrap_p50_ci_ms": [
            0.559099018573761,
            0.60301274061203
          ],
          "bootstrap_resamples": 4000
        }
      },
      "p50_speedup": 1.7928022620400403
    },
    {
      "operator": "gaussian_pair_bias",
      "precision": "bf16",
      "nodes": 256,
      "candidate_label": "Optimized FlagOS MUSA backend",
      "validation": {
        "oracle": "MUSA portable PyTorch expression",
        "errors": {
          "max_abs_error": 0.0,
          "max_relative_error": 0.0
        }
      },
      "torch_reference": {
        "sample_count": 10,
        "calls_per_sample": 1,
        "samples_ms": [
          2.2011590003967285,
          2.1229701042175293,
          2.1436219215393066,
          2.1468019485473633,
          2.123915910720825,
          2.133418083190918,
          2.1323330402374268,
          2.141132116317749,
          2.1301419734954834,
          2.129430055618286
        ],
        "host_samples_ms": [
          2.2347569465637207,
          2.142786979675293,
          2.1632984280586243,
          2.1667852997779846,
          2.142876386642456,
          2.152189612388611,
          2.151668071746826,
          2.161972224712372,
          2.148933708667755,
          2.148762345314026
        ],
        "peak_allocated_mib": 96.79345703125,
        "peak_delta_allocated_mib": 96.56982421875,
        "p20_ms": 2.128327226638794,
        "p50_ms": 2.1328755617141724,
        "p80_ms": 2.144257926940918,
        "p95_ms": 2.176698327064514,
        "mean_ms": 2.1404924154281617,
        "stdev_ms": 0.022750796559935255,
        "coefficient_of_variation": 0.010628767659232478,
        "bootstrap_p50_ci_ms": [
          2.1270289421081543,
          2.143967032432556
        ],
        "bootstrap_resamples": 4000,
        "host_timing": {
          "p20_ms": 2.147585153579712,
          "p50_ms": 2.1519288420677185,
          "p80_ms": 2.1639958024024963,
          "p95_ms": 2.2041697055101395,
          "mean_ms": 2.161403000354767,
          "stdev_ms": 0.02707685281131856,
          "coefficient_of_variation": 0.012527442964997382,
          "bootstrap_p50_ci_ms": [
            2.1459050476551056,
            2.1643787622451782
          ],
          "bootstrap_resamples": 4000
        }
      },
      "flagos_candidate": {
        "sample_count": 10,
        "calls_per_sample": 1,
        "samples_ms": [
          1.0562410354614258,
          1.0492509603500366,
          1.0490169525146484,
          1.040470004081726,
          1.0601860284805298,
          1.0374319553375244,
          1.0482449531555176,
          1.0459909439086914,
          1.0463919639587402,
          1.0453159809112549
        ],
        "host_samples_ms": [
          1.0928884148597717,
          1.069784164428711,
          1.069284975528717,
          1.0599270462989807,
          1.079745590686798,
          1.0570138692855835,
          1.0682716965675354,
          1.0654851794242859,
          1.0649636387825012,
          1.0643154382705688
        ],
        "peak_allocated_mib": 69.54296875,
        "peak_delta_allocated_mib": 69.3193359375,
        "p20_ms": 1.0443467855453492,
        "p50_ms": 1.047318458557129,
        "p80_ms": 1.0506489753723145,
        "p95_ms": 1.058410781621933,
        "mean_ms": 1.0478540778160095,
        "stdev_ms": 0.006675582124461172,
        "coefficient_of_variation": 0.0063707173219908235,
        "bootstrap_p50_ci_ms": [
          1.0432304739952087,
          1.052628993988037
        ],
        "bootstrap_resamples": 4000,
        "host_timing": {
          "p20_ms": 1.0634377598762512,
          "p50_ms": 1.0668784379959106,
          "p80_ms": 1.0717764496803284,
          "p95_ms": 1.0869741439819336,
          "mean_ms": 1.0691680014133453,
          "stdev_ms": 0.010347546688752568,
          "coefficient_of_variation": 0.009678129793516106,
          "bootstrap_p50_ci_ms": [
            1.0621212422847748,
            1.0745152831077576
          ],
          "bootstrap_resamples": 4000
        }
      },
      "p50_speedup": 2.036511000343291
    },
    {
      "operator": "pair_score_epilogue",
      "precision": "bf16",
      "nodes": 256,
      "candidate_label": "Optimized FlagOS MUSA backend",
      "validation": {
        "oracle": "CPU FP32 expression on the same BF16 input values",
        "errors": {
          "max_abs_error": 0.003744959831237793,
          "max_relative_error": 165.20948791503906
        }
      },
      "torch_reference": {
        "sample_count": 10,
        "calls_per_sample": 1,
        "samples_ms": [
          0.20895199477672577,
          0.17763499915599823,
          0.17600199580192566,
          0.19577400386333466,
          0.1720370054244995,
          0.2474460005760193,
          0.2040870040655136,
          0.19929100573062897,
          0.17160500586032867,
          0.20185300707817078
        ],
        "host_samples_ms": [
          0.23986399173736572,
          0.19722431898117065,
          0.19308924674987793,
          0.21573901176452637,
          0.18950551748275757,
          0.266149640083313,
          0.21970272064208984,
          0.25299936532974243,
          0.1905187964439392,
          0.2196282148361206
        ],
        "peak_allocated_mib": 3.5,
        "peak_delta_allocated_mib": 2.125,
        "p20_ms": 0.17520899772644044,
        "p50_ms": 0.1975325047969818,
        "p80_ms": 0.20506000220775605,
        "p95_ms": 0.23012369796633717,
        "mean_ms": 0.19546820223331451,
        "stdev_ms": 0.023162926438863012,
        "coefficient_of_variation": 0.11849971593443781,
        "bootstrap_p50_ci_ms": [
          0.17600199580192566,
          0.20540250092744827
        ],
        "bootstrap_resamples": 4000,
        "host_timing": {
          "p20_ms": 0.19257515668869019,
          "p50_ms": 0.2176836133003235,
          "p80_ms": 0.24249106645584106,
          "p95_ms": 0.26023201644420624,
          "mean_ms": 0.21844208240509033,
          "stdev_ms": 0.02718130938886388,
          "coefficient_of_variation": 0.12443256853071676,
          "bootstrap_p50_ci_ms": [
            0.19308924674987793,
            0.23986399173736572
          ],
          "bootstrap_resamples": 4000
        }
      },
      "flagos_candidate": {
        "sample_count": 10,
        "calls_per_sample": 1,
        "samples_ms": [
          0.29437699913978577,
          0.19460999965667725,
          0.22914999723434448,
          0.1776680052280426,
          0.21382899582386017,
          0.17860999703407288,
          0.22405700385570526,
          0.17447499930858612,
          0.2116599977016449,
          0.17154300212860107
        ],
        "host_samples_ms": [
          0.32242387533187866,
          0.21378695964813232,
          0.24710595607757568,
          0.1968592405319214,
          0.23209303617477417,
          0.19703805446624756,
          0.24374574422836304,
          0.19255280494689941,
          0.22942572832107544,
          0.1892298460006714
        ],
        "peak_allocated_mib": 1.5078125,
        "peak_delta_allocated_mib": 0.1328125,
        "p20_ms": 0.1770294040441513,
        "p50_ms": 0.20313499867916107,
        "p80_ms": 0.2250756025314331,
        "p95_ms": 0.26502484828233713,
        "mean_ms": 0.20699789971113206,
        "stdev_ms": 0.03744566302934089,
        "coefficient_of_variation": 0.18089875830429555,
        "bootstrap_p50_ci_ms": [
          0.1765424981713295,
          0.22405700385570526
        ],
        "bootstrap_resamples": 4000,
        "host_timing": {
          "p20_ms": 0.195997953414917,
          "p50_ms": 0.22160634398460388,
          "p80_ms": 0.24441778659820557,
          "p95_ms": 0.2885308116674422,
          "mean_ms": 0.2264261245727539,
          "stdev_ms": 0.0400178807606937,
          "coefficient_of_variation": 0.17673702995272259,
          "bootstrap_p50_ci_ms": [
            0.1947954297065735,
            0.24374574422836304
          ],
          "bootstrap_resamples": 4000
        }
      },
      "p50_speedup": 0.9724198492696572
    },
    {
      "operator": "gaussian_pair_bias",
      "precision": "bf16",
      "nodes": 512,
      "candidate_label": "Optimized FlagOS MUSA backend",
      "validation": {
        "oracle": "MUSA portable PyTorch expression",
        "errors": {
          "max_abs_error": 7.62939453125e-06,
          "max_relative_error": 0.005319148767739534
        }
      },
      "torch_reference": {
        "sample_count": 10,
        "calls_per_sample": 1,
        "samples_ms": [
          6.307859897613525,
          6.24472713470459,
          6.221243858337402,
          6.2213850021362305,
          6.230185031890869,
          6.232072830200195,
          6.230042934417725,
          6.2290239334106445,
          6.223890781402588,
          6.224483966827393
        ],
        "host_samples_ms": [
          6.344109773635864,
          6.265237927436829,
          6.241217255592346,
          6.241932511329651,
          6.250262260437012,
          6.251156330108643,
          6.250105798244476,
          6.248295307159424,
          6.244562566280365,
          6.24365359544754
        ],
        "peak_allocated_mib": 386.85595703125,
        "peak_delta_allocated_mib": 386.06982421875,
        "p20_ms": 6.223389625549316,
        "p50_ms": 6.229533433914185,
        "p80_ms": 6.234603691101074,
        "p95_ms": 6.279450154304504,
        "mean_ms": 6.236491537094116,
        "stdev_ms": 0.025994816587124076,
        "coefficient_of_variation": 0.0041681795657877736,
        "bootstrap_p50_ci_ms": [
          6.2229344844818115,
          6.237385034561157
        ],
        "bootstrap_resamples": 4000,
        "host_timing": {
          "p20_ms": 6.243309378623962,
          "p50_ms": 6.24920055270195,
          "p80_ms": 6.25397264957428,
          "p95_ms": 6.308617442846298,
          "mean_ms": 6.258053332567215,
          "stdev_ms": 0.031013740380969358,
          "coefficient_of_variation": 0.004955812731664068,
          "bootstrap_p50_ci_ms": [
            6.243247538805008,
            6.25775009393692
          ],
          "bootstrap_resamples": 4000
        }
      },
      "flagos_candidate": {
        "sample_count": 10,
        "calls_per_sample": 1,
        "samples_ms": [
          2.8629150390625,
          2.86552095413208,
          2.8707809448242188,
          2.851077079772949,
          2.8611979484558105,
          2.848069906234741,
          2.836693048477173,
          2.8525218963623047,
          2.859937906265259,
          2.846651077270508
        ],
        "host_samples_ms": [
          2.893581986427307,
          2.8878971934318542,
          2.8916001319885254,
          2.870522439479828,
          2.8810054063796997,
          2.8684213757514954,
          2.8606727719306946,
          2.8712525963783264,
          2.879723906517029,
          2.866394817829132
        ],
        "peak_allocated_mib": 277.85546875,
        "peak_delta_allocated_mib": 277.0693359375,
        "p20_ms": 2.8477861404418947,
        "p50_ms": 2.8562299013137817,
        "p80_ms": 2.863436222076416,
        "p95_ms": 2.8684139490127563,
        "mean_ms": 2.8555365800857544,
        "stdev_ms": 0.010310190888203612,
        "coefficient_of_variation": 0.0036105966773831303,
        "bootstrap_p50_ci_ms": [
          2.848069906234741,
          2.8633594512939453
        ],
        "bootstrap_resamples": 4000,
        "host_timing": {
          "p20_ms": 2.8680160641670227,
          "p50_ms": 2.8754882514476776,
          "p80_ms": 2.8886377811431885,
          "p95_ms": 2.8926901519298553,
          "mean_ms": 2.877107262611389,
          "stdev_ms": 0.01134242451514274,
          "coefficient_of_variation": 0.0039423015827528985,
          "bootstrap_p50_ci_ms": [
            2.8684213757514954,
            2.8878971934318542
          ],
          "bootstrap_resamples": 4000
        }
      },
      "p50_speedup": 2.1810336174440237
    },
    {
      "operator": "pair_score_epilogue",
      "precision": "bf16",
      "nodes": 512,
      "candidate_label": "Optimized FlagOS MUSA backend",
      "validation": {
        "oracle": "CPU FP32 expression on the same BF16 input values",
        "errors": {
          "max_abs_error": 0.0022426247596740723,
          "max_relative_error": 131.10256958007812
        }
      },
      "torch_reference": {
        "sample_count": 10,
        "calls_per_sample": 1,
        "samples_ms": [
          0.23910799622535706,
          0.22554999589920044,
          0.21955400705337524,
          0.23470599949359894,
          0.22227300703525543,
          0.30300799012184143,
          0.23640300333499908,
          0.233473002910614,
          0.2206519991159439,
          0.23368899524211884
        ],
        "host_samples_ms": [
          0.2722889184951782,
          0.2443566918373108,
          0.2351030707359314,
          0.252455472946167,
          0.24028867483139038,
          0.32154470682144165,
          0.2522021532058716,
          0.28830766677856445,
          0.2381652593612671,
          0.25221705436706543
        ],
        "peak_allocated_mib": 13.0,
        "peak_delta_allocated_mib": 8.25,
        "p20_ms": 0.22194880545139312,
        "p50_ms": 0.23358099907636642,
        "p80_ms": 0.2369440019130707,
        "p95_ms": 0.2742529928684234,
        "mean_ms": 0.23684159964323043,
        "stdev_ms": 0.02428963090174802,
        "coefficient_of_variation": 0.10255643830449142,
        "bootstrap_p50_ci_ms": [
          0.22227300703525543,
          0.236906997859478
        ],
        "bootstrap_resamples": 4000,
        "host_timing": {
          "p20_ms": 0.23986399173736572,
          "p50_ms": 0.2522096037864685,
          "p80_ms": 0.27549266815185547,
          "p95_ms": 0.30658803880214686,
          "mean_ms": 0.2596929669380188,
          "stdev_ms": 0.027177017910329452,
          "coefficient_of_variation": 0.10465057344743503,
          "bootstrap_p50_ci_ms": [
            0.24028867483139038,
            0.2722889184951782
          ],
          "bootstrap_resamples": 4000
        }
      },
      "flagos_candidate": {
        "sample_count": 10,
        "calls_per_sample": 1,
        "samples_ms": [
          0.3059900104999542,
          0.21781599521636963,
          0.2577359974384308,
          0.20155300199985504,
          0.23650899529457092,
          0.19728699326515198,
          0.23641100525856018,
          0.1979600042104721,
          0.23552300035953522,
          0.1958010047674179
        ],
        "host_samples_ms": [
          0.3371238708496094,
          0.23715198040008545,
          0.27805566787719727,
          0.22000819444656372,
          0.25522708892822266,
          0.215873122215271,
          0.2551451325416565,
          0.2158433198928833,
          0.25365501642227173,
          0.21369010210037231
        ],
        "peak_allocated_mib": 5.015625,
        "peak_delta_allocated_mib": 0.265625,
        "p20_ms": 0.19782540202140808,
        "p50_ms": 0.22666949778795242,
        "p80_ms": 0.2407543957233429,
        "p95_ms": 0.28427570462226864,
        "mean_ms": 0.2282586008310318,
        "stdev_ms": 0.03472330175465837,
        "coefficient_of_variation": 0.1521226434764763,
        "bootstrap_p50_ci_ms": [
          0.1979600042104721,
          0.24707350134849548
        ],
        "bootstrap_resamples": 4000,
        "host_timing": {
          "p20_ms": 0.21586716175079346,
          "p50_ms": 0.2454034984111786,
          "p80_ms": 0.2597928047180176,
          "p95_ms": 0.31054317951202387,
          "mean_ms": 0.24817734956741333,
          "stdev_ms": 0.038189489675669784,
          "coefficient_of_variation": 0.15387983529615473,
          "bootstrap_p50_ci_ms": [
            0.215873122215271,
            0.2666004002094269
          ],
          "bootstrap_resamples": 4000
        }
      },
      "p50_speedup": 1.0304915366022458
    },
    {
      "operator": "gaussian_pair_bias",
      "precision": "bf16",
      "nodes": 1050,
      "candidate_label": "Optimized FlagOS MUSA backend",
      "validation": {
        "oracle": "MUSA portable PyTorch expression",
        "errors": {
          "max_abs_error": 6.103515625e-05,
          "max_relative_error": 0.00671140942722559
        }
      },
      "torch_reference": {
        "sample_count": 10,
        "calls_per_sample": 1,
        "samples_ms": [
          23.249963760375977,
          23.148984909057617,
          23.193117141723633,
          23.184486389160156,
          23.1536808013916,
          23.160097122192383,
          23.1512508392334,
          23.16257095336914,
          23.16623306274414,
          23.16947364807129
        ],
        "host_samples_ms": [
          23.287221789360046,
          23.170404136180878,
          23.213714361190796,
          23.20515364408493,
          23.174718022346497,
          23.18199723958969,
          23.171186447143555,
          23.182958364486694,
          23.186318576335907,
          23.18919450044632
        ],
        "peak_allocated_mib": 1626.6630859375,
        "peak_delta_allocated_mib": 1623.47216796875,
        "p20_ms": 23.15319480895996,
        "p50_ms": 23.16440200805664,
        "p80_ms": 23.18621253967285,
        "p95_ms": 23.22438278198242,
        "mean_ms": 23.173985862731932,
        "stdev_ms": 0.030197121963682804,
        "coefficient_of_variation": 0.0013030612058948987,
        "bootstrap_p50_ci_ms": [
          23.1536808013916,
          23.184486389160156
        ],
        "bootstrap_resamples": 4000,
        "host_timing": {
          "p20_ms": 23.174011707305908,
          "p50_ms": 23.1846384704113,
          "p80_ms": 23.206865787506104,
          "p95_ms": 23.254143446683884,
          "mean_ms": 23.19628670811653,
          "stdev_ms": 0.03487783472859947,
          "coefficient_of_variation": 0.0015035956042220968,
          "bootstrap_p50_ci_ms": [
            23.174718022346497,
            23.20515364408493
          ],
          "bootstrap_resamples": 4000
        }
      },
      "flagos_candidate": {
        "sample_count": 10,
        "calls_per_sample": 1,
        "samples_ms": [
          9.830450057983398,
          9.823031425476074,
          9.83603572845459,
          9.854987144470215,
          9.953069686889648,
          10.0993013381958,
          10.172236442565918,
          10.207924842834473,
          10.149521827697754,
          10.075204849243164
        ],
        "host_samples_ms": [
          9.86441969871521,
          9.844526648521423,
          9.859666228294373,
          9.87677276134491,
          9.97529923915863,
          10.120384395122528,
          10.192520916461945,
          10.228410363197327,
          10.16998291015625,
          10.096006095409393
        ],
        "peak_allocated_mib": 1168.24169921875,
        "peak_delta_allocated_mib": 1165.05078125,
        "p20_ms": 9.834918594360351,
        "p50_ms": 10.014137268066406,
        "p80_ms": 10.154064750671386,
        "p95_ms": 10.191865062713623,
        "mean_ms": 10.000176334381104,
        "stdev_ms": 0.15668498036946696,
        "coefficient_of_variation": 0.015668221752328126,
        "bootstrap_p50_ci_ms": [
          9.83603572845459,
          10.149521827697754
        ],
        "bootstrap_resamples": 4000,
        "host_timing": {
          "p20_ms": 9.863469004631042,
          "p50_ms": 10.035652667284012,
          "p80_ms": 10.174490511417389,
          "p95_ms": 10.212260112166405,
          "mean_ms": 10.022798925638199,
          "stdev_ms": 0.15444671084191197,
          "coefficient_of_variation": 0.015409538990834103,
          "bootstrap_p50_ci_ms": [
            9.86441969871521,
            10.16998291015625
          ],
          "bootstrap_resamples": 4000
        }
      },
      "p50_speedup": 2.31317001035371
    },
    {
      "operator": "pair_score_epilogue",
      "precision": "bf16",
      "nodes": 1050,
      "candidate_label": "Optimized FlagOS MUSA backend",
      "validation": {
        "oracle": "CPU FP32 expression on the same BF16 input values",
        "errors": {
          "max_abs_error": 0.0034161806106567383,
          "max_relative_error": 107.76383972167969
        }
      },
      "torch_reference": {
        "sample_count": 10,
        "calls_per_sample": 1,
        "samples_ms": [
          0.5564630031585693,
          0.5497980117797852,
          0.5479999780654907,
          0.5476369857788086,
          0.5449879765510559,
          0.6237040162086487,
          0.5458369851112366,
          0.5469149947166443,
          0.5465989708900452,
          0.544219970703125
        ],
        "host_samples_ms": [
          0.5956664681434631,
          0.5692243576049805,
          0.5646795034408569,
          0.5679279565811157,
          0.5636066198348999,
          0.643216073513031,
          0.5622208118438721,
          0.5986914038658142,
          0.5651488900184631,
          0.5621016025543213
        ],
        "peak_allocated_mib": 52.5205078125,
        "peak_delta_allocated_mib": 34.1591796875,
        "p20_ms": 0.5456671833992004,
        "p50_ms": 0.5472759902477264,
        "p80_ms": 0.551131010055542,
        "p95_ms": 0.593445560336113,
        "mean_ms": 0.5554160892963409,
        "stdev_ms": 0.02423789726151285,
        "coefficient_of_variation": 0.0436391702160086,
        "bootstrap_p50_ci_ms": [
          0.5457934737205505,
          0.552049994468689
        ],
        "bootstrap_resamples": 4000,
        "host_timing": {
          "p20_ms": 0.5633294582366943,
          "p50_ms": 0.5665384232997894,
          "p80_ms": 0.5962714552879333,
          "p95_ms": 0.6231799721717834,
          "mean_ms": 0.5792483687400818,
          "stdev_ms": 0.026263083759757538,
          "coefficient_of_variation": 0.04533993564260207,
          "bootstrap_p50_ci_ms": [
            0.5636066198348999,
            0.5956664681434631
          ],
          "bootstrap_resamples": 4000
        }
      },
      "flagos_candidate": {
        "sample_count": 10,
        "calls_per_sample": 1,
        "samples_ms": [
          0.36920100450515747,
          0.27023398876190186,
          0.30581900477409363,
          0.2534700036048889,
          0.3089739978313446,
          0.26377901434898376,
          0.2989090085029602,
          0.25191599130630493,
          0.29615700244903564,
          0.25189900398254395
        ],
        "host_samples_ms": [
          0.40049850940704346,
          0.2902597188949585,
          0.3242418169975281,
          0.2716183662414551,
          0.32748281955718994,
          0.2832189202308655,
          0.3175213932991028,
          0.2697184681892395,
          0.31448155641555786,
          0.2705678343772888
        ],
        "peak_allocated_mib": 18.90625,
        "peak_delta_allocated_mib": 0.544921875,
        "p20_ms": 0.2531592011451721,
        "p50_ms": 0.28319549560546875,
        "p80_ms": 0.30645000338554385,
        "p95_ms": 0.34209885150194164,
        "mean_ms": 0.2870358020067215,
        "stdev_ms": 0.03685892109066108,
        "coefficient_of_variation": 0.1284122776077876,
        "bootstrap_p50_ci_ms": [
          0.2534700036048889,
          0.30581900477409363
        ],
        "bootstrap_resamples": 4000,
        "host_timing": {
          "p20_ms": 0.2714082598686218,
          "p50_ms": 0.3023706376552582,
          "p80_ms": 0.32489001750946045,
          "p95_ms": 0.3676414489746093,
          "mean_ms": 0.30696094036102295,
          "stdev_ms": 0.04005594371005827,
          "coefficient_of_variation": 0.1304919891858152,
          "bootstrap_p50_ci_ms": [
            0.2716183662414551,
            0.3242418169975281
          ],
          "bootstrap_resamples": 4000
        }
      },
      "p50_speedup": 1.932502454100326
    },
    {
      "operator": "gaussian_pair_bias",
      "precision": "bf16",
      "nodes": 2048,
      "candidate_label": "Optimized FlagOS MUSA backend",
      "validation": {
        "oracle": "MUSA portable PyTorch expression",
        "errors": {
          "max_abs_error": 1.52587890625e-05,
          "max_relative_error": 0.007352941203862429
        }
      },
      "torch_reference": {
        "sample_count": 10,
        "calls_per_sample": 1,
        "samples_ms": [
          85.64041900634766,
          85.52583312988281,
          85.99076843261719,
          85.8065185546875,
          85.31221771240234,
          85.65599822998047,
          85.34688568115234,
          85.68877410888672,
          85.41842651367188,
          85.97444915771484
        ],
        "host_samples_ms": [
          85.68066358566284,
          85.54819971323013,
          86.01649850606918,
          85.83173155784607,
          85.34561842679977,
          85.68675816059113,
          85.37093549966812,
          85.71503311395645,
          85.44126898050308,
          85.99879592657089
        ],
        "peak_allocated_mib": 6188.10595703125,
        "peak_delta_allocated_mib": 6176.06982421875,
        "p20_ms": 85.40411834716797,
        "p50_ms": 85.64820861816406,
        "p80_ms": 85.84010467529296,
        "p95_ms": 85.98342475891113,
        "mean_ms": 85.63602905273437,
        "stdev_ms": 0.2405056307793115,
        "coefficient_of_variation": 0.0028084631368323833,
        "bootstrap_p50_ci_ms": [
          85.41842651367188,
          85.83161163330078
        ],
        "bootstrap_resamples": 4000,
        "host_timing": {
          "p20_ms": 85.42720228433609,
          "p50_ms": 85.68371087312698,
          "p80_ms": 85.86514443159103,
          "p95_ms": 86.00853234529495,
          "mean_ms": 85.66355034708977,
          "stdev_ms": 0.2399416113003355,
          "coefficient_of_variation": 0.0028009767319722933,
          "bootstrap_p50_ci_ms": [
            85.44126898050308,
            85.85691452026367
          ],
          "bootstrap_resamples": 4000
        }
      },
      "flagos_candidate": {
        "sample_count": 10,
        "calls_per_sample": 1,
        "samples_ms": [
          36.356327056884766,
          36.23836898803711,
          36.72121047973633,
          36.75139236450195,
          36.595611572265625,
          36.20220947265625,
          35.95771026611328,
          35.81329345703125,
          35.77867126464844,
          36.269859313964844
        ],
        "host_samples_ms": [
          36.40282899141312,
          36.26604378223419,
          36.76079958677292,
          36.79013252258301,
          36.63591295480728,
          36.24298423528671,
          35.99260747432709,
          35.83775460720062,
          35.803310573101044,
          36.29699349403381
        ],
        "peak_allocated_mib": 4444.10546875,
        "peak_delta_allocated_mib": 4432.0693359375,
        "p20_ms": 35.928826904296876,
        "p50_ms": 36.25411415100098,
        "p80_ms": 36.620731353759766,
        "p95_ms": 36.73781051635742,
        "mean_ms": 36.26846542358398,
        "stdev_ms": 0.3499026816911861,
        "coefficient_of_variation": 0.009647573383781987,
        "bootstrap_p50_ci_ms": [
          35.95771026611328,
          36.595611572265625
        ],
        "bootstrap_resamples": 4000,
        "host_timing": {
          "p20_ms": 35.961636900901794,
          "p50_ms": 36.281518638134,
          "p80_ms": 36.66089028120041,
          "p95_ms": 36.77693270146847,
          "mean_ms": 36.30293682217598,
          "stdev_ms": 0.3551471417012486,
          "coefficient_of_variation": 0.00978287633975397,
          "bootstrap_p50_ci_ms": [
            35.99260747432709,
            36.63591295480728
          ],
          "bootstrap_resamples": 4000
        }
      },
      "p50_speedup": 2.362441080795221
    },
    {
      "operator": "pair_score_epilogue",
      "precision": "bf16",
      "nodes": 2048,
      "candidate_label": "Optimized FlagOS MUSA backend",
      "validation": {
        "oracle": "CPU FP32 expression on the same BF16 input values",
        "errors": {
          "max_abs_error": 0.002077817916870117,
          "max_relative_error": 3602.6923828125
        }
      },
      "torch_reference": {
        "sample_count": 10,
        "calls_per_sample": 1,
        "samples_ms": [
          1.0233789682388306,
          1.025406002998352,
          1.0194710493087769,
          1.017806053161621,
          1.0152820348739624,
          1.0184810161590576,
          1.019821047782898,
          1.0259820222854614,
          1.0166560411453247,
          1.018455982208252
        ],
        "host_samples_ms": [
          1.0668113827705383,
          1.0447055101394653,
          1.0384544730186462,
          1.0367333889007568,
          1.0391399264335632,
          1.0376498103141785,
          1.0357275605201721,
          1.0813996195793152,
          1.0366514325141907,
          1.0369494557380676
        ],
        "peak_allocated_mib": 196.0,
        "peak_delta_allocated_mib": 129.0,
        "p20_ms": 1.0175760507583618,
        "p50_ms": 1.0189760327339172,
        "p80_ms": 1.023784375190735,
        "p95_ms": 1.0257228136062622,
        "mean_ms": 1.0200740218162536,
        "stdev_ms": 0.0036458479758957794,
        "coefficient_of_variation": 0.0035741013866859433,
        "bootstrap_p50_ci_ms": [
          1.0175560116767883,
          1.0233789682388306
        ],
        "bootstrap_resamples": 4000,
        "host_timing": {
          "p20_ms": 1.0367169976234436,
          "p50_ms": 1.0380521416664124,
          "p80_ms": 1.04912668466568,
          "p95_ms": 1.0748349130153656,
          "mean_ms": 1.0454222559928894,
          "stdev_ms": 0.01570211222861906,
          "coefficient_of_variation": 0.015019875594389354,
          "bootstrap_p50_ci_ms": [
            1.0367333889007568,
            1.0529756546020508
          ],
          "bootstrap_resamples": 4000
        }
      },
      "flagos_candidate": {
        "sample_count": 10,
        "calls_per_sample": 1,
        "samples_ms": [
          0.6420689821243286,
          0.5602729916572571,
          0.5872989892959595,
          0.5432639718055725,
          0.5853229761123657,
          0.5366250276565552,
          0.5863500237464905,
          0.5339890122413635,
          0.5808749794960022,
          0.5424720048904419
        ],
        "host_samples_ms": [
          0.6740018725395203,
          0.5808249115943909,
          0.6072744727134705,
          0.5618855357170105,
          0.6048828363418579,
          0.5556866526603699,
          0.604875385761261,
          0.5525946617126465,
          0.601157546043396,
          0.5609318614006042
        ],
        "peak_allocated_mib": 68.0625,
        "peak_delta_allocated_mib": 1.0625,
        "p20_ms": 0.5413026094436646,
        "p50_ms": 0.5705739855766296,
        "p80_ms": 0.5865398168563842,
        "p95_ms": 0.6174224853515624,
        "mean_ms": 0.5698538959026337,
        "stdev_ms": 0.03348509159388612,
        "coefficient_of_variation": 0.05876083647870234,
        "bootstrap_p50_ci_ms": [
          0.5399444997310638,
          0.5863500237464905
        ],
        "bootstrap_resamples": 4000,
        "host_timing": {
          "p20_ms": 0.5598828196525574,
          "p50_ms": 0.5909912288188934,
          "p80_ms": 0.6053611636161804,
          "p95_ms": 0.6439745426177977,
          "mean_ms": 0.5904115736484528,
          "stdev_ms": 0.036842641343774414,
          "coefficient_of_variation": 0.062401624541512685,
          "bootstrap_p50_ci_ms": [
            0.5587860941886902,
            0.6060749292373657
          ],
          "bootstrap_resamples": 4000
        }
      },
      "p50_speedup": 1.7858788842329125
    }
  ]
}
