/home/ymm/miniconda3/envs/ai_paper_0530/lib/python3.11/site-packages/torch/library.py:349: UserWarning: Warning only once for all operators,  other operators may also be overridden.
  Overriding a previously registered kernel for the same operator and the same dispatch key
  operator: aten::addmm(Tensor self, Tensor mat1, Tensor mat2, *, Scalar beta=1, Scalar alpha=1) -> Tensor
    registered at /pytorch/build/aten/src/ATen/RegisterSchema.cpp:6
  dispatch key: CUDA
  previous kernel: registered at /pytorch/aten/src/ATen/autocast_mode.cpp:169
       new kernel: registered at /dev/null:135 (Triggered internally at /pytorch/aten/src/ATen/core/dispatch/OperatorEntry.cpp:154.)
  self.m.impl(
[INFO] : FlagGems Unsupported GPU arch Tesla V100-SXM2-16GB specialization
{
  "commits": {
    "flaggems": "03bf364ede763d573d5c30124d554283a209ab85",
    "stofm": "e01b0a9d8348101815fba63224910a25830c29a9"
  },
  "created_at_utc": "2026-08-15T10:38:29.566656+00:00",
  "measurement": {
    "calls_per_sample": 5,
    "compile_included": false,
    "inference_mode": true,
    "repetitions": 30,
    "tf32": false,
    "timer": "cuda_events",
    "warmup": 10
  },
  "precision": "fp16",
  "reference": {
    "atol": 0.003,
    "last_hidden_state_sha256": "a2cfaf2864fd99869b1496997b2ef73b517996de83341c23dc6e0f8ac851fa7d",
    "rtol": 0.03,
    "stage": "P1_canonical_torch"
  },
  "results": [
    {
      "calls_per_sample": 5,
      "comparison_baseline": "P0_legacy_pair_output",
      "description": "Legacy end-to-end Torch inference that materializes the final pair representation.",
      "dispatch": {
        "gaussian": null,
        "pair_attention_layer0": null,
        "runtime": {
          "active": false,
          "mode": "torch",
          "reason": "Torch baseline mode",
          "registered_aten_ops": [],
          "vendor_hint": null
        }
      },
      "gain_kind": "model_lifecycle",
      "mean_ms": 21.278931732177735,
      "measurement_scope": "none",
      "p20_ms": 21.270855712890626,
      "p50_ms": 21.27831115722656,
      "p80_ms": 21.28797698974609,
      "p95_ms": 21.292144317626953,
      "peak_allocated_mib": 1659.82958984375,
      "peak_delta_allocated_mib": 1617.068359375,
      "peak_delta_reserved_mib": 0.0,
      "peak_reserved_mib": 2206.0,
      "sample_count": 30,
      "samples_ms": [
        21.263973999023438,
        21.261517333984376,
        21.26561279296875,
        21.262541198730467,
        21.272781372070312,
        21.301043701171874,
        21.287321472167967,
        21.286093139648436,
        21.26909484863281,
        21.278720092773437,
        21.27626190185547,
        21.275238037109375,
        21.271142578125,
        21.279539489746092,
        21.275648498535155,
        21.271757507324217,
        21.271961975097657,
        21.280972290039063,
        21.291416931152344,
        21.290599060058593,
        21.28424987792969,
        21.28363494873047,
        21.291827392578124,
        21.292236328125,
        21.28711700439453,
        21.27831115722656,
        21.27831115722656,
        21.292031860351564,
        21.277285766601562,
        21.269708251953126
      ],
      "scope": "end_to_end",
      "stage": "P0_legacy_pair_output",
      "status": "measured",
      "validation": {
        "atol": 0.003,
        "last_hidden_state_sha256": "a2cfaf2864fd99869b1496997b2ef73b517996de83341c23dc6e0f8ac851fa7d",
        "rtol": 0.03,
        "status": "passed"
      }
    },
    {
      "calls_per_sample": 5,
      "comparison_baseline": "P1_canonical_torch",
      "description": "Canonical Torch inference that omits the unused final pair representation.",
      "dispatch": {
        "gaussian": null,
        "pair_attention_layer0": null,
        "runtime": {
          "active": false,
          "mode": "torch",
          "reason": "Torch baseline mode",
          "registered_aten_ops": [],
          "vendor_hint": null
        }
      },
      "gain_kind": "model_lifecycle",
      "mean_ms": 21.038523661295574,
      "measurement_scope": "none",
      "p20_ms": 21.023129272460938,
      "p50_ms": 21.03060455322266,
      "p80_ms": 21.04459197998047,
      "p95_ms": 21.07374557495117,
      "peak_allocated_mib": 1643.00634765625,
      "peak_delta_allocated_mib": 1617.068359375,
      "peak_delta_reserved_mib": 0.0,
      "peak_reserved_mib": 2206.0,
      "sample_count": 30,
      "samples_ms": [
        21.049343872070313,
        21.046885681152343,
        21.023129272460938,
        21.01780548095703,
        21.022720336914062,
        21.065522766113283,
        21.080473327636717,
        21.030911254882813,
        21.04217529296875,
        21.032960510253908,
        21.020877075195312,
        21.038490295410156,
        21.026815795898436,
        21.0229248046875,
        21.0302978515625,
        21.03459777832031,
        21.029273986816406,
        21.028863525390626,
        21.03705596923828,
        21.02783966064453,
        21.0440185546875,
        21.054464721679686,
        21.026815795898436,
        21.144985961914063,
        21.023129272460938,
        21.040742492675783,
        21.037875366210937,
        21.023744201660158,
        21.021286010742188,
        21.029682922363282
      ],
      "scope": "end_to_end",
      "stage": "P1_canonical_torch",
      "status": "measured",
      "validation": {
        "atol": 0.003,
        "last_hidden_state_sha256": "a2cfaf2864fd99869b1496997b2ef73b517996de83341c23dc6e0f8ac851fa7d",
        "rtol": 0.03,
        "status": "passed"
      }
    },
    {
      "calls_per_sample": 5,
      "comparison_baseline": "P1_canonical_torch",
      "description": "Frozen FlagGems stock ATen scope created and destroyed for every model call.",
      "dispatch": {
        "gaussian": null,
        "pair_attention_layer0": null,
        "runtime": {
          "active": true,
          "mode": "stock",
          "reason": "scoped FlagGems ATen dispatch",
          "registered_aten_ops": [
            "addmm",
            "baddbmm",
            "bmm",
            "softmax",
            "softmax_out"
          ],
          "vendor_hint": "nvidia"
        }
      },
      "gain_kind": "flaggems_lifecycle",
      "mean_ms": 19.42704803466797,
      "measurement_scope": "per_call",
      "p20_ms": 19.395993957519533,
      "p50_ms": 19.403775787353517,
      "p80_ms": 19.415040588378908,
      "p95_ms": 19.515422134399415,
      "peak_allocated_mib": 1643.00634765625,
      "peak_delta_allocated_mib": 1617.068359375,
      "peak_delta_reserved_mib": 0.0,
      "peak_reserved_mib": 2206.0,
      "sample_count": 30,
      "samples_ms": [
        19.895706176757812,
        19.4050048828125,
        19.40111389160156,
        19.397222900390624,
        19.398042297363283,
        19.383705139160156,
        19.394149780273438,
        19.415040588378908,
        19.403981018066407,
        19.396607971191408,
        19.411967468261718,
        19.394149780273438,
        19.394764709472657,
        19.39886016845703,
        19.395173645019533,
        19.57007293701172,
        19.42794189453125,
        19.4123779296875,
        19.448626708984374,
        19.403570556640624,
        19.414016723632812,
        19.415858459472656,
        19.405824279785158,
        19.41053466796875,
        19.401318359375,
        19.396199035644532,
        19.3902587890625,
        19.39947509765625,
        19.414834594726564,
        19.415040588378908
      ],
      "scope": "end_to_end",
      "stage": "F0_stock_lifecycle",
      "status": "measured",
      "validation": {
        "atol": 0.003,
        "last_hidden_state_sha256": "7751b5d6e69de32f481b6fee101ca0efc228f8c9fd6abe1f47ab83f5393e7da0",
        "rtol": 0.03,
        "status": "passed"
      }
    },
    {
      "calls_per_sample": 5,
      "comparison_baseline": "P1_canonical_torch",
      "description": "Frozen FlagGems stock ATen scope kept open across timed calls.",
      "dispatch": {
        "gaussian": null,
        "outer_scope": {
          "active": true,
          "mode": "stock",
          "reason": "scoped FlagGems ATen dispatch",
          "registered_aten_ops": [
            "addmm",
            "baddbmm",
            "bmm",
            "softmax",
            "softmax_out"
          ],
          "vendor_hint": "nvidia"
        },
        "pair_attention_layer0": null,
        "runtime": {
          "active": true,
          "mode": "stock",
          "reason": "scoped FlagGems ATen dispatch",
          "registered_aten_ops": [
            "addmm",
            "baddbmm",
            "bmm",
            "softmax",
            "softmax_out"
          ],
          "vendor_hint": "nvidia"
        }
      },
      "gain_kind": "stock_aten",
      "mean_ms": 19.34949727376302,
      "measurement_scope": "steady",
      "p20_ms": 19.34397399902344,
      "p50_ms": 19.348992156982423,
      "p80_ms": 19.35572937011719,
      "p95_ms": 19.358576583862302,
      "peak_allocated_mib": 1643.00634765625,
      "peak_delta_allocated_mib": 1617.068359375,
      "peak_delta_reserved_mib": 0.0,
      "peak_reserved_mib": 2206.0,
      "sample_count": 30,
      "samples_ms": [
        19.35790100097656,
        19.342745971679687,
        19.346841430664064,
        19.341311645507812,
        19.356057739257814,
        19.339878845214844,
        19.340902709960936,
        19.34745635986328,
        19.34008331298828,
        19.353395080566408,
        19.355238342285155,
        19.3617919921875,
        19.35667266845703,
        19.34745635986328,
        19.350936889648438,
        19.344178771972658,
        19.343154907226562,
        19.346432495117188,
        19.349913024902342,
        19.349095153808594,
        19.34929962158203,
        19.356057739257814,
        19.359129333496092,
        19.35564727783203,
        19.345408630371093,
        19.347865295410156,
        19.34888916015625,
        19.351962280273437,
        19.351962280273437,
        19.347251892089844
      ],
      "scope": "end_to_end",
      "stage": "F0_stock_steady",
      "status": "measured",
      "validation": {
        "atol": 0.003,
        "last_hidden_state_sha256": "7751b5d6e69de32f481b6fee101ca0efc228f8c9fd6abe1f47ab83f5393e7da0",
        "rtol": 0.03,
        "status": "passed"
      }
    }
  ],
  "role": "stock",
  "run_id": "stofm-r2-fp16-stock-03",
  "runtime": {
    "capability": [
      7,
      0
    ],
    "cuda": "12.4",
    "device": "Tesla V100-SXM2-16GB",
    "environment": {
      "CUBLAS_WORKSPACE_CONFIG": null,
      "CUDA_VISIBLE_DEVICES": "0",
      "PYTORCH_CUDA_ALLOC_CONF": null,
      "TORCHINDUCTOR_CACHE_DIR": null,
      "TORCHINDUCTOR_COMPILE_THREADS": "1"
    },
    "nvidia_smi": [
      {
        "driver": "550.144.03",
        "index": "0",
        "memory_total_mib": "16384",
        "name": "Tesla V100-SXM2-16GB"
      },
      {
        "driver": "550.144.03",
        "index": "1",
        "memory_total_mib": "16384",
        "name": "Tesla V100-SXM2-16GB"
      },
      {
        "driver": "550.144.03",
        "index": "2",
        "memory_total_mib": "11264",
        "name": "NVIDIA GeForce GTX 1080 Ti"
      }
    ],
    "pip_freeze": [
      "-e git+https://github.com/priestess-bot/FlagGems.git@03bf364ede763d573d5c30124d554283a209ab85#egg=flag_gems&subdirectory=../../../FlagGems-stock-r2",
      "GitPython==3.1.50",
      "Jinja2==3.1.6",
      "MarkupSafe==3.0.3",
      "PyYAML==6.0.3",
      "Pygments==2.20.0",
      "SQLAlchemy==2.0.48",
      "absl-py==2.4.0",
      "accelerate==1.13.0",
      "aiohappyeyeballs==2.6.2",
      "aiohttp==3.13.5",
      "aiosignal==1.4.0",
      "annotated-doc==0.0.4",
      "annotated-types==0.7.0",
      "anyio==4.13.0",
      "argon2-cffi-bindings==25.1.0",
      "argon2-cffi==25.1.0",
      "attrs==26.1.0",
      "backoff==2.2.1",
      "catboost==1.2.10",
      "certifi==2026.5.20",
      "cffi==2.0.0",
      "charset-normalizer==3.4.7",
      "chronos-forecasting==2.2.2",
      "click==8.4.1",
      "contourpy==1.3.3",
      "cramjam==2.11.0",
      "cycler==0.12.1",
      "datasets==4.8.5",
      "dill==0.4.1",
      "distro==1.9.0",
      "einops==0.8.2",
      "einshape==1.0",
      "eval_type_backport==0.3.1",
      "evaluate==0.4.6",
      "faiss-cpu==1.14.2",
      "fastparquet==2026.5.0",
      "filelock==3.29.0",
      "flatbuffers==25.12.19",
      "fonttools==4.63.0",
      "frozenlist==1.8.0",
      "fsspec==2026.2.0",
      "gitdb==4.0.12",
      "gluonts==0.16.2",
      "grad-cam==1.5.5",
      "graphviz==0.21",
      "greenlet==3.5.5",
      "h11==0.16.0",
      "hf-xet==1.5.1",
      "httpcore==1.0.9",
      "httpx==0.28.1",
      "huggingface_hub==0.36.2",
      "idna==3.17",
      "iniconfig==2.3.0",
      "inquirerpy==0.3.4",
      "insightface==1.0.1",
      "joblib==1.5.3",
      "kiwisolver==1.5.0",
      "liac-arff==2.5.0",
      "lightgbm==4.6.0",
      "littleutils==0.2.4",
      "llvmlite==0.47.0",
      "lxml==6.1.1",
      "markdown-it-py==4.2.0",
      "matplotlib==3.10.9",
      "mdurl==0.1.2",
      "minio==7.2.20",
      "ml_dtypes==0.5.4",
      "modelscope==1.37.1",
      "mpmath==1.3.0",
      "multidict==6.7.1",
      "multiprocess==0.70.19",
      "narwhals==2.21.2",
      "networkx==3.6.1",
      "nltk==3.9.4",
      "numba==0.65.1",
      "numpy==2.1.3",
      "nvidia-cublas-cu12==12.4.5.8",
      "nvidia-cuda-cupti-cu12==12.4.127",
      "nvidia-cuda-nvrtc-cu12==12.4.127",
      "nvidia-cuda-runtime-cu12==12.4.127",
      "nvidia-cudnn-cu12==9.1.0.70",
      "nvidia-cufft-cu12==11.2.1.3",
      "nvidia-curand-cu12==10.3.5.147",
      "nvidia-cusolver-cu12==11.6.1.9",
      "nvidia-cusparse-cu12==12.3.1.170",
      "nvidia-cusparselt-cu12==0.6.2",
      "nvidia-ml-py==13.595.45",
      "nvidia-nccl-cu12==2.21.5",
      "nvidia-nvjitlink-cu12==12.4.127",
      "nvidia-nvtx-cu12==12.4.127",
      "ogb==1.3.6",
      "onnx==1.21.0",
      "onnxruntime-gpu==1.26.0",
      "onnxruntime==1.26.0",
      "opencv-python==4.13.0.92",
      "openml==0.15.1",
      "optimum-onnx==0.1.0",
      "optimum==2.1.0",
      "outdated==0.2.2",
      "packaging==26.0",
      "pandas==3.0.3",
      "patsy==1.0.2",
      "peft==0.19.1",
      "pfzy==0.3.4",
      "pillow==12.2.0",
      "pip==24.0",
      "platformdirs==4.10.0",
      "plotly==6.7.0",
      "pluggy==1.6.0",
      "posthog==7.16.2",
      "prompt_toolkit==3.0.52",
      "propcache==0.5.2",
      "protobuf==7.35.0",
      "psutil==7.2.2",
      "pyarrow==24.0.0",
      "pycparser==3.0",
      "pycryptodome==3.23.0",
      "pydantic-settings==2.14.1",
      "pydantic==2.13.4",
      "pydantic_core==2.46.4",
      "pynndescent==0.6.0",
      "pyparsing==3.3.2",
      "pytest==9.0.3",
      "python-dateutil==2.9.0.post0",
      "python-docx==1.2.0",
      "python-dotenv==1.2.2",
      "pytz==2026.2",
      "rank-bm25==0.2.2",
      "regex==2026.5.9",
      "requests==2.34.2",
      "rich==15.0.0",
      "rouge_score==0.1.2",
      "rtdl_num_embeddings==0.0.12",
      "safetensors==0.7.0",
      "scikit-image==0.26.0",
      "scikit-learn==1.8.0",
      "scipy==1.17.1",
      "seaborn==0.13.2",
      "sentence-transformers==5.5.1",
      "sentry-sdk==2.61.0",
      "setuptools==79.0.1",
      "shellingham==1.5.4",
      "six==1.17.0",
      "smmap==5.0.3",
      "spuco==2.0.3",
      "statsmodels==0.14.6",
      "sympy==1.13.1",
      "tabm==0.0.3",
      "tabpfn-common-utils==0.2.21",
      "tabpfn==8.0.3",
      "threadpoolctl==3.6.0",
      "timesfm==1.3.0",
      "timm==1.0.27",
      "tokenizers==0.22.2",
      "toolz==0.12.1",
      "torch==2.6.0+cu124",
      "torchaudio==2.6.0+cu124",
      "torchvision==0.21.0+cu124",
      "tqdm==4.68.1",
      "transformers==4.57.6",
      "triton==3.2.0",
      "ttach==0.0.3",
      "typer==0.25.1",
      "typing-inspection==0.4.2",
      "typing_extensions==4.15.0",
      "tzdata==2026.2",
      "umap-learn==0.5.12",
      "urllib3==2.7.0",
      "utilsforecast==0.2.16",
      "wandb==0.27.0",
      "wcwidth==0.7.0",
      "wheel==0.47.0",
      "wilds==2.0.0",
      "xgboost==3.2.0",
      "xmltodict==1.0.4",
      "xxhash==3.7.0",
      "yarl==1.24.2"
    ],
    "platform": "Linux-6.8.0-124-generic-x86_64-with-glibc2.35",
    "python": "3.11.15",
    "torch": "2.6.0+cu124",
    "torch_backend": {
      "allow_tf32_cudnn": true,
      "allow_tf32_matmul": false,
      "cudnn_benchmark": false,
      "float32_matmul_precision": "highest"
    }
  },
  "schema_version": 2,
  "workload": {
    "batch_size": 1,
    "embedding_dim": 256,
    "ffn_embedding_dim": 256,
    "gaussian_hidden_dim": 128,
    "heads": 8,
    "input_dim": 256,
    "layers": 4,
    "nodes": 1050,
    "return_pair_rep": false,
    "seed": 20260815
  }
}
