/home/ymm/miniconda3/envs/ai_paper_0530/lib/python3.11/site-packages/torch/library.py:349: UserWarning: Warning only once for all operators,  other operators may also be overridden.
  Overriding a previously registered kernel for the same operator and the same dispatch key
  operator: aten::addmm(Tensor self, Tensor mat1, Tensor mat2, *, Scalar beta=1, Scalar alpha=1) -> Tensor
    registered at /pytorch/build/aten/src/ATen/RegisterSchema.cpp:6
  dispatch key: CUDA
  previous kernel: registered at /pytorch/aten/src/ATen/autocast_mode.cpp:169
       new kernel: registered at /dev/null:135 (Triggered internally at /pytorch/aten/src/ATen/core/dispatch/OperatorEntry.cpp:154.)
  self.m.impl(
[INFO] : FlagGems Unsupported GPU arch Tesla V100-SXM2-16GB specialization
{
  "commits": {
    "flaggems": "03bf364ede763d573d5c30124d554283a209ab85",
    "stofm": "e01b0a9d8348101815fba63224910a25830c29a9"
  },
  "created_at_utc": "2026-08-15T10:34:13.553233+00:00",
  "measurement": {
    "calls_per_sample": 5,
    "compile_included": false,
    "inference_mode": true,
    "repetitions": 30,
    "tf32": false,
    "timer": "cuda_events",
    "warmup": 10
  },
  "precision": "fp32",
  "reference": {
    "atol": 3e-05,
    "last_hidden_state_sha256": "6816c64679fdc1af5fb5fe502e53428f0aca070acba8d604c3cc14b247fbe7fc",
    "rtol": 0.0003,
    "stage": "P1_canonical_torch"
  },
  "results": [
    {
      "calls_per_sample": 5,
      "comparison_baseline": "P0_legacy_pair_output",
      "description": "Legacy end-to-end Torch inference that materializes the final pair representation.",
      "dispatch": {
        "gaussian": null,
        "pair_attention_layer0": null,
        "runtime": {
          "active": false,
          "mode": "torch",
          "reason": "Torch baseline mode",
          "registered_aten_ops": [],
          "vendor_hint": null
        }
      },
      "gain_kind": "model_lifecycle",
      "mean_ms": 23.565489451090496,
      "measurement_scope": "none",
      "p20_ms": 23.5470849609375,
      "p50_ms": 23.554969787597656,
      "p80_ms": 23.574117736816405,
      "p95_ms": 23.636162643432616,
      "peak_allocated_mib": 1695.96435546875,
      "peak_delta_allocated_mib": 1618.09326171875,
      "peak_delta_reserved_mib": 0.0,
      "peak_reserved_mib": 2222.0,
      "sample_count": 30,
      "samples_ms": [
        23.56531219482422,
        23.554867553710938,
        23.55589141845703,
        23.558348083496092,
        23.542988586425782,
        23.54872283935547,
        23.554457092285155,
        23.544422912597657,
        23.54913330078125,
        23.544216918945313,
        23.54851837158203,
        23.55916748046875,
        23.538482666015625,
        23.54749450683594,
        23.55671081542969,
        23.58067169189453,
        23.553228759765624,
        23.555072021484374,
        23.543193054199218,
        23.54544677734375,
        23.55589141845703,
        23.5931640625,
        23.572479248046875,
        23.553843688964843,
        23.64252166748047,
        23.571865844726563,
        23.628390502929687,
        23.554867553710938,
        23.655628967285157,
        23.589683532714844
      ],
      "scope": "end_to_end",
      "stage": "P0_legacy_pair_output",
      "status": "measured",
      "validation": {
        "atol": 3e-05,
        "last_hidden_state_sha256": "6816c64679fdc1af5fb5fe502e53428f0aca070acba8d604c3cc14b247fbe7fc",
        "rtol": 0.0003,
        "status": "passed"
      }
    },
    {
      "calls_per_sample": 5,
      "comparison_baseline": "P1_canonical_torch",
      "description": "Canonical Torch inference that omits the unused final pair representation.",
      "dispatch": {
        "gaussian": null,
        "pair_attention_layer0": null,
        "runtime": {
          "active": false,
          "mode": "torch",
          "reason": "Torch baseline mode",
          "registered_aten_ops": [],
          "vendor_hint": null
        }
      },
      "gain_kind": "model_lifecycle",
      "mean_ms": 23.115263926188153,
      "measurement_scope": "none",
      "p20_ms": 23.099678649902344,
      "p50_ms": 23.10666275024414,
      "p80_ms": 23.116512756347657,
      "p95_ms": 23.148216094970703,
      "peak_allocated_mib": 1662.318359375,
      "peak_delta_allocated_mib": 1618.09326171875,
      "peak_delta_reserved_mib": 0.0,
      "peak_reserved_mib": 2222.0,
      "sample_count": 30,
      "samples_ms": [
        23.150796508789064,
        23.109222412109375,
        23.1088134765625,
        23.09898223876953,
        23.11065673828125,
        23.100621032714844,
        23.100621032714844,
        23.096524047851563,
        23.090176391601563,
        23.141375732421874,
        23.121919250488283,
        23.09980163574219,
        23.112089538574217,
        23.1077880859375,
        23.269375610351563,
        23.10102996826172,
        23.105535888671874,
        23.101644897460936,
        23.107174682617188,
        23.145062255859376,
        23.09918670654297,
        23.106150817871093,
        23.105740356445313,
        23.096115112304688,
        23.10963134765625,
        23.096730041503907,
        23.103692626953126,
        23.109222412109375,
        23.13707580566406,
        23.1151611328125
      ],
      "scope": "end_to_end",
      "stage": "P1_canonical_torch",
      "status": "measured",
      "validation": {
        "atol": 3e-05,
        "last_hidden_state_sha256": "6816c64679fdc1af5fb5fe502e53428f0aca070acba8d604c3cc14b247fbe7fc",
        "rtol": 0.0003,
        "status": "passed"
      }
    },
    {
      "calls_per_sample": 5,
      "comparison_baseline": "P1_canonical_torch",
      "description": "Frozen FlagGems stock ATen scope created and destroyed for every model call.",
      "dispatch": {
        "gaussian": null,
        "pair_attention_layer0": null,
        "runtime": {
          "active": true,
          "mode": "stock",
          "reason": "scoped FlagGems ATen dispatch",
          "registered_aten_ops": [
            "addmm",
            "baddbmm",
            "bmm",
            "softmax",
            "softmax_out"
          ],
          "vendor_hint": "nvidia"
        }
      },
      "gain_kind": "flaggems_lifecycle",
      "mean_ms": 21.82395207722982,
      "measurement_scope": "per_call",
      "p20_ms": 21.777326049804685,
      "p50_ms": 21.789491271972658,
      "p80_ms": 21.803540039062497,
      "p95_ms": 21.93637321472168,
      "peak_allocated_mib": 1662.318359375,
      "peak_delta_allocated_mib": 1618.09326171875,
      "peak_delta_reserved_mib": 0.0,
      "peak_reserved_mib": 2222.0,
      "sample_count": 30,
      "samples_ms": [
        22.449151611328126,
        21.938584899902345,
        21.933670043945312,
        21.77392578125,
        21.918310546875,
        21.81529541015625,
        21.790310668945313,
        21.803007507324217,
        21.788876342773438,
        21.78314208984375,
        21.791539001464844,
        21.79788818359375,
        21.802394104003906,
        21.796044921875,
        21.79420166015625,
        21.78990020751953,
        21.77269744873047,
        21.789082336425782,
        21.777407836914062,
        21.77208251953125,
        21.805670166015624,
        21.77433624267578,
        21.79071960449219,
        21.786419677734376,
        21.782322692871094,
        21.785804748535156,
        21.775360107421875,
        21.776998901367186,
        21.77945556640625,
        21.783961486816406
      ],
      "scope": "end_to_end",
      "stage": "F0_stock_lifecycle",
      "status": "measured",
      "validation": {
        "atol": 3e-05,
        "last_hidden_state_sha256": "84059258dfe967d432ac7f254bb1d4d9f2cd64b983f993690ceb6fed7693ee1e",
        "rtol": 0.0003,
        "status": "passed"
      }
    },
    {
      "calls_per_sample": 5,
      "comparison_baseline": "P1_canonical_torch",
      "description": "Frozen FlagGems stock ATen scope kept open across timed calls.",
      "dispatch": {
        "gaussian": null,
        "outer_scope": {
          "active": true,
          "mode": "stock",
          "reason": "scoped FlagGems ATen dispatch",
          "registered_aten_ops": [
            "addmm",
            "baddbmm",
            "bmm",
            "softmax",
            "softmax_out"
          ],
          "vendor_hint": "nvidia"
        },
        "pair_attention_layer0": null,
        "runtime": {
          "active": true,
          "mode": "stock",
          "reason": "scoped FlagGems ATen dispatch",
          "registered_aten_ops": [
            "addmm",
            "baddbmm",
            "bmm",
            "softmax",
            "softmax_out"
          ],
          "vendor_hint": "nvidia"
        }
      },
      "gain_kind": "stock_aten",
      "mean_ms": 21.73400410970052,
      "measurement_scope": "steady",
      "p20_ms": 21.723545532226563,
      "p50_ms": 21.728358459472656,
      "p80_ms": 21.74930938720703,
      "p95_ms": 21.755084533691406,
      "peak_allocated_mib": 1662.318359375,
      "peak_delta_allocated_mib": 1618.09326171875,
      "peak_delta_reserved_mib": 0.0,
      "peak_reserved_mib": 2222.0,
      "sample_count": 30,
      "samples_ms": [
        21.7491455078125,
        21.722317504882813,
        21.72272644042969,
        21.725798034667967,
        21.729689025878905,
        21.724774169921876,
        21.728460693359374,
        21.748736572265624,
        21.727436828613282,
        21.716581726074217,
        21.71678771972656,
        21.72395477294922,
        21.732762145996094,
        21.7169921875,
        21.73317108154297,
        21.72375030517578,
        21.7280517578125,
        21.750579833984375,
        21.756927490234375,
        21.749964904785156,
        21.743002319335936,
        21.728256225585938,
        21.731532287597656,
        21.73235168457031,
        21.722317504882813,
        21.727845764160158,
        21.7280517578125,
        21.75283203125,
        21.752423095703126,
        21.772901916503905
      ],
      "scope": "end_to_end",
      "stage": "F0_stock_steady",
      "status": "measured",
      "validation": {
        "atol": 3e-05,
        "last_hidden_state_sha256": "84059258dfe967d432ac7f254bb1d4d9f2cd64b983f993690ceb6fed7693ee1e",
        "rtol": 0.0003,
        "status": "passed"
      }
    }
  ],
  "role": "stock",
  "run_id": "stofm-r2-fp32-stock-03",
  "runtime": {
    "capability": [
      7,
      0
    ],
    "cuda": "12.4",
    "device": "Tesla V100-SXM2-16GB",
    "environment": {
      "CUBLAS_WORKSPACE_CONFIG": null,
      "CUDA_VISIBLE_DEVICES": "0",
      "PYTORCH_CUDA_ALLOC_CONF": null,
      "TORCHINDUCTOR_CACHE_DIR": null,
      "TORCHINDUCTOR_COMPILE_THREADS": "1"
    },
    "nvidia_smi": [
      {
        "driver": "550.144.03",
        "index": "0",
        "memory_total_mib": "16384",
        "name": "Tesla V100-SXM2-16GB"
      },
      {
        "driver": "550.144.03",
        "index": "1",
        "memory_total_mib": "16384",
        "name": "Tesla V100-SXM2-16GB"
      },
      {
        "driver": "550.144.03",
        "index": "2",
        "memory_total_mib": "11264",
        "name": "NVIDIA GeForce GTX 1080 Ti"
      }
    ],
    "pip_freeze": [
      "-e git+https://github.com/priestess-bot/FlagGems.git@03bf364ede763d573d5c30124d554283a209ab85#egg=flag_gems&subdirectory=../../../FlagGems-stock-r2",
      "GitPython==3.1.50",
      "Jinja2==3.1.6",
      "MarkupSafe==3.0.3",
      "PyYAML==6.0.3",
      "Pygments==2.20.0",
      "SQLAlchemy==2.0.48",
      "absl-py==2.4.0",
      "accelerate==1.13.0",
      "aiohappyeyeballs==2.6.2",
      "aiohttp==3.13.5",
      "aiosignal==1.4.0",
      "annotated-doc==0.0.4",
      "annotated-types==0.7.0",
      "anyio==4.13.0",
      "argon2-cffi-bindings==25.1.0",
      "argon2-cffi==25.1.0",
      "attrs==26.1.0",
      "backoff==2.2.1",
      "catboost==1.2.10",
      "certifi==2026.5.20",
      "cffi==2.0.0",
      "charset-normalizer==3.4.7",
      "chronos-forecasting==2.2.2",
      "click==8.4.1",
      "contourpy==1.3.3",
      "cramjam==2.11.0",
      "cycler==0.12.1",
      "datasets==4.8.5",
      "dill==0.4.1",
      "distro==1.9.0",
      "einops==0.8.2",
      "einshape==1.0",
      "eval_type_backport==0.3.1",
      "evaluate==0.4.6",
      "faiss-cpu==1.14.2",
      "fastparquet==2026.5.0",
      "filelock==3.29.0",
      "flatbuffers==25.12.19",
      "fonttools==4.63.0",
      "frozenlist==1.8.0",
      "fsspec==2026.2.0",
      "gitdb==4.0.12",
      "gluonts==0.16.2",
      "grad-cam==1.5.5",
      "graphviz==0.21",
      "greenlet==3.5.5",
      "h11==0.16.0",
      "hf-xet==1.5.1",
      "httpcore==1.0.9",
      "httpx==0.28.1",
      "huggingface_hub==0.36.2",
      "idna==3.17",
      "iniconfig==2.3.0",
      "inquirerpy==0.3.4",
      "insightface==1.0.1",
      "joblib==1.5.3",
      "kiwisolver==1.5.0",
      "liac-arff==2.5.0",
      "lightgbm==4.6.0",
      "littleutils==0.2.4",
      "llvmlite==0.47.0",
      "lxml==6.1.1",
      "markdown-it-py==4.2.0",
      "matplotlib==3.10.9",
      "mdurl==0.1.2",
      "minio==7.2.20",
      "ml_dtypes==0.5.4",
      "modelscope==1.37.1",
      "mpmath==1.3.0",
      "multidict==6.7.1",
      "multiprocess==0.70.19",
      "narwhals==2.21.2",
      "networkx==3.6.1",
      "nltk==3.9.4",
      "numba==0.65.1",
      "numpy==2.1.3",
      "nvidia-cublas-cu12==12.4.5.8",
      "nvidia-cuda-cupti-cu12==12.4.127",
      "nvidia-cuda-nvrtc-cu12==12.4.127",
      "nvidia-cuda-runtime-cu12==12.4.127",
      "nvidia-cudnn-cu12==9.1.0.70",
      "nvidia-cufft-cu12==11.2.1.3",
      "nvidia-curand-cu12==10.3.5.147",
      "nvidia-cusolver-cu12==11.6.1.9",
      "nvidia-cusparse-cu12==12.3.1.170",
      "nvidia-cusparselt-cu12==0.6.2",
      "nvidia-ml-py==13.595.45",
      "nvidia-nccl-cu12==2.21.5",
      "nvidia-nvjitlink-cu12==12.4.127",
      "nvidia-nvtx-cu12==12.4.127",
      "ogb==1.3.6",
      "onnx==1.21.0",
      "onnxruntime-gpu==1.26.0",
      "onnxruntime==1.26.0",
      "opencv-python==4.13.0.92",
      "openml==0.15.1",
      "optimum-onnx==0.1.0",
      "optimum==2.1.0",
      "outdated==0.2.2",
      "packaging==26.0",
      "pandas==3.0.3",
      "patsy==1.0.2",
      "peft==0.19.1",
      "pfzy==0.3.4",
      "pillow==12.2.0",
      "pip==24.0",
      "platformdirs==4.10.0",
      "plotly==6.7.0",
      "pluggy==1.6.0",
      "posthog==7.16.2",
      "prompt_toolkit==3.0.52",
      "propcache==0.5.2",
      "protobuf==7.35.0",
      "psutil==7.2.2",
      "pyarrow==24.0.0",
      "pycparser==3.0",
      "pycryptodome==3.23.0",
      "pydantic-settings==2.14.1",
      "pydantic==2.13.4",
      "pydantic_core==2.46.4",
      "pynndescent==0.6.0",
      "pyparsing==3.3.2",
      "pytest==9.0.3",
      "python-dateutil==2.9.0.post0",
      "python-docx==1.2.0",
      "python-dotenv==1.2.2",
      "pytz==2026.2",
      "rank-bm25==0.2.2",
      "regex==2026.5.9",
      "requests==2.34.2",
      "rich==15.0.0",
      "rouge_score==0.1.2",
      "rtdl_num_embeddings==0.0.12",
      "safetensors==0.7.0",
      "scikit-image==0.26.0",
      "scikit-learn==1.8.0",
      "scipy==1.17.1",
      "seaborn==0.13.2",
      "sentence-transformers==5.5.1",
      "sentry-sdk==2.61.0",
      "setuptools==79.0.1",
      "shellingham==1.5.4",
      "six==1.17.0",
      "smmap==5.0.3",
      "spuco==2.0.3",
      "statsmodels==0.14.6",
      "sympy==1.13.1",
      "tabm==0.0.3",
      "tabpfn-common-utils==0.2.21",
      "tabpfn==8.0.3",
      "threadpoolctl==3.6.0",
      "timesfm==1.3.0",
      "timm==1.0.27",
      "tokenizers==0.22.2",
      "toolz==0.12.1",
      "torch==2.6.0+cu124",
      "torchaudio==2.6.0+cu124",
      "torchvision==0.21.0+cu124",
      "tqdm==4.68.1",
      "transformers==4.57.6",
      "triton==3.2.0",
      "ttach==0.0.3",
      "typer==0.25.1",
      "typing-inspection==0.4.2",
      "typing_extensions==4.15.0",
      "tzdata==2026.2",
      "umap-learn==0.5.12",
      "urllib3==2.7.0",
      "utilsforecast==0.2.16",
      "wandb==0.27.0",
      "wcwidth==0.7.0",
      "wheel==0.47.0",
      "wilds==2.0.0",
      "xgboost==3.2.0",
      "xmltodict==1.0.4",
      "xxhash==3.7.0",
      "yarl==1.24.2"
    ],
    "platform": "Linux-6.8.0-124-generic-x86_64-with-glibc2.35",
    "python": "3.11.15",
    "torch": "2.6.0+cu124",
    "torch_backend": {
      "allow_tf32_cudnn": true,
      "allow_tf32_matmul": false,
      "cudnn_benchmark": false,
      "float32_matmul_precision": "highest"
    }
  },
  "schema_version": 2,
  "workload": {
    "batch_size": 1,
    "embedding_dim": 256,
    "ffn_embedding_dim": 256,
    "gaussian_hidden_dim": 128,
    "heads": 8,
    "input_dim": 256,
    "layers": 4,
    "nodes": 1050,
    "return_pair_rep": false,
    "seed": 20260815
  }
}
