/home/ymm/miniconda3/envs/ai_paper_0530/lib/python3.11/site-packages/torch/library.py:349: UserWarning: Warning only once for all operators,  other operators may also be overridden.
  Overriding a previously registered kernel for the same operator and the same dispatch key
  operator: aten::baddbmm(Tensor self, Tensor batch1, Tensor batch2, *, Scalar beta=1, Scalar alpha=1) -> Tensor
    registered at /pytorch/build/aten/src/ATen/RegisterSchema.cpp:6
  dispatch key: CUDA
  previous kernel: registered at /pytorch/aten/src/ATen/autocast_mode.cpp:169
       new kernel: registered at /dev/null:136 (Triggered internally at /pytorch/aten/src/ATen/core/dispatch/OperatorEntry.cpp:154.)
  self.m.impl(
[INFO] : FlagGems Unsupported GPU arch Tesla V100-SXM2-16GB specialization
{
  "benchmark_suite": "registered_ops",
  "commits": {
    "flaggems": "399d0381ed63a79018f3112ecc43894fd58ba052",
    "stofm": "fc37f17c25f1c925da451134c979a45d2dbec6bb"
  },
  "created_at_utc": "2026-08-15T17:00:14.797498+00:00",
  "flaggems_source": {
    "imported_package": "/home/ymm/ym/xl/20260815-first-operator/FlagGems-stofm/src/flag_gems/__init__.py",
    "requested_root": "/home/ymm/ym/xl/20260815-first-operator/FlagGems-stofm",
    "source_path": "/home/ymm/ym/xl/20260815-first-operator/FlagGems-stofm/src"
  },
  "measurement": {
    "calls_per_sample": 5,
    "compile_included": false,
    "inference_mode": true,
    "repetitions": 30,
    "tf32": false,
    "timer": "cuda_events",
    "warmup": 10
  },
  "precision": "fp32",
  "reference": {
    "atol": 3e-05,
    "last_hidden_state_sha256": "6816c64679fdc1af5fb5fe502e53428f0aca070acba8d604c3cc14b247fbe7fc",
    "rtol": 0.0003,
    "stage": "pure_pytorch_reference"
  },
  "results": [
    {
      "calls_per_sample": 5,
      "comparison_baseline": "unoptimized_flagos_steady",
      "custom_operator_trace": [
        "flagos_stofm::gaussian_pair_bias"
      ],
      "description": "Only the registered Gaussian custom operator; ATen overrides are disabled.",
      "dispatch": {
        "gaussian": {
          "operator": "gaussian_pair_bias",
          "precision": "fp32",
          "reason": "explicit NVIDIA native inference backend",
          "requested": "nvidia",
          "selected": "nvidia"
        },
        "outer_scope": {
          "active": false,
          "mode": "optimized",
          "reason": "FlagOS ATen dispatch is disabled for custom-operator isolation",
          "registered_aten_ops": [],
          "vendor_hint": null
        },
        "pair_attention_layer0": null,
        "runtime": {
          "active": false,
          "mode": "optimized",
          "reason": "FlagOS ATen dispatch is disabled for custom-operator isolation",
          "registered_aten_ops": [],
          "vendor_hint": null
        }
      },
      "gain_kind": "registered_custom_operator",
      "mean_ms": 16.455830637613932,
      "measurement_scope": "steady",
      "p20_ms": 16.408266601562502,
      "p50_ms": 16.458870697021485,
      "p80_ms": 16.473884887695313,
      "p95_ms": 16.546993331909178,
      "peak_allocated_mib": 228.0458984375,
      "peak_delta_allocated_mib": 183.82080078125,
      "peak_delta_reserved_mib": 0.0,
      "peak_reserved_mib": 1682.0,
      "sample_count": 30,
      "samples_ms": [
        16.40331573486328,
        16.408026123046874,
        16.400717163085936,
        16.40515899658203,
        16.413722229003906,
        16.40672607421875,
        16.408326721191408,
        16.402854919433594,
        16.410182189941406,
        16.461785888671876,
        16.459686279296875,
        16.45959014892578,
        16.465190124511718,
        16.45038757324219,
        16.454515075683595,
        16.44830780029297,
        16.473004150390626,
        16.458297729492188,
        16.451641845703126,
        16.467698669433595,
        16.47740783691406,
        16.463487243652345,
        16.45649871826172,
        16.459443664550783,
        16.52821044921875,
        16.56236114501953,
        16.477952575683595,
        16.564422607421875,
        16.50719299316406,
        16.46880645751953
      ],
      "scope": "end_to_end",
      "stage": "gaussian_registered_operator_only",
      "status": "measured",
      "validation": {
        "atol": 3e-05,
        "last_hidden_state_sha256": "d3dd2655f26620418fe552f4446d90aa16aef268ef405ccb8cdc9eff5e67843e",
        "rtol": 0.0003,
        "status": "passed"
      }
    },
    {
      "calls_per_sample": 5,
      "comparison_baseline": "unoptimized_flagos_steady",
      "custom_operator_trace": [
        "flagos_stofm::pair_score_epilogue"
      ],
      "description": "Only the registered pair-score custom operator; ATen overrides are disabled.",
      "dispatch": {
        "gaussian": null,
        "outer_scope": {
          "active": false,
          "mode": "optimized",
          "reason": "FlagOS ATen dispatch is disabled for custom-operator isolation",
          "registered_aten_ops": [],
          "vendor_hint": null
        },
        "pair_attention_layer0": {
          "operator": "pair_attention",
          "precision": "fp32",
          "reason": "explicit NVIDIA native inference backend",
          "requested": "nvidia",
          "selected": "nvidia"
        },
        "runtime": {
          "active": false,
          "mode": "optimized",
          "reason": "FlagOS ATen dispatch is disabled for custom-operator isolation",
          "registered_aten_ops": [],
          "vendor_hint": null
        }
      },
      "gain_kind": "registered_custom_operator",
      "mean_ms": 20.56643112182617,
      "measurement_scope": "steady",
      "p20_ms": 20.560148925781252,
      "p50_ms": 20.56714859008789,
      "p80_ms": 20.571122131347657,
      "p95_ms": 20.57765037536621,
      "peak_allocated_mib": 1662.318359375,
      "peak_delta_allocated_mib": 1618.09326171875,
      "peak_delta_reserved_mib": 0.0,
      "peak_reserved_mib": 1682.0,
      "sample_count": 30,
      "samples_ms": [
        20.581829833984376,
        20.568345642089845,
        20.570771789550783,
        20.561062622070313,
        20.56897888183594,
        20.57129669189453,
        20.579922485351563,
        20.56914520263672,
        20.565965270996095,
        20.57487335205078,
        20.56030731201172,
        20.568453979492187,
        20.562066650390626,
        20.56339874267578,
        20.560076904296874,
        20.5623291015625,
        20.573727416992188,
        20.56610565185547,
        20.560166931152345,
        20.556646728515624,
        20.559059143066406,
        20.571078491210937,
        20.56968994140625,
        20.566534423828124,
        20.56895294189453,
        20.57160339355469,
        20.558714294433592,
        20.567762756347655,
        20.556576538085938,
        20.55749053955078
      ],
      "scope": "end_to_end",
      "stage": "pair_score_registered_operator_only",
      "status": "measured",
      "validation": {
        "atol": 3e-05,
        "last_hidden_state_sha256": "2cb6c94b35f9bc48b2d4201c386c5477f1670960c12db91787888eb4d13e6941",
        "rtol": 0.0003,
        "status": "passed"
      }
    },
    {
      "calls_per_sample": 5,
      "comparison_baseline": "unoptimized_flagos_steady",
      "custom_operator_trace": [
        "flagos_stofm::gaussian_pair_bias",
        "flagos_stofm::pair_score_epilogue"
      ],
      "description": "Both registered SToFM custom operators; ATen overrides are disabled.",
      "dispatch": {
        "gaussian": {
          "operator": "gaussian_pair_bias",
          "precision": "fp32",
          "reason": "explicit NVIDIA native inference backend",
          "requested": "nvidia",
          "selected": "nvidia"
        },
        "outer_scope": {
          "active": false,
          "mode": "optimized",
          "reason": "FlagOS ATen dispatch is disabled for custom-operator isolation",
          "registered_aten_ops": [],
          "vendor_hint": null
        },
        "pair_attention_layer0": {
          "operator": "pair_attention",
          "precision": "fp32",
          "reason": "explicit NVIDIA native inference backend",
          "requested": "nvidia",
          "selected": "nvidia"
        },
        "runtime": {
          "active": false,
          "mode": "optimized",
          "reason": "FlagOS ATen dispatch is disabled for custom-operator isolation",
          "registered_aten_ops": [],
          "vendor_hint": null
        }
      },
      "gain_kind": "registered_custom_operator_combined",
      "mean_ms": 13.910594329833984,
      "measurement_scope": "steady",
      "p20_ms": 13.884732055664063,
      "p50_ms": 13.892851257324217,
      "p80_ms": 13.905542907714844,
      "p95_ms": 13.972232894897461,
      "peak_allocated_mib": 223.73583984375,
      "peak_delta_allocated_mib": 179.5107421875,
      "peak_delta_reserved_mib": 0.0,
      "peak_reserved_mib": 1682.0,
      "sample_count": 30,
      "samples_ms": [
        13.938450622558594,
        13.9880126953125,
        13.895724487304687,
        13.88392333984375,
        13.883775329589843,
        13.898745727539062,
        13.908537292480469,
        13.899378967285156,
        13.95294647216797,
        14.22252197265625,
        13.898527526855469,
        13.900422668457031,
        13.890567016601562,
        13.883724975585938,
        13.89000244140625,
        13.904403686523438,
        13.904794311523437,
        13.884786987304688,
        13.891001892089843,
        13.888812255859374,
        13.886956787109375,
        13.900837707519532,
        13.884115600585938,
        13.884512329101563,
        13.894412231445312,
        13.886912536621093,
        13.891290283203125,
        13.88341827392578,
        13.887449645996094,
        13.908863830566407
      ],
      "scope": "end_to_end",
      "stage": "registered_operators_only_combined",
      "status": "measured",
      "validation": {
        "atol": 3e-05,
        "last_hidden_state_sha256": "82e7b069a57c45cd0beb4e5093d3d5a8dad7801832a212a2b7ecfe8d96a84e3f",
        "rtol": 0.0003,
        "status": "passed"
      }
    },
    {
      "calls_per_sample": 5,
      "comparison_baseline": "unoptimized_flagos_steady",
      "custom_operator_trace": [
        "flagos_stofm::gaussian_pair_bias",
        "flagos_stofm::pair_score_epilogue"
      ],
      "description": "Registered SToFM custom operators plus the existing FlagOS ATen scope held open.",
      "dispatch": {
        "gaussian": {
          "operator": "gaussian_pair_bias",
          "precision": "fp32",
          "reason": "registered CUDA custom-operator backend",
          "requested": "auto",
          "selected": "nvidia"
        },
        "outer_scope": {
          "active": true,
          "mode": "optimized",
          "reason": "scoped FlagGems ATen dispatch",
          "registered_aten_ops": [
            "addmm",
            "baddbmm",
            "bmm",
            "softmax",
            "softmax_out"
          ],
          "vendor_hint": "nvidia"
        },
        "pair_attention_layer0": {
          "operator": "pair_attention",
          "precision": "fp32",
          "reason": "explicit NVIDIA native inference backend",
          "requested": "nvidia",
          "selected": "nvidia"
        },
        "runtime": {
          "active": true,
          "mode": "optimized",
          "reason": "scoped FlagGems ATen dispatch",
          "registered_aten_ops": [
            "addmm",
            "baddbmm",
            "bmm",
            "softmax",
            "softmax_out"
          ],
          "vendor_hint": "nvidia"
        }
      },
      "gain_kind": "registered_custom_operator_plus_flagos_aten",
      "mean_ms": 13.534058176676432,
      "measurement_scope": "steady",
      "p20_ms": 13.525826721191406,
      "p50_ms": 13.531216430664063,
      "p80_ms": 13.537491149902344,
      "p95_ms": 13.555532531738281,
      "peak_allocated_mib": 223.73583984375,
      "peak_delta_allocated_mib": 179.5107421875,
      "peak_delta_reserved_mib": 0.0,
      "peak_reserved_mib": 1682.0,
      "sample_count": 30,
      "samples_ms": [
        13.531309509277344,
        13.55849609375,
        13.52782745361328,
        13.525849914550781,
        13.532025146484376,
        13.524359130859375,
        13.530221557617187,
        13.551910400390625,
        13.532652282714844,
        13.53802947998047,
        13.527378845214844,
        13.54633026123047,
        13.53704376220703,
        13.523123168945313,
        13.52740478515625,
        13.537254333496094,
        13.529069519042968,
        13.537356567382812,
        13.528562927246094,
        13.528378295898438,
        13.524659729003906,
        13.525733947753906,
        13.533273315429687,
        13.523110961914062,
        13.53112335205078,
        13.536460876464844,
        13.542515563964844,
        13.571405029296875,
        13.53448944091797,
        13.5243896484375
      ],
      "scope": "end_to_end",
      "stage": "registered_operators_with_flagos_aten_steady",
      "status": "measured",
      "validation": {
        "atol": 3e-05,
        "last_hidden_state_sha256": "90845eeaaea0188765204aec54082b3dc8ec0f5d9f6e3aba8afc693364ebe9c4",
        "rtol": 0.0003,
        "status": "passed"
      }
    },
    {
      "calls_per_sample": 5,
      "comparison_baseline": "unoptimized_flagos_steady",
      "custom_operator_trace": [
        "flagos_stofm::gaussian_pair_bias",
        "flagos_stofm::pair_score_epilogue"
      ],
      "description": "Registered SToFM custom operators plus the existing FlagOS ATen scope per call.",
      "dispatch": {
        "gaussian": {
          "operator": "gaussian_pair_bias",
          "precision": "fp32",
          "reason": "registered CUDA custom-operator backend",
          "requested": "auto",
          "selected": "nvidia"
        },
        "pair_attention_layer0": {
          "operator": "pair_attention",
          "precision": "fp32",
          "reason": "explicit NVIDIA native inference backend",
          "requested": "nvidia",
          "selected": "nvidia"
        },
        "runtime": {
          "active": true,
          "mode": "optimized",
          "reason": "scoped FlagGems ATen dispatch",
          "registered_aten_ops": [
            "addmm",
            "baddbmm",
            "bmm",
            "softmax",
            "softmax_out"
          ],
          "vendor_hint": "nvidia"
        }
      },
      "gain_kind": "registered_custom_operator_plus_flagos_lifecycle",
      "mean_ms": 13.544325002034505,
      "measurement_scope": "per_call",
      "p20_ms": 13.532939758300781,
      "p50_ms": 13.542044830322265,
      "p80_ms": 13.55029022216797,
      "p95_ms": 13.571962890625,
      "peak_allocated_mib": 223.73583984375,
      "peak_delta_allocated_mib": 179.5107421875,
      "peak_delta_reserved_mib": 0.0,
      "peak_reserved_mib": 1682.0,
      "sample_count": 30,
      "samples_ms": [
        13.529081726074219,
        13.530189514160156,
        13.531436157226562,
        13.53795166015625,
        13.550566101074219,
        13.543923950195312,
        13.542591857910157,
        13.550111389160156,
        13.53623046875,
        13.55932159423828,
        13.573951721191406,
        13.56829376220703,
        13.543962097167968,
        13.535462951660156,
        13.550221252441407,
        13.545823669433593,
        13.533158874511718,
        13.528282165527344,
        13.54295654296875,
        13.531974792480469,
        13.573440551757812,
        13.549165344238281,
        13.539628601074218,
        13.545639038085938,
        13.535494995117187,
        13.541497802734375,
        13.570156860351563,
        13.540524291992188,
        13.536647033691406,
        13.532063293457032
      ],
      "scope": "end_to_end",
      "stage": "registered_operators_with_flagos_aten_lifecycle",
      "status": "measured",
      "validation": {
        "atol": 3e-05,
        "last_hidden_state_sha256": "90845eeaaea0188765204aec54082b3dc8ec0f5d9f6e3aba8afc693364ebe9c4",
        "rtol": 0.0003,
        "status": "passed"
      }
    }
  ],
  "role": "optimized",
  "run_id": "stofm-registered_ops-fp32-optimized-01",
  "runtime": {
    "capability": [
      7,
      0
    ],
    "cuda": "12.4",
    "device": "Tesla V100-SXM2-16GB",
    "environment": {
      "CUBLAS_WORKSPACE_CONFIG": null,
      "CUDA_VISIBLE_DEVICES": "0",
      "PYTORCH_CUDA_ALLOC_CONF": null,
      "TORCHINDUCTOR_CACHE_DIR": null,
      "TORCHINDUCTOR_COMPILE_THREADS": null
    },
    "nvidia_smi": [
      {
        "driver": "550.144.03",
        "index": "0",
        "memory_total_mib": "16384",
        "name": "Tesla V100-SXM2-16GB"
      },
      {
        "driver": "550.144.03",
        "index": "1",
        "memory_total_mib": "16384",
        "name": "Tesla V100-SXM2-16GB"
      },
      {
        "driver": "550.144.03",
        "index": "2",
        "memory_total_mib": "11264",
        "name": "NVIDIA GeForce GTX 1080 Ti"
      }
    ],
    "pip_freeze": [
      "-e git+https://github.com/priestess-bot/FlagGems.git@399d0381ed63a79018f3112ecc43894fd58ba052#egg=flag_gems",
      "GitPython==3.1.50",
      "Jinja2==3.1.6",
      "MarkupSafe==3.0.3",
      "PyYAML==6.0.3",
      "Pygments==2.20.0",
      "SQLAlchemy==2.0.48",
      "absl-py==2.4.0",
      "accelerate==1.13.0",
      "aiohappyeyeballs==2.6.2",
      "aiohttp==3.13.5",
      "aiosignal==1.4.0",
      "annotated-doc==0.0.4",
      "annotated-types==0.7.0",
      "anyio==4.13.0",
      "argon2-cffi-bindings==25.1.0",
      "argon2-cffi==25.1.0",
      "attrs==26.1.0",
      "backoff==2.2.1",
      "catboost==1.2.10",
      "certifi==2026.5.20",
      "cffi==2.0.0",
      "charset-normalizer==3.4.7",
      "chronos-forecasting==2.2.2",
      "click==8.4.1",
      "contourpy==1.3.3",
      "cramjam==2.11.0",
      "cycler==0.12.1",
      "datasets==4.8.5",
      "dill==0.4.1",
      "distro==1.9.0",
      "einops==0.8.2",
      "einshape==1.0",
      "eval_type_backport==0.3.1",
      "evaluate==0.4.6",
      "faiss-cpu==1.14.2",
      "fastparquet==2026.5.0",
      "filelock==3.29.0",
      "flatbuffers==25.12.19",
      "fonttools==4.63.0",
      "frozenlist==1.8.0",
      "fsspec==2026.2.0",
      "gitdb==4.0.12",
      "gluonts==0.16.2",
      "grad-cam==1.5.5",
      "graphviz==0.21",
      "greenlet==3.5.5",
      "h11==0.16.0",
      "hf-xet==1.5.1",
      "httpcore==1.0.9",
      "httpx==0.28.1",
      "huggingface_hub==0.36.2",
      "idna==3.17",
      "iniconfig==2.3.0",
      "inquirerpy==0.3.4",
      "insightface==1.0.1",
      "joblib==1.5.3",
      "kiwisolver==1.5.0",
      "liac-arff==2.5.0",
      "lightgbm==4.6.0",
      "littleutils==0.2.4",
      "llvmlite==0.47.0",
      "lxml==6.1.1",
      "markdown-it-py==4.2.0",
      "matplotlib==3.10.9",
      "mdurl==0.1.2",
      "minio==7.2.20",
      "ml_dtypes==0.5.4",
      "modelscope==1.37.1",
      "mpmath==1.3.0",
      "multidict==6.7.1",
      "multiprocess==0.70.19",
      "narwhals==2.21.2",
      "networkx==3.6.1",
      "nltk==3.9.4",
      "numba==0.65.1",
      "numpy==2.1.3",
      "nvidia-cublas-cu12==12.4.5.8",
      "nvidia-cuda-cupti-cu12==12.4.127",
      "nvidia-cuda-nvrtc-cu12==12.4.127",
      "nvidia-cuda-runtime-cu12==12.4.127",
      "nvidia-cudnn-cu12==9.1.0.70",
      "nvidia-cufft-cu12==11.2.1.3",
      "nvidia-curand-cu12==10.3.5.147",
      "nvidia-cusolver-cu12==11.6.1.9",
      "nvidia-cusparse-cu12==12.3.1.170",
      "nvidia-cusparselt-cu12==0.6.2",
      "nvidia-ml-py==13.595.45",
      "nvidia-nccl-cu12==2.21.5",
      "nvidia-nvjitlink-cu12==12.4.127",
      "nvidia-nvtx-cu12==12.4.127",
      "ogb==1.3.6",
      "onnx==1.21.0",
      "onnxruntime-gpu==1.26.0",
      "onnxruntime==1.26.0",
      "opencv-python==4.13.0.92",
      "openml==0.15.1",
      "optimum-onnx==0.1.0",
      "optimum==2.1.0",
      "outdated==0.2.2",
      "packaging==26.0",
      "pandas==3.0.3",
      "patsy==1.0.2",
      "peft==0.19.1",
      "pfzy==0.3.4",
      "pillow==12.2.0",
      "pip==24.0",
      "platformdirs==4.10.0",
      "plotly==6.7.0",
      "pluggy==1.6.0",
      "posthog==7.16.2",
      "prompt_toolkit==3.0.52",
      "propcache==0.5.2",
      "protobuf==7.35.0",
      "psutil==7.2.2",
      "pyarrow==24.0.0",
      "pycparser==3.0",
      "pycryptodome==3.23.0",
      "pydantic-settings==2.14.1",
      "pydantic==2.13.4",
      "pydantic_core==2.46.4",
      "pynndescent==0.6.0",
      "pyparsing==3.3.2",
      "pytest==9.0.3",
      "python-dateutil==2.9.0.post0",
      "python-docx==1.2.0",
      "python-dotenv==1.2.2",
      "pytz==2026.2",
      "rank-bm25==0.2.2",
      "regex==2026.5.9",
      "requests==2.34.2",
      "rich==15.0.0",
      "rouge_score==0.1.2",
      "rtdl_num_embeddings==0.0.12",
      "safetensors==0.7.0",
      "scikit-image==0.26.0",
      "scikit-learn==1.8.0",
      "scipy==1.17.1",
      "seaborn==0.13.2",
      "sentence-transformers==5.5.1",
      "sentry-sdk==2.61.0",
      "setuptools==79.0.1",
      "shellingham==1.5.4",
      "six==1.17.0",
      "smmap==5.0.3",
      "spuco==2.0.3",
      "statsmodels==0.14.6",
      "sympy==1.13.1",
      "tabm==0.0.3",
      "tabpfn-common-utils==0.2.21",
      "tabpfn==8.0.3",
      "threadpoolctl==3.6.0",
      "timesfm==1.3.0",
      "timm==1.0.27",
      "tokenizers==0.22.2",
      "toolz==0.12.1",
      "torch==2.6.0+cu124",
      "torchaudio==2.6.0+cu124",
      "torchvision==0.21.0+cu124",
      "tqdm==4.68.1",
      "transformers==4.57.6",
      "triton==3.2.0",
      "ttach==0.0.3",
      "typer==0.25.1",
      "typing-inspection==0.4.2",
      "typing_extensions==4.15.0",
      "tzdata==2026.2",
      "umap-learn==0.5.12",
      "urllib3==2.7.0",
      "utilsforecast==0.2.16",
      "wandb==0.27.0",
      "wcwidth==0.7.0",
      "wheel==0.47.0",
      "wilds==2.0.0",
      "xgboost==3.2.0",
      "xmltodict==1.0.4",
      "xxhash==3.7.0",
      "yarl==1.24.2"
    ],
    "platform": "Linux-6.8.0-124-generic-x86_64-with-glibc2.35",
    "python": "3.11.15",
    "torch": "2.6.0+cu124",
    "torch_backend": {
      "allow_tf32_cudnn": true,
      "allow_tf32_matmul": false,
      "cudnn_benchmark": false,
      "float32_matmul_precision": "highest"
    }
  },
  "schema_version": 3,
  "workload": {
    "batch_size": 1,
    "embedding_dim": 256,
    "ffn_embedding_dim": 256,
    "gaussian_hidden_dim": 128,
    "heads": 8,
    "input_dim": 256,
    "layers": 4,
    "nodes": 1050,
    "return_pair_rep": false,
    "seed": 20260815
  }
}
