/home/ymm/miniconda3/envs/ai_paper_0530/lib/python3.11/site-packages/torch/library.py:349: UserWarning: Warning only once for all operators,  other operators may also be overridden.
  Overriding a previously registered kernel for the same operator and the same dispatch key
  operator: aten::bmm(Tensor self, Tensor mat2) -> Tensor
    registered at /pytorch/build/aten/src/ATen/RegisterSchema.cpp:6
  dispatch key: CUDA
  previous kernel: registered at /pytorch/aten/src/ATen/LegacyBatchingRegistrations.cpp:1079
       new kernel: registered at /dev/null:135 (Triggered internally at /pytorch/aten/src/ATen/core/dispatch/OperatorEntry.cpp:154.)
  self.m.impl(
[INFO] : FlagGems Unsupported GPU arch Tesla V100-SXM2-16GB specialization
{
  "commits": {
    "flaggems": "a9a96bbcc3d685482c656343e0759b7b4a5c38bc",
    "stofm": "e01b0a9d8348101815fba63224910a25830c29a9"
  },
  "created_at_utc": "2026-08-15T10:32:55.428830+00:00",
  "measurement": {
    "calls_per_sample": 5,
    "compile_included": false,
    "inference_mode": true,
    "repetitions": 30,
    "tf32": false,
    "timer": "cuda_events",
    "warmup": 10
  },
  "precision": "fp32",
  "reference": {
    "atol": 3e-05,
    "last_hidden_state_sha256": "6816c64679fdc1af5fb5fe502e53428f0aca070acba8d604c3cc14b247fbe7fc",
    "rtol": 0.0003,
    "stage": "P1_canonical_torch"
  },
  "results": [
    {
      "calls_per_sample": 5,
      "comparison_baseline": "F0_stock_steady",
      "description": "FlagGems ATen plus the explicit SToFM Gaussian compiler candidate.",
      "dispatch": {
        "gaussian": {
          "operator": "gaussian_pair_bias",
          "precision": "fp32",
          "reason": "explicit CUDA compiler backend",
          "requested": "inductor",
          "selected": "inductor"
        },
        "outer_scope": {
          "active": true,
          "mode": "optimized",
          "reason": "scoped FlagGems ATen dispatch",
          "registered_aten_ops": [
            "addmm",
            "baddbmm",
            "bmm",
            "softmax",
            "softmax_out"
          ],
          "vendor_hint": "nvidia"
        },
        "pair_attention_layer0": null,
        "runtime": {
          "active": true,
          "mode": "optimized",
          "reason": "scoped FlagGems ATen dispatch",
          "registered_aten_ops": [
            "addmm",
            "baddbmm",
            "bmm",
            "softmax",
            "softmax_out"
          ],
          "vendor_hint": "nvidia"
        }
      },
      "gain_kind": "compiler_routing",
      "mean_ms": 10.568874664306641,
      "measurement_scope": "steady",
      "p20_ms": 10.558135986328125,
      "p50_ms": 10.566246414184569,
      "p80_ms": 10.57148910522461,
      "p95_ms": 10.58282485961914,
      "peak_allocated_mib": 188.63916015625,
      "peak_delta_allocated_mib": 152.5380859375,
      "peak_delta_reserved_mib": 0.0,
      "peak_reserved_mib": 1298.0,
      "sample_count": 30,
      "samples_ms": [
        10.542694091796875,
        10.55272979736328,
        10.558258819580079,
        10.560921478271485,
        10.557030487060548,
        10.553753662109376,
        10.560102081298828,
        10.565631866455078,
        10.567884826660157,
        10.579558563232421,
        10.577305603027344,
        10.569932556152343,
        10.563584136962891,
        10.559283447265624,
        10.557644653320313,
        10.571366119384766,
        10.675405120849609,
        10.570751953125,
        10.561126708984375,
        10.566041564941406,
        10.568498992919922,
        10.566451263427734,
        10.565017700195312,
        10.567884826660157,
        10.557440185546875,
        10.567884826660157,
        10.571981048583984,
        10.5744384765625,
        10.585497283935547,
        10.570137786865235
      ],
      "scope": "end_to_end",
      "stage": "C1_gaussian_compiler",
      "status": "measured",
      "validation": {
        "atol": 3e-05,
        "last_hidden_state_sha256": "90845eeaaea0188765204aec54082b3dc8ec0f5d9f6e3aba8afc693364ebe9c4",
        "rtol": 0.0003,
        "status": "passed"
      }
    },
    {
      "calls_per_sample": 5,
      "comparison_baseline": "F0_stock_steady",
      "description": "FlagGems ATen plus the native SToFM pair-score epilogue candidate.",
      "dispatch": {
        "gaussian": null,
        "outer_scope": {
          "active": true,
          "mode": "optimized",
          "reason": "scoped FlagGems ATen dispatch",
          "registered_aten_ops": [
            "addmm",
            "baddbmm",
            "bmm",
            "softmax",
            "softmax_out"
          ],
          "vendor_hint": "nvidia"
        },
        "pair_attention_layer0": {
          "operator": "pair_attention",
          "precision": "fp32",
          "reason": "explicit NVIDIA native inference backend",
          "requested": "nvidia",
          "selected": "nvidia"
        },
        "runtime": {
          "active": true,
          "mode": "optimized",
          "reason": "scoped FlagGems ATen dispatch",
          "registered_aten_ops": [
            "addmm",
            "baddbmm",
            "bmm",
            "softmax",
            "softmax_out"
          ],
          "vendor_hint": "nvidia"
        }
      },
      "gain_kind": "custom_kernel",
      "mean_ms": 20.632903747558593,
      "measurement_scope": "steady",
      "p20_ms": 20.624507446289062,
      "p50_ms": 20.627967834472656,
      "p80_ms": 20.639007263183593,
      "p95_ms": 20.657889099121093,
      "peak_allocated_mib": 1655.1416015625,
      "peak_delta_allocated_mib": 1619.04052734375,
      "peak_delta_reserved_mib": 0.0,
      "peak_reserved_mib": 2920.0,
      "sample_count": 30,
      "samples_ms": [
        20.697088623046874,
        20.630323791503905,
        20.638720703125,
        20.62151641845703,
        20.631756591796876,
        20.62458953857422,
        20.626226806640624,
        20.64015350341797,
        20.613119506835936,
        20.626841735839843,
        20.61967315673828,
        20.628070068359374,
        20.6276611328125,
        20.62458953857422,
        20.64814147949219,
        20.664524841308594,
        20.632984924316407,
        20.631756591796876,
        20.63134765625,
        20.626637268066407,
        20.637490844726564,
        20.62581787109375,
        20.649778747558592,
        20.624179077148437,
        20.61844482421875,
        20.62274627685547,
        20.641996765136717,
        20.624998474121092,
        20.627865600585938,
        20.628070068359374
      ],
      "scope": "end_to_end",
      "stage": "C2_pair_native_epilogue",
      "status": "measured",
      "validation": {
        "atol": 3e-05,
        "last_hidden_state_sha256": "84059258dfe967d432ac7f254bb1d4d9f2cd64b983f993690ceb6fed7693ee1e",
        "rtol": 0.0003,
        "status": "passed"
      }
    },
    {
      "calls_per_sample": 5,
      "comparison_baseline": "F0_stock_steady",
      "description": "Combined optimized FlagGems route including temporary scope lifecycle.",
      "dispatch": {
        "gaussian": {
          "operator": "gaussian_pair_bias",
          "precision": "fp32",
          "reason": "CUDA compiler backend",
          "requested": "auto",
          "selected": "inductor"
        },
        "pair_attention_layer0": {
          "operator": "pair_attention",
          "precision": "fp32",
          "reason": "explicit NVIDIA native inference backend",
          "requested": "nvidia",
          "selected": "nvidia"
        },
        "runtime": {
          "active": true,
          "mode": "optimized",
          "reason": "scoped FlagGems ATen dispatch",
          "registered_aten_ops": [
            "addmm",
            "baddbmm",
            "bmm",
            "softmax",
            "softmax_out"
          ],
          "vendor_hint": "nvidia"
        }
      },
      "gain_kind": "flaggems_lifecycle",
      "mean_ms": 9.579560979207356,
      "measurement_scope": "per_call",
      "p20_ms": 9.51889892578125,
      "p50_ms": 9.531904220581055,
      "p80_ms": 9.568460540771484,
      "p95_ms": 9.84087562561035,
      "peak_allocated_mib": 181.2529296875,
      "peak_delta_allocated_mib": 145.15185546875,
      "peak_delta_reserved_mib": 0.0,
      "peak_reserved_mib": 2920.0,
      "sample_count": 30,
      "samples_ms": [
        9.567231750488281,
        9.530777740478516,
        9.507430267333984,
        9.50804443359375,
        9.509478759765624,
        9.503334045410156,
        9.723289489746094,
        9.529958343505859,
        10.068377685546874,
        9.519308471679688,
        9.52279052734375,
        9.5172607421875,
        9.533030700683593,
        9.519923400878906,
        9.884467315673827,
        9.787596893310546,
        9.548799896240235,
        9.643827056884765,
        9.526067352294922,
        9.539788818359375,
        9.573375701904297,
        9.550028991699218,
        9.558425903320312,
        9.533439636230469,
        9.521766662597656,
        9.519923400878906,
        9.514189147949219,
        9.521356964111328,
        9.561293029785157,
        9.542246246337891
      ],
      "scope": "end_to_end",
      "stage": "Ffinal_optimized_lifecycle",
      "status": "measured",
      "validation": {
        "atol": 3e-05,
        "last_hidden_state_sha256": "90845eeaaea0188765204aec54082b3dc8ec0f5d9f6e3aba8afc693364ebe9c4",
        "rtol": 0.0003,
        "status": "passed"
      }
    },
    {
      "calls_per_sample": 5,
      "comparison_baseline": "F0_stock_steady",
      "description": "Combined FlagGems ATen, Gaussian compiler, and pair epilogue steady-state route.",
      "dispatch": {
        "gaussian": {
          "operator": "gaussian_pair_bias",
          "precision": "fp32",
          "reason": "CUDA compiler backend",
          "requested": "auto",
          "selected": "inductor"
        },
        "outer_scope": {
          "active": true,
          "mode": "optimized",
          "reason": "scoped FlagGems ATen dispatch",
          "registered_aten_ops": [
            "addmm",
            "baddbmm",
            "bmm",
            "softmax",
            "softmax_out"
          ],
          "vendor_hint": "nvidia"
        },
        "pair_attention_layer0": {
          "operator": "pair_attention",
          "precision": "fp32",
          "reason": "explicit NVIDIA native inference backend",
          "requested": "nvidia",
          "selected": "nvidia"
        },
        "runtime": {
          "active": true,
          "mode": "optimized",
          "reason": "scoped FlagGems ATen dispatch",
          "registered_aten_ops": [
            "addmm",
            "baddbmm",
            "bmm",
            "softmax",
            "softmax_out"
          ],
          "vendor_hint": "nvidia"
        }
      },
      "gain_kind": "combined",
      "mean_ms": 9.572768427530924,
      "measurement_scope": "steady",
      "p20_ms": 9.476055297851563,
      "p50_ms": 9.481727981567383,
      "p80_ms": 9.641206054687501,
      "p95_ms": 9.968701362609863,
      "peak_allocated_mib": 181.2529296875,
      "peak_delta_allocated_mib": 145.15185546875,
      "peak_delta_reserved_mib": 0.0,
      "peak_reserved_mib": 2920.0,
      "sample_count": 30,
      "samples_ms": [
        9.478144073486328,
        9.471180725097657,
        9.940991973876953,
        10.113843536376953,
        9.991372680664062,
        9.551667022705079,
        9.495346832275391,
        9.52258529663086,
        9.487155151367187,
        9.490841674804688,
        9.47957763671875,
        9.541222381591798,
        9.746022033691407,
        9.692160034179688,
        9.470771026611327,
        9.480397033691407,
        9.48305892944336,
        9.47609634399414,
        9.472000122070312,
        9.47589111328125,
        9.477529907226563,
        9.470771026611327,
        9.47957763671875,
        9.475686645507812,
        9.478553771972656,
        9.585254669189453,
        9.628467559814453,
        9.770393371582031,
        9.480191802978515,
        9.476300811767578
      ],
      "scope": "end_to_end",
      "stage": "Ffinal_optimized_steady",
      "status": "measured",
      "validation": {
        "atol": 3e-05,
        "last_hidden_state_sha256": "90845eeaaea0188765204aec54082b3dc8ec0f5d9f6e3aba8afc693364ebe9c4",
        "rtol": 0.0003,
        "status": "passed"
      }
    }
  ],
  "role": "optimized",
  "run_id": "stofm-r2-fp32-optimized-01",
  "runtime": {
    "capability": [
      7,
      0
    ],
    "cuda": "12.4",
    "device": "Tesla V100-SXM2-16GB",
    "environment": {
      "CUBLAS_WORKSPACE_CONFIG": null,
      "CUDA_VISIBLE_DEVICES": "0",
      "PYTORCH_CUDA_ALLOC_CONF": null,
      "TORCHINDUCTOR_CACHE_DIR": "/tmp/torchinductor_ymm",
      "TORCHINDUCTOR_COMPILE_THREADS": "1"
    },
    "nvidia_smi": [
      {
        "driver": "550.144.03",
        "index": "0",
        "memory_total_mib": "16384",
        "name": "Tesla V100-SXM2-16GB"
      },
      {
        "driver": "550.144.03",
        "index": "1",
        "memory_total_mib": "16384",
        "name": "Tesla V100-SXM2-16GB"
      },
      {
        "driver": "550.144.03",
        "index": "2",
        "memory_total_mib": "11264",
        "name": "NVIDIA GeForce GTX 1080 Ti"
      }
    ],
    "pip_freeze": [
      "-e git+https://github.com/priestess-bot/FlagGems.git@a9a96bbcc3d685482c656343e0759b7b4a5c38bc#egg=flag_gems",
      "GitPython==3.1.50",
      "Jinja2==3.1.6",
      "MarkupSafe==3.0.3",
      "PyYAML==6.0.3",
      "Pygments==2.20.0",
      "SQLAlchemy==2.0.48",
      "absl-py==2.4.0",
      "accelerate==1.13.0",
      "aiohappyeyeballs==2.6.2",
      "aiohttp==3.13.5",
      "aiosignal==1.4.0",
      "annotated-doc==0.0.4",
      "annotated-types==0.7.0",
      "anyio==4.13.0",
      "argon2-cffi-bindings==25.1.0",
      "argon2-cffi==25.1.0",
      "attrs==26.1.0",
      "backoff==2.2.1",
      "catboost==1.2.10",
      "certifi==2026.5.20",
      "cffi==2.0.0",
      "charset-normalizer==3.4.7",
      "chronos-forecasting==2.2.2",
      "click==8.4.1",
      "contourpy==1.3.3",
      "cramjam==2.11.0",
      "cycler==0.12.1",
      "datasets==4.8.5",
      "dill==0.4.1",
      "distro==1.9.0",
      "einops==0.8.2",
      "einshape==1.0",
      "eval_type_backport==0.3.1",
      "evaluate==0.4.6",
      "faiss-cpu==1.14.2",
      "fastparquet==2026.5.0",
      "filelock==3.29.0",
      "flatbuffers==25.12.19",
      "fonttools==4.63.0",
      "frozenlist==1.8.0",
      "fsspec==2026.2.0",
      "gitdb==4.0.12",
      "gluonts==0.16.2",
      "grad-cam==1.5.5",
      "graphviz==0.21",
      "greenlet==3.5.5",
      "h11==0.16.0",
      "hf-xet==1.5.1",
      "httpcore==1.0.9",
      "httpx==0.28.1",
      "huggingface_hub==0.36.2",
      "idna==3.17",
      "iniconfig==2.3.0",
      "inquirerpy==0.3.4",
      "insightface==1.0.1",
      "joblib==1.5.3",
      "kiwisolver==1.5.0",
      "liac-arff==2.5.0",
      "lightgbm==4.6.0",
      "littleutils==0.2.4",
      "llvmlite==0.47.0",
      "lxml==6.1.1",
      "markdown-it-py==4.2.0",
      "matplotlib==3.10.9",
      "mdurl==0.1.2",
      "minio==7.2.20",
      "ml_dtypes==0.5.4",
      "modelscope==1.37.1",
      "mpmath==1.3.0",
      "multidict==6.7.1",
      "multiprocess==0.70.19",
      "narwhals==2.21.2",
      "networkx==3.6.1",
      "nltk==3.9.4",
      "numba==0.65.1",
      "numpy==2.1.3",
      "nvidia-cublas-cu12==12.4.5.8",
      "nvidia-cuda-cupti-cu12==12.4.127",
      "nvidia-cuda-nvrtc-cu12==12.4.127",
      "nvidia-cuda-runtime-cu12==12.4.127",
      "nvidia-cudnn-cu12==9.1.0.70",
      "nvidia-cufft-cu12==11.2.1.3",
      "nvidia-curand-cu12==10.3.5.147",
      "nvidia-cusolver-cu12==11.6.1.9",
      "nvidia-cusparse-cu12==12.3.1.170",
      "nvidia-cusparselt-cu12==0.6.2",
      "nvidia-ml-py==13.595.45",
      "nvidia-nccl-cu12==2.21.5",
      "nvidia-nvjitlink-cu12==12.4.127",
      "nvidia-nvtx-cu12==12.4.127",
      "ogb==1.3.6",
      "onnx==1.21.0",
      "onnxruntime-gpu==1.26.0",
      "onnxruntime==1.26.0",
      "opencv-python==4.13.0.92",
      "openml==0.15.1",
      "optimum-onnx==0.1.0",
      "optimum==2.1.0",
      "outdated==0.2.2",
      "packaging==26.0",
      "pandas==3.0.3",
      "patsy==1.0.2",
      "peft==0.19.1",
      "pfzy==0.3.4",
      "pillow==12.2.0",
      "pip==24.0",
      "platformdirs==4.10.0",
      "plotly==6.7.0",
      "pluggy==1.6.0",
      "posthog==7.16.2",
      "prompt_toolkit==3.0.52",
      "propcache==0.5.2",
      "protobuf==7.35.0",
      "psutil==7.2.2",
      "pyarrow==24.0.0",
      "pycparser==3.0",
      "pycryptodome==3.23.0",
      "pydantic-settings==2.14.1",
      "pydantic==2.13.4",
      "pydantic_core==2.46.4",
      "pynndescent==0.6.0",
      "pyparsing==3.3.2",
      "pytest==9.0.3",
      "python-dateutil==2.9.0.post0",
      "python-docx==1.2.0",
      "python-dotenv==1.2.2",
      "pytz==2026.2",
      "rank-bm25==0.2.2",
      "regex==2026.5.9",
      "requests==2.34.2",
      "rich==15.0.0",
      "rouge_score==0.1.2",
      "rtdl_num_embeddings==0.0.12",
      "safetensors==0.7.0",
      "scikit-image==0.26.0",
      "scikit-learn==1.8.0",
      "scipy==1.17.1",
      "seaborn==0.13.2",
      "sentence-transformers==5.5.1",
      "sentry-sdk==2.61.0",
      "setuptools==79.0.1",
      "shellingham==1.5.4",
      "six==1.17.0",
      "smmap==5.0.3",
      "spuco==2.0.3",
      "statsmodels==0.14.6",
      "sympy==1.13.1",
      "tabm==0.0.3",
      "tabpfn-common-utils==0.2.21",
      "tabpfn==8.0.3",
      "threadpoolctl==3.6.0",
      "timesfm==1.3.0",
      "timm==1.0.27",
      "tokenizers==0.22.2",
      "toolz==0.12.1",
      "torch==2.6.0+cu124",
      "torchaudio==2.6.0+cu124",
      "torchvision==0.21.0+cu124",
      "tqdm==4.68.1",
      "transformers==4.57.6",
      "triton==3.2.0",
      "ttach==0.0.3",
      "typer==0.25.1",
      "typing-inspection==0.4.2",
      "typing_extensions==4.15.0",
      "tzdata==2026.2",
      "umap-learn==0.5.12",
      "urllib3==2.7.0",
      "utilsforecast==0.2.16",
      "wandb==0.27.0",
      "wcwidth==0.7.0",
      "wheel==0.47.0",
      "wilds==2.0.0",
      "xgboost==3.2.0",
      "xmltodict==1.0.4",
      "xxhash==3.7.0",
      "yarl==1.24.2"
    ],
    "platform": "Linux-6.8.0-124-generic-x86_64-with-glibc2.35",
    "python": "3.11.15",
    "torch": "2.6.0+cu124",
    "torch_backend": {
      "allow_tf32_cudnn": true,
      "allow_tf32_matmul": false,
      "cudnn_benchmark": false,
      "float32_matmul_precision": "highest"
    }
  },
  "schema_version": 2,
  "workload": {
    "batch_size": 1,
    "embedding_dim": 256,
    "ffn_embedding_dim": 256,
    "gaussian_hidden_dim": 128,
    "heads": 8,
    "input_dim": 256,
    "layers": 4,
    "nodes": 1050,
    "return_pair_rep": false,
    "seed": 20260815
  }
}
