/root/stofm-musa-r2/.venv/lib/python3.10/site-packages/transformers/utils/generic.py:485: UserWarning: torch.utils._pytree._register_pytree_node is deprecated. Please use torch.utils._pytree.register_pytree_node instead.
  _torch_pytree._register_pytree_node(
/root/stofm-musa-r2/formal-sources/FlagGems-exact/src/flag_gems/experimental_ops/stofm_backends/mthreads.py:324: UserWarning: Expected query, key and value to all be of dtype: {Half, BFloat16}. Got Query dtype: float, Key dtype: float, and Value dtype: float instead. (Triggered internally at /home/torch_musa/build/generated_cuda_compatible/aten/src/ATen/native/transformers/sdp_utils_cpp.h:111.)
  context = F.scaled_dot_product_attention(
{
  "schema_version": 1,
  "role": "musa_operator_matrix",
  "run_id": "musa-operator-matrix-20260816T110236Z",
  "trial": 1,
  "candidate": {
    "kind": "flagos-backend",
    "label": "Optimized FlagOS MUSA backend"
  },
  "runtime": {
    "torch": "2.2.0",
    "torch_musa": "1.3.0+81caf0a",
    "device": "MTT S4000",
    "capability": [
      2,
      2
    ],
    "total_memory_mib": 49061.67
  },
  "sources": {
    "stofm_revision": "e2c6de9ec902bee5d67a4861b4ef6716a58e0cc4",
    "flaggems_revision": "832c46df4073215d416406181484f9b44594aff2",
    "musa_library_sha256": "a7beac88e8d4b7b999b3620b13234ded848aee22d1a479f66ce9f9744a8e2313"
  },
  "workload": {
    "shapes": [
      256,
      512,
      1050,
      2048
    ],
    "precisions": [
      "fp32",
      "fp16",
      "bf16"
    ],
    "heads": 8,
    "head_dim": 32,
    "gaussian_hidden_dim": 128,
    "seed": 20260816
  },
  "measurement": {
    "timer": "torch.musa.Event with per-sample device synchronization",
    "host_cross_check": "time.perf_counter",
    "warmup": 5,
    "repetitions": 10,
    "calls_per_sample": 1,
    "compile_included": false,
    "inference_mode": true
  },
  "results": [
    {
      "operator": "gaussian_pair_bias",
      "precision": "fp32",
      "nodes": 256,
      "candidate_label": "Optimized FlagOS MUSA backend",
      "validation": {
        "oracle": "MUSA portable PyTorch expression",
        "errors": {
          "max_abs_error": 8.940696716308594e-08,
          "max_relative_error": 0.0193919874727726
        }
      },
      "torch_reference": {
        "sample_count": 10,
        "calls_per_sample": 1,
        "samples_ms": [
          2.045167922973633,
          1.9974420070648193,
          1.9822829961776733,
          1.9695370197296143,
          1.9697500467300415,
          1.9921879768371582,
          1.9822169542312622,
          1.9798120260238647,
          1.9629789590835571,
          1.9892749786376953
        ],
        "host_samples_ms": [
          2.151504158973694,
          2.0171403884887695,
          2.000972628593445,
          1.9887164235115051,
          1.9875913858413696,
          2.010554075241089,
          2.000175416469574,
          1.9979700446128845,
          1.9817501306533813,
          2.0073577761650085
        ],
        "peak_allocated_mib": 96.63232421875,
        "peak_delta_allocated_mib": 96.25048828125,
        "p20_ms": 1.969707441329956,
        "p50_ms": 1.9822499752044678,
        "p80_ms": 1.9932387828826905,
        "p95_ms": 2.0236912608146667,
        "mean_ms": 1.9870650887489318,
        "stdev_ms": 0.023096206126252378,
        "coefficient_of_variation": 0.011623276085432052,
        "bootstrap_p50_ci_ms": [
          1.9697500467300415,
          1.9933584928512573
        ],
        "bootstrap_resamples": 4000,
        "host_timing": {
          "p20_ms": 1.988491415977478,
          "p50_ms": 2.0005740225315094,
          "p80_ms": 2.011871337890625,
          "p95_ms": 2.091040462255478,
          "mean_ms": 2.014373242855072,
          "stdev_ms": 0.04940352597349345,
          "coefficient_of_variation": 0.024525507449389746,
          "bootstrap_p50_ci_ms": [
            1.9887164235115051,
            2.010554075241089
          ],
          "bootstrap_resamples": 4000
        }
      },
      "flagos_candidate": {
        "sample_count": 10,
        "calls_per_sample": 1,
        "samples_ms": [
          0.8892049789428711,
          0.8741819858551025,
          0.8899679780006409,
          0.8718709945678711,
          0.9064459800720215,
          0.8704349994659424,
          0.8670920133590698,
          0.8742610216140747,
          0.8658049702644348,
          0.8727880120277405
        ],
        "host_samples_ms": [
          0.9207651019096375,
          0.8935779333114624,
          0.9091794490814209,
          0.8887425065040588,
          0.9254515171051025,
          0.8898675441741943,
          0.8852109313011169,
          0.8926540613174438,
          0.8850395679473877,
          0.8908063173294067
        ],
        "peak_allocated_mib": 68.3818359375,
        "peak_delta_allocated_mib": 68.0,
        "p20_ms": 0.8697664022445679,
        "p50_ms": 0.8734849989414215,
        "p80_ms": 0.889357578754425,
        "p95_ms": 0.8990308791399002,
        "mean_ms": 0.878205293416977,
        "stdev_ms": 0.012891665060989904,
        "coefficient_of_variation": 0.01467955745385022,
        "bootstrap_p50_ci_ms": [
          0.8694815039634705,
          0.8892049789428711
        ],
        "bootstrap_resamples": 4000,
        "host_timing": {
          "p20_ms": 0.8880361914634705,
          "p50_ms": 0.8917301893234253,
          "p80_ms": 0.9114965796470642,
          "p95_ms": 0.9233426302671432,
          "mean_ms": 0.8981294929981232,
          "stdev_ms": 0.014832029751889027,
          "coefficient_of_variation": 0.016514355521693152,
          "bootstrap_p50_ci_ms": [
            0.8879968896508217,
            0.9091794490814209
          ],
          "bootstrap_resamples": 4000
        }
      },
      "p50_speedup": 2.2693577767297217
    },
    {
      "operator": "pair_score_epilogue",
      "precision": "fp32",
      "nodes": 256,
      "candidate_label": "Optimized FlagOS MUSA backend",
      "validation": {
        "oracle": "MUSA portable PyTorch expression",
        "errors": {
          "max_abs_error": 0.0,
          "max_relative_error": 0.0
        }
      },
      "torch_reference": {
        "sample_count": 10,
        "calls_per_sample": 1,
        "samples_ms": [
          0.21397000551223755,
          0.2783550024032593,
          0.22692400217056274,
          0.20631399750709534,
          0.24484699964523315,
          0.280782014131546,
          0.23907999694347382,
          0.2171279937028885,
          0.2093929946422577,
          0.21415500342845917
        ],
        "host_samples_ms": [
          0.25000423192977905,
          0.2953037619590759,
          0.28207898139953613,
          0.2239421010017395,
          0.26303529739379883,
          0.2985745668411255,
          0.2573356032371521,
          0.26825815439224243,
          0.22716820240020752,
          0.23199617862701416
        ],
        "peak_allocated_mib": 7.0,
        "peak_delta_allocated_mib": 4.25,
        "p20_ms": 0.21305460333824158,
        "p50_ms": 0.22202599793672562,
        "p80_ms": 0.2515486001968384,
        "p95_ms": 0.279689858853817,
        "mean_ms": 0.23309480100870134,
        "stdev_ms": 0.02747316136623671,
        "coefficient_of_variation": 0.1178626088928133,
        "bootstrap_p50_ci_ms": [
          0.21322333179414274,
          0.25871749967336655
        ],
        "bootstrap_resamples": 4000,
        "host_timing": {
          "p20_ms": 0.23103058338165283,
          "p50_ms": 0.26018545031547546,
          "p80_ms": 0.2847239375114441,
          "p95_ms": 0.2971027046442032,
          "mean_ms": 0.2597697079181671,
          "stdev_ms": 0.027014484694133378,
          "coefficient_of_variation": 0.10399397570498677,
          "bootstrap_p50_ci_ms": [
            0.23199617862701416,
            0.28207898139953613
          ],
          "bootstrap_resamples": 4000
        }
      },
      "flagos_candidate": {
        "sample_count": 10,
        "calls_per_sample": 1,
        "samples_ms": [
          0.24884599447250366,
          0.22778500616550446,
          0.22565500438213348,
          0.2305240035057068,
          0.22752900421619415,
          0.22555400431156158,
          0.22650499641895294,
          0.2444790005683899,
          0.22129300236701965,
          0.2288929969072342
        ],
        "host_samples_ms": [
          0.2760067582130432,
          0.2466440200805664,
          0.24383515119552612,
          0.24819374084472656,
          0.24544447660446167,
          0.241108238697052,
          0.2419501543045044,
          0.2626553177833557,
          0.23931264877319336,
          0.24752318859100342
        ],
        "peak_allocated_mib": 5.0,
        "peak_delta_allocated_mib": 2.25,
        "p20_ms": 0.2256348043680191,
        "p50_ms": 0.2276570051908493,
        "p80_ms": 0.23331500291824342,
        "p95_ms": 0.24688084721565245,
        "mean_ms": 0.2307063013315201,
        "stdev_ms": 0.008812926901703844,
        "coefficient_of_variation": 0.03819976676337008,
        "bootstrap_p50_ci_ms": [
          0.22565500438213348,
          0.23668599873781204
        ],
        "bootstrap_resamples": 4000,
        "host_timing": {
          "p20_ms": 0.24178177118301392,
          "p50_ms": 0.24604424834251404,
          "p80_ms": 0.2510860562324524,
          "p95_ms": 0.26999861001968384,
          "mean_ms": 0.2492673695087433,
          "stdev_ms": 0.011395134926400943,
          "coefficient_of_variation": 0.0457145070727007,
          "bootstrap_p50_ci_ms": [
            0.2419501543045044,
            0.25508925318717957
          ],
          "bootstrap_resamples": 4000
        }
      },
      "p50_speedup": 0.9752653899255017
    },
    {
      "operator": "gaussian_pair_bias",
      "precision": "fp32",
      "nodes": 512,
      "candidate_label": "Optimized FlagOS MUSA backend",
      "validation": {
        "oracle": "MUSA portable PyTorch expression",
        "errors": {
          "max_abs_error": 2.2351741790771484e-08,
          "max_relative_error": 0.0550810731947422
        }
      },
      "torch_reference": {
        "sample_count": 10,
        "calls_per_sample": 1,
        "samples_ms": [
          6.135255813598633,
          6.052302837371826,
          6.06682014465332,
          6.0521650314331055,
          6.063776016235352,
          6.060355186462402,
          6.071782112121582,
          6.070541858673096,
          6.056868076324463,
          6.065937042236328
        ],
        "host_samples_ms": [
          6.1668530106544495,
          6.0720667243003845,
          6.08544796705246,
          6.070956587791443,
          6.08237087726593,
          6.078898906707764,
          6.090566515922546,
          6.089359521865845,
          6.0749053955078125,
          6.084464490413666
        ],
        "peak_allocated_mib": 386.31982421875,
        "peak_delta_allocated_mib": 385.00048828125,
        "p20_ms": 6.055955028533935,
        "p50_ms": 6.06485652923584,
        "p80_ms": 6.070789909362793,
        "p95_ms": 6.10669264793396,
        "mean_ms": 6.06958041191101,
        "stdev_ms": 0.02408810863243959,
        "coefficient_of_variation": 0.003968661257896646,
        "bootstrap_p50_ci_ms": [
          6.056329011917114,
          6.070541858673096
        ],
        "bootstrap_resamples": 4000,
        "host_timing": {
          "p20_ms": 6.074337661266327,
          "p50_ms": 6.083417683839798,
          "p80_ms": 6.089600920677185,
          "p95_ms": 6.132524088025093,
          "mean_ms": 6.08958899974823,
          "stdev_ms": 0.02798874546444921,
          "coefficient_of_variation": 0.0045961632986407435,
          "bootstrap_p50_ci_ms": [
            6.0749053955078125,
            6.089359521865845
          ],
          "bootstrap_resamples": 4000
        }
      },
      "flagos_candidate": {
        "sample_count": 10,
        "calls_per_sample": 1,
        "samples_ms": [
          2.7194550037384033,
          2.66446590423584,
          2.691992998123169,
          2.646899938583374,
          2.68833589553833,
          2.695267915725708,
          2.677603006362915,
          2.6670289039611816,
          2.676197052001953,
          2.672969102859497
        ],
        "host_samples_ms": [
          2.751059830188751,
          2.6834383606910706,
          2.7110502123832703,
          2.6625320315361023,
          2.7083083987236023,
          2.7143731713294983,
          2.697870135307312,
          2.685338258743286,
          2.693846821784973,
          2.6925578713417053
        ],
        "peak_allocated_mib": 273.3193359375,
        "peak_delta_allocated_mib": 272.0,
        "p20_ms": 2.6665163040161133,
        "p50_ms": 2.676900029182434,
        "p80_ms": 2.6926479816436766,
        "p95_ms": 2.7085708141326905,
        "mean_ms": 2.680021572113037,
        "stdev_ms": 0.019938611651955845,
        "coefficient_of_variation": 0.007439720582635251,
        "bootstrap_p50_ci_ms": [
          2.6670289039611816,
          2.691992998123169
        ],
        "bootstrap_resamples": 4000,
        "host_timing": {
          "p20_ms": 2.684958279132843,
          "p50_ms": 2.6958584785461426,
          "p80_ms": 2.711714804172516,
          "p95_ms": 2.7345508337020874,
          "mean_ms": 2.700037509202957,
          "stdev_ms": 0.02356009655103089,
          "coefficient_of_variation": 0.008725840463596285,
          "bootstrap_p50_ci_ms": [
            2.685338258743286,
            2.7110502123832703
          ],
          "bootstrap_resamples": 4000
        }
      },
      "p50_speedup": 2.2656268307069127
    },
    {
      "operator": "pair_score_epilogue",
      "precision": "fp32",
      "nodes": 512,
      "candidate_label": "Optimized FlagOS MUSA backend",
      "validation": {
        "oracle": "MUSA portable PyTorch expression",
        "errors": {
          "max_abs_error": 0.0,
          "max_relative_error": 0.0
        }
      },
      "torch_reference": {
        "sample_count": 10,
        "calls_per_sample": 1,
        "samples_ms": [
          0.2992449998855591,
          0.31762999296188354,
          0.30087700486183167,
          0.29785001277923584,
          0.3352000117301941,
          0.36172500252723694,
          0.328355997800827,
          0.2923929989337921,
          0.2962999939918518,
          0.2984069883823395
        ],
        "host_samples_ms": [
          0.3292188048362732,
          0.334322452545166,
          0.35552680492401123,
          0.3155842423439026,
          0.35325437784194946,
          0.37960708141326904,
          0.34593790769577026,
          0.34334510564804077,
          0.3131553530693054,
          0.31541287899017334
        ],
        "peak_allocated_mib": 26.0,
        "peak_delta_allocated_mib": 16.5,
        "p20_ms": 0.29754000902175903,
        "p50_ms": 0.3000610023736954,
        "p80_ms": 0.32972480058670045,
        "p95_ms": 0.3497887566685676,
        "mean_ms": 0.3127983003854752,
        "stdev_ms": 0.022622473835121462,
        "coefficient_of_variation": 0.07232287965517327,
        "bootstrap_p50_ci_ms": [
          0.29735349118709564,
          0.328355997800827
        ],
        "bootstrap_resamples": 4000,
        "host_timing": {
          "p20_ms": 0.31554996967315674,
          "p50_ms": 0.3388337790966034,
          "p80_ms": 0.3537088632583618,
          "p95_ms": 0.368770956993103,
          "mean_ms": 0.33853650093078613,
          "stdev_ms": 0.021292332501301893,
          "coefficient_of_variation": 0.06289523417049529,
          "bootstrap_p50_ci_ms": [
            0.3155842423439026,
            0.35325437784194946
          ],
          "bootstrap_resamples": 4000
        }
      },
      "flagos_candidate": {
        "sample_count": 10,
        "calls_per_sample": 1,
        "samples_ms": [
          0.3102230131626129,
          0.3025529980659485,
          0.29684799909591675,
          0.3043360114097595,
          0.2996180057525635,
          0.3000339865684509,
          0.2949190139770508,
          0.29543399810791016,
          0.29546698927879333,
          0.30337899923324585
        ],
        "host_samples_ms": [
          0.33539533615112305,
          0.321410596370697,
          0.31479448080062866,
          0.32220780849456787,
          0.31788647174835205,
          0.31604617834091187,
          0.31041353940963745,
          0.3134235739707947,
          0.3133043646812439,
          0.32100826501846313
        ],
        "peak_allocated_mib": 18.0,
        "peak_delta_allocated_mib": 8.5,
        "p20_ms": 0.2954603910446167,
        "p50_ms": 0.2998259961605072,
        "p80_ms": 0.3035704016685486,
        "p95_ms": 0.3075738623738289,
        "mean_ms": 0.30028110146522524,
        "stdev_ms": 0.004918800785510134,
        "coefficient_of_variation": 0.01638065386569047,
        "bootstrap_p50_ci_ms": [
          0.29546698927879333,
          0.3038575053215027
        ],
        "bootstrap_resamples": 4000,
        "host_timing": {
          "p20_ms": 0.3133997321128845,
          "p50_ms": 0.31696632504463196,
          "p80_ms": 0.3215700387954712,
          "p95_ms": 0.3294609487056732,
          "mean_ms": 0.31858906149864197,
          "stdev_ms": 0.007088080568300464,
          "coefficient_of_variation": 0.022248348813227153,
          "bootstrap_p50_ci_ms": [
            0.3134235739707947,
            0.3216080367565155
          ],
          "bootstrap_resamples": 4000
        }
      },
      "p50_speedup": 1.0007838086630165
    },
    {
      "operator": "gaussian_pair_bias",
      "precision": "fp32",
      "nodes": 1050,
      "candidate_label": "Optimized FlagOS MUSA backend",
      "validation": {
        "oracle": "MUSA portable PyTorch expression",
        "errors": {
          "max_abs_error": 2.0489096641540527e-08,
          "max_relative_error": 1.798462986946106
        }
      },
      "torch_reference": {
        "sample_count": 10,
        "calls_per_sample": 1,
        "samples_ms": [
          23.233863830566406,
          23.055156707763672,
          23.1433162689209,
          23.080659866333008,
          23.079328536987305,
          23.13913345336914,
          23.030689239501953,
          22.91219711303711,
          22.928781509399414,
          22.982168197631836
        ],
        "host_samples_ms": [
          23.28411489725113,
          23.091286420822144,
          23.178115487098694,
          23.116588592529297,
          23.112937808036804,
          23.171618580818176,
          23.057691752910614,
          22.93200045824051,
          22.948138415813446,
          23.00538867712021
        ],
        "peak_allocated_mib": 1624.52392578125,
        "peak_delta_allocated_mib": 1619.19677734375,
        "p20_ms": 22.97149085998535,
        "p50_ms": 23.06724262237549,
        "p80_ms": 23.13997001647949,
        "p95_ms": 23.19311742782593,
        "mean_ms": 23.058529472351076,
        "stdev_ms": 0.10011964336185905,
        "coefficient_of_variation": 0.004341978680032918,
        "bootstrap_p50_ci_ms": [
          22.982168197631836,
          23.13913345336914
        ],
        "bootstrap_resamples": 4000,
        "host_timing": {
          "p20_ms": 22.993938624858856,
          "p50_ms": 23.102112114429474,
          "p80_ms": 23.17291796207428,
          "p95_ms": 23.236415162682533,
          "mean_ms": 23.089788109064102,
          "stdev_ms": 0.10884866680186017,
          "coefficient_of_variation": 0.004714147496188181,
          "bootstrap_p50_ci_ms": [
            23.00538867712021,
            23.174867033958435
          ],
          "bootstrap_resamples": 4000
        }
      },
      "flagos_candidate": {
        "sample_count": 10,
        "calls_per_sample": 1,
        "samples_ms": [
          9.61444091796875,
          9.556687355041504,
          9.565743446350098,
          9.566922187805176,
          9.804471015930176,
          9.595062255859375,
          9.561226844787598,
          9.629660606384277,
          9.567228317260742,
          9.548855781555176
        ],
        "host_samples_ms": [
          9.651020169258118,
          9.579271078109741,
          9.586125612258911,
          9.597010910511017,
          9.833700954914093,
          9.617775678634644,
          9.58404690027237,
          9.65331494808197,
          9.586676955223083,
          9.573094546794891
        ],
        "peak_allocated_mib": 1149.279296875,
        "peak_delta_allocated_mib": 1143.9521484375,
        "p20_ms": 9.560318946838379,
        "p50_ms": 9.567075252532959,
        "p80_ms": 9.617484855651856,
        "p95_ms": 9.725806331634521,
        "mean_ms": 9.601029872894287,
        "stdev_ms": 0.07619213516548567,
        "coefficient_of_variation": 0.007935829403113513,
        "bootstrap_p50_ci_ms": [
          9.5612154006958,
          9.61444091796875
        ],
        "bootstrap_resamples": 4000,
        "host_timing": {
          "p20_ms": 9.583091735839844,
          "p50_ms": 9.59184393286705,
          "p80_ms": 9.651479125022888,
          "p95_ms": 9.752527251839638,
          "mean_ms": 9.626203775405884,
          "stdev_ms": 0.07838530460536779,
          "coefficient_of_variation": 0.008142909337285738,
          "bootstrap_p50_ci_ms": [
            9.582974016666412,
            9.651020169258118
          ],
          "bootstrap_resamples": 4000
        }
      },
      "p50_speedup": 2.411107053461114
    },
    {
      "operator": "pair_score_epilogue",
      "precision": "fp32",
      "nodes": 1050,
      "candidate_label": "Optimized FlagOS MUSA backend",
      "validation": {
        "oracle": "MUSA portable PyTorch expression",
        "errors": {
          "max_abs_error": 0.0,
          "max_relative_error": 0.0
        }
      },
      "torch_reference": {
        "sample_count": 10,
        "calls_per_sample": 1,
        "samples_ms": [
          0.7446939945220947,
          0.8135489821434021,
          0.743586003780365,
          0.7376899719238281,
          0.7358390092849731,
          0.7688339948654175,
          0.7398790121078491,
          0.7403489947319031,
          0.7440800070762634,
          0.7397509813308716
        ],
        "host_samples_ms": [
          0.7745996117591858,
          0.83150714635849,
          0.7613971829414368,
          0.7550045847892761,
          0.7521957159042358,
          0.8162260055541992,
          0.7870197296142578,
          0.7885247468948364,
          0.7620900869369507,
          0.7574483752250671
        ],
        "peak_allocated_mib": 106.1015625,
        "peak_delta_allocated_mib": 69.025390625,
        "p20_ms": 0.7393387794494629,
        "p50_ms": 0.741967499256134,
        "p80_ms": 0.7495219945907593,
        "p95_ms": 0.7934272378683089,
        "mean_ms": 0.7508250951766968,
        "stdev_ms": 0.02390586437338088,
        "coefficient_of_variation": 0.03183945838645011,
        "bootstrap_p50_ci_ms": [
          0.7387844920158386,
          0.7564570009708405
        ],
        "bootstrap_resamples": 4000,
        "host_timing": {
          "p20_ms": 0.7569596171379089,
          "p50_ms": 0.7683448493480682,
          "p80_ms": 0.794064998626709,
          "p95_ms": 0.8246306329965591,
          "mean_ms": 0.7786013185977936,
          "stdev_ms": 0.027223586951296088,
          "coefficient_of_variation": 0.03496473265717538,
          "bootstrap_p50_ci_ms": [
            0.7574483752250671,
            0.7954128086566925
          ],
          "bootstrap_resamples": 4000
        }
      },
      "flagos_candidate": {
        "sample_count": 10,
        "calls_per_sample": 1,
        "samples_ms": [
          0.6798250079154968,
          0.6617119908332825,
          0.6566110253334045,
          0.6650999784469604,
          0.6624469757080078,
          0.6624100208282471,
          0.6641950011253357,
          0.6528570055961609,
          0.6542609930038452,
          0.6624879837036133
        ],
        "host_samples_ms": [
          0.7039457559585571,
          0.6809607148170471,
          0.6758645176887512,
          0.6849020719528198,
          0.6806105375289917,
          0.6778910756111145,
          0.680088996887207,
          0.6715878844261169,
          0.6723403930664062,
          0.6807148456573486
        ],
        "peak_allocated_mib": 72.1015625,
        "peak_delta_allocated_mib": 35.025390625,
        "p20_ms": 0.6561410188674927,
        "p50_ms": 0.6624284982681274,
        "p80_ms": 0.6643759965896606,
        "p95_ms": 0.6731987446546555,
        "mean_ms": 0.6621905982494354,
        "stdev_ms": 0.007490824997014792,
        "coefficient_of_variation": 0.011312188691318647,
        "bootstrap_p50_ci_ms": [
          0.6566110253334045,
          0.6641950011253357
        ],
        "bootstrap_resamples": 4000,
        "host_timing": {
          "p20_ms": 0.6751596927642822,
          "p50_ms": 0.6803497672080994,
          "p80_ms": 0.6817489862442017,
          "p95_ms": 0.6953760981559753,
          "mean_ms": 0.680890679359436,
          "stdev_ms": 0.009081691822734585,
          "coefficient_of_variation": 0.013337958791385425,
          "bootstrap_p50_ci_ms": [
            0.6751157343387604,
            0.6828084588050842
          ],
          "bootstrap_resamples": 4000
        }
      },
      "p50_speedup": 1.1200718284251896
    },
    {
      "operator": "gaussian_pair_bias",
      "precision": "fp32",
      "nodes": 2048,
      "candidate_label": "Optimized FlagOS MUSA backend",
      "validation": {
        "oracle": "MUSA portable PyTorch expression",
        "errors": {
          "max_abs_error": 3.3527612686157227e-08,
          "max_relative_error": 1.377706527709961
        }
      },
      "torch_reference": {
        "sample_count": 10,
        "calls_per_sample": 1,
        "samples_ms": [
          85.58245849609375,
          85.59146881103516,
          85.25045776367188,
          85.13777160644531,
          85.14369201660156,
          85.2003173828125,
          85.26249694824219,
          85.06988525390625,
          85.3463134765625,
          85.42782592773438
        ],
        "host_samples_ms": [
          85.6347307562828,
          85.61552315950394,
          85.27447283267975,
          85.16284078359604,
          85.16892045736313,
          85.22617071866989,
          85.28713136911392,
          85.0902646780014,
          85.36766469478607,
          85.45313775539398
        ],
        "peak_allocated_mib": 6180.06982421875,
        "peak_delta_allocated_mib": 6160.00048828125,
        "p20_ms": 85.14250793457032,
        "p50_ms": 85.25647735595703,
        "p80_ms": 85.45875244140625,
        "p95_ms": 85.58741416931153,
        "mean_ms": 85.30126876831055,
        "stdev_ms": 0.18278881194916763,
        "coefficient_of_variation": 0.002142861584458328,
        "bootstrap_p50_ci_ms": [
          85.14369201660156,
          85.46438598632812
        ],
        "bootstrap_resamples": 4000,
        "host_timing": {
          "p20_ms": 85.16770452260971,
          "p50_ms": 85.28080210089684,
          "p80_ms": 85.48561483621597,
          "p95_ms": 85.62608733773232,
          "mean_ms": 85.3280857205391,
          "stdev_ms": 0.18796942795184618,
          "coefficient_of_variation": 0.0022029022023003215,
          "bootstrap_p50_ci_ms": [
            85.16892045736313,
            85.45333258807659
          ],
          "bootstrap_resamples": 4000
        }
      },
      "flagos_candidate": {
        "sample_count": 10,
        "calls_per_sample": 1,
        "samples_ms": [
          35.74798583984375,
          35.52427673339844,
          35.005672454833984,
          35.66157531738281,
          35.60933303833008,
          35.77974319458008,
          35.82406234741211,
          35.421939849853516,
          35.592308044433594,
          35.808284759521484
        ],
        "host_samples_ms": [
          35.781130194664,
          35.5452224612236,
          35.028859972953796,
          35.683512687683105,
          35.630881786346436,
          35.80024093389511,
          35.84503382444382,
          35.443566739559174,
          35.615526139736176,
          35.82669049501419
        ],
        "peak_allocated_mib": 4372.0693359375,
        "peak_delta_allocated_mib": 4352.0,
        "p20_ms": 35.50380935668945,
        "p50_ms": 35.635454177856445,
        "p80_ms": 35.78545150756836,
        "p95_ms": 35.81696243286133,
        "mean_ms": 35.59751815795899,
        "stdev_ms": 0.24547793713567015,
        "coefficient_of_variation": 0.006895928419683538,
        "bootstrap_p50_ci_ms": [
          35.507123947143555,
          35.77974319458008
        ],
        "bootstrap_resamples": 4000,
        "host_timing": {
          "p20_ms": 35.52489131689072,
          "p50_ms": 35.65719723701477,
          "p80_ms": 35.80553084611893,
          "p95_ms": 35.836779326200485,
          "mean_ms": 35.62006652355194,
          "stdev_ms": 0.2454361356105442,
          "coefficient_of_variation": 0.006890389591166601,
          "bootstrap_p50_ci_ms": [
            35.537224262952805,
            35.803910344839096
          ],
          "bootstrap_resamples": 4000
        }
      },
      "p50_speedup": 2.3924622071727275
    },
    {
      "operator": "pair_score_epilogue",
      "precision": "fp32",
      "nodes": 2048,
      "candidate_label": "Optimized FlagOS MUSA backend",
      "validation": {
        "oracle": "MUSA portable PyTorch expression",
        "errors": {
          "max_abs_error": 0.0,
          "max_relative_error": 0.0
        }
      },
      "torch_reference": {
        "sample_count": 10,
        "calls_per_sample": 1,
        "samples_ms": [
          1.749595046043396,
          1.7482290267944336,
          1.751317024230957,
          1.744845986366272,
          1.7536760568618774,
          1.7870670557022095,
          1.7466399669647217,
          1.7450230121612549,
          1.740893006324768,
          1.7509829998016357
        ],
        "host_samples_ms": [
          1.7821192741394043,
          1.7677918076515198,
          1.7700716853141785,
          1.7629042267799377,
          1.7724484205245972,
          1.8373280763626099,
          1.797892153263092,
          1.7915070056915283,
          1.7597824335098267,
          1.768738031387329
        ],
        "peak_allocated_mib": 392.0,
        "peak_delta_allocated_mib": 258.0,
        "p20_ms": 1.7449876070022583,
        "p50_ms": 1.7489120364189148,
        "p80_ms": 1.7517888307571412,
        "p95_ms": 1.77204110622406,
        "mean_ms": 1.7518269181251527,
        "stdev_ms": 0.012934305417255652,
        "coefficient_of_variation": 0.007383323822366114,
        "bootstrap_p50_ci_ms": [
          1.7450230121612549,
          1.7523295283317566
        ],
        "bootstrap_resamples": 4000,
        "host_timing": {
          "p20_ms": 1.7668142914772034,
          "p50_ms": 1.7712600529193878,
          "p80_ms": 1.792784035205841,
          "p95_ms": 1.8195819109678268,
          "mean_ms": 1.7810583114624023,
          "stdev_ms": 0.023249432247491247,
          "coefficient_of_variation": 0.013053717611525845,
          "bootstrap_p50_ci_ms": [
            1.766487956047058,
            1.7915070056915283
          ],
          "bootstrap_resamples": 4000
        }
      },
      "flagos_candidate": {
        "sample_count": 10,
        "calls_per_sample": 1,
        "samples_ms": [
          1.4081720113754272,
          1.3840099573135376,
          1.371364951133728,
          1.3842699527740479,
          1.395372986793518,
          2.307328939437866,
          1.4016649723052979,
          1.3806010484695435,
          1.3871430158615112,
          1.4091750383377075
        ],
        "host_samples_ms": [
          1.43355131149292,
          1.4031380414962769,
          1.390308141708374,
          1.4026239514350891,
          2.0213499665260315,
          2.3406893014907837,
          1.4192461967468262,
          1.402348279953003,
          1.4069676399230957,
          1.4306604862213135
        ],
        "peak_allocated_mib": 264.0,
        "peak_delta_allocated_mib": 130.0,
        "p20_ms": 1.3833281755447389,
        "p50_ms": 1.3912580013275146,
        "p80_ms": 1.4083726167678834,
        "p95_ms": 1.9031596839427938,
        "mean_ms": 1.4829102873802185,
        "stdev_ms": 0.28993188750409515,
        "coefficient_of_variation": 0.19551546035620465,
        "bootstrap_p50_ci_ms": [
          1.3840099573135376,
          1.4081720113754272
        ],
        "bootstrap_resamples": 4000,
        "host_timing": {
          "p20_ms": 1.4025688171386719,
          "p50_ms": 1.413106918334961,
          "p80_ms": 1.5511110424995422,
          "p95_ms": 2.1969866007566448,
          "mean_ms": 1.5650883316993713,
          "stdev_ms": 0.33350520055636795,
          "coefficient_of_variation": 0.21309033733210977,
          "bootstrap_p50_ci_ms": [
            1.4026239514350891,
            1.7260052263736725
          ],
          "bootstrap_resamples": 4000
        }
      },
      "p50_speedup": 1.257072401201023
    },
    {
      "operator": "gaussian_pair_bias",
      "precision": "fp16",
      "nodes": 256,
      "candidate_label": "Optimized FlagOS MUSA backend",
      "validation": {
        "oracle": "MUSA portable PyTorch expression",
        "errors": {
          "max_abs_error": 7.62939453125e-06,
          "max_relative_error": 0.002298850566148758
        }
      },
      "torch_reference": {
        "sample_count": 10,
        "calls_per_sample": 1,
        "samples_ms": [
          2.176435947418213,
          2.1362030506134033,
          2.140026092529297,
          2.134706974029541,
          2.124990940093994,
          2.151431083679199,
          2.1506869792938232,
          2.1214818954467773,
          2.1332409381866455,
          2.1385669708251953
        ],
        "host_samples_ms": [
          2.2090673446655273,
          2.1554380655288696,
          2.1592751145362854,
          2.152465283870697,
          2.14356929063797,
          2.169005572795868,
          2.168416976928711,
          2.1396204829216003,
          2.152383327484131,
          2.158716320991516
        ],
        "peak_allocated_mib": 96.79345703125,
        "peak_delta_allocated_mib": 96.56982421875,
        "p20_ms": 2.1315909385681153,
        "p50_ms": 2.1373850107192993,
        "p80_ms": 2.1508358001708983,
        "p95_ms": 2.165183758735657,
        "mean_ms": 2.140777087211609,
        "stdev_ms": 0.015722542251079913,
        "coefficient_of_variation": 0.007344315456757217,
        "bootstrap_p50_ci_ms": [
          2.1298489570617676,
          2.1506869792938232
        ],
        "bootstrap_resamples": 4000,
        "host_timing": {
          "p20_ms": 2.1506205201148987,
          "p50_ms": 2.157077193260193,
          "p80_ms": 2.1685346961021423,
          "p95_ms": 2.1910395473241806,
          "mean_ms": 2.1607957780361176,
          "stdev_ms": 0.019368590376061003,
          "coefficient_of_variation": 0.008963637643565064,
          "bootstrap_p50_ci_ms": [
            2.1480172872543335,
            2.168416976928711
          ],
          "bootstrap_resamples": 4000
        }
      },
      "flagos_candidate": {
        "sample_count": 10,
        "calls_per_sample": 1,
        "samples_ms": [
          1.0564810037612915,
          1.0447529554367065,
          1.0376039743423462,
          1.044350028038025,
          1.033547043800354,
          1.041043996810913,
          1.0615839958190918,
          1.04932701587677,
          1.044780969619751,
          1.0424879789352417
        ],
        "host_samples_ms": [
          1.0842308402061462,
          1.064106822013855,
          1.0563209652900696,
          1.0637417435646057,
          1.0527297854423523,
          1.0597482323646545,
          1.0806173086166382,
          1.0677799582481384,
          1.0630488395690918,
          1.0605677962303162
        ],
        "peak_allocated_mib": 69.54296875,
        "peak_delta_allocated_mib": 69.3193359375,
        "p20_ms": 1.0403559923171997,
        "p50_ms": 1.0445514917373657,
        "p80_ms": 1.0507578134536744,
        "p95_ms": 1.0592876493930816,
        "mean_ms": 1.045595896244049,
        "stdev_ms": 0.008369107140298532,
        "coefficient_of_variation": 0.008004150714785444,
        "bootstrap_p50_ci_ms": [
          1.040045976638794,
          1.0506309866905212
        ],
        "bootstrap_resamples": 4000,
        "host_timing": {
          "p20_ms": 1.0590627789497375,
          "p50_ms": 1.0633952915668488,
          "p80_ms": 1.0703474283218384,
          "p95_ms": 1.0826047509908676,
          "mean_ms": 1.0652892291545868,
          "stdev_ms": 0.009999524887725918,
          "coefficient_of_variation": 0.009386676044459343,
          "bootstrap_p50_ci_ms": [
            1.0584443807601929,
            1.0723620653152466
          ],
          "bootstrap_resamples": 4000
        }
      },
      "p50_speedup": 2.046222735429023
    },
    {
      "operator": "pair_score_epilogue",
      "precision": "fp16",
      "nodes": 256,
      "candidate_label": "Optimized FlagOS MUSA backend",
      "validation": {
        "oracle": "MUSA portable PyTorch expression",
        "errors": {
          "max_abs_error": 0.001953125,
          "max_relative_error": 51.342857360839844
        }
      },
      "torch_reference": {
        "sample_count": 10,
        "calls_per_sample": 1,
        "samples_ms": [
          0.17605000734329224,
          0.1738159954547882,
          0.25457701086997986,
          0.21091000735759735,
          0.26703500747680664,
          0.26789501309394836,
          0.1733510047197342,
          0.19787800312042236,
          0.17226700484752655,
          0.19873599708080292
        ],
        "host_samples_ms": [
          0.21463632583618164,
          0.19361823797225952,
          0.2731606364250183,
          0.22883713245391846,
          0.28343498706817627,
          0.2844706177711487,
          0.22215396165847778,
          0.2498626708984375,
          0.1900121569633484,
          0.21657347679138184
        ],
        "peak_allocated_mib": 3.5,
        "peak_delta_allocated_mib": 2.125,
        "p20_ms": 0.1737229973077774,
        "p50_ms": 0.19830700010061264,
        "p80_ms": 0.2570686101913452,
        "p95_ms": 0.2675080105662346,
        "mean_ms": 0.20925150513648988,
        "stdev_ms": 0.03956681089495495,
        "coefficient_of_variation": 0.18908734190058246,
        "bootstrap_p50_ci_ms": [
          0.1738159954547882,
          0.25457701086997986
        ],
        "bootstrap_resamples": 4000,
        "host_timing": {
          "p20_ms": 0.21043270826339722,
          "p50_ms": 0.22549554705619812,
          "p80_ms": 0.2752155065536499,
          "p95_ms": 0.2840045839548111,
          "mean_ms": 0.23567602038383484,
          "stdev_ms": 0.03521272968692311,
          "coefficient_of_variation": 0.14941159320992323,
          "bootstrap_p50_ci_ms": [
            0.20788609981536865,
            0.2731606364250183
          ],
          "bootstrap_resamples": 4000
        }
      },
      "flagos_candidate": {
        "sample_count": 10,
        "calls_per_sample": 1,
        "samples_ms": [
          0.2892859876155853,
          0.1912280023097992,
          0.22183699905872345,
          0.18079499900341034,
          0.21472400426864624,
          0.1743369996547699,
          0.21169699728488922,
          0.1762090027332306,
          0.21332600712776184,
          0.17386500537395477
        ],
        "host_samples_ms": [
          0.3173649311065674,
          0.2105236053466797,
          0.240229070186615,
          0.1993626356124878,
          0.23265182971954346,
          0.1930445432662964,
          0.2300366759300232,
          0.1942664384841919,
          0.23085623979568481,
          0.1912638545036316
        ],
        "peak_allocated_mib": 1.5078125,
        "peak_delta_allocated_mib": 0.1328125,
        "p20_ms": 0.17583460211753846,
        "p50_ms": 0.2014624997973442,
        "p80_ms": 0.21614660322666168,
        "p95_ms": 0.2589339427649974,
        "mean_ms": 0.20473040044307708,
        "stdev_ms": 0.035134175876272294,
        "coefficient_of_variation": 0.17161191401098708,
        "bootstrap_p50_ci_ms": [
          0.1762090027332306,
          0.21758150309324265
        ],
        "bootstrap_resamples": 4000,
        "host_timing": {
          "p20_ms": 0.1940220594406128,
          "p50_ms": 0.22028014063835144,
          "p80_ms": 0.23416727781295776,
          "p95_ms": 0.2826537936925887,
          "mean_ms": 0.22395998239517212,
          "stdev_ms": 0.03777311484268239,
          "coefficient_of_variation": 0.16866010810820936,
          "bootstrap_p50_ci_ms": [
            0.1942664384841919,
            0.2355426549911499
          ],
          "bootstrap_resamples": 4000
        }
      },
      "p50_speedup": 0.9843370369180082
    },
    {
      "operator": "gaussian_pair_bias",
      "precision": "fp16",
      "nodes": 512,
      "candidate_label": "Optimized FlagOS MUSA backend",
      "validation": {
        "oracle": "MUSA portable PyTorch expression",
        "errors": {
          "max_abs_error": 6.103515625e-05,
          "max_relative_error": 0.0008726003579795361
        }
      },
      "torch_reference": {
        "sample_count": 10,
        "calls_per_sample": 1,
        "samples_ms": [
          6.269174098968506,
          6.222620964050293,
          6.226405143737793,
          6.243908882141113,
          6.244010925292969,
          6.21379280090332,
          6.205348014831543,
          6.234241008758545,
          6.236001968383789,
          6.222660064697266
        ],
        "host_samples_ms": [
          6.300985813140869,
          6.242029368877411,
          6.245248019695282,
          6.2618255615234375,
          6.264440715312958,
          6.231769919395447,
          6.223544478416443,
          6.252206861972809,
          6.257154047489166,
          6.240762770175934
        ],
        "peak_allocated_mib": 386.85595703125,
        "peak_delta_allocated_mib": 386.06982421875,
        "p20_ms": 6.220855331420898,
        "p50_ms": 6.230323076248169,
        "p80_ms": 6.243929290771485,
        "p95_ms": 6.2578506708145145,
        "mean_ms": 6.231816387176513,
        "stdev_ms": 0.018064796042891493,
        "coefficient_of_variation": 0.002898801075086909,
        "bootstrap_p50_ci_ms": [
          6.218226432800293,
          6.243908882141113
        ],
        "bootstrap_resamples": 4000,
        "host_timing": {
          "p20_ms": 6.238964200019836,
          "p50_ms": 6.248727440834045,
          "p80_ms": 6.2623485922813416,
          "p95_ms": 6.284540519118309,
          "mean_ms": 6.251996755599976,
          "stdev_ms": 0.021519450542737833,
          "coefficient_of_variation": 0.0034420124296230077,
          "bootstrap_p50_ci_ms": [
            6.240762770175934,
            6.2618255615234375
          ],
          "bootstrap_resamples": 4000
        }
      },
      "flagos_candidate": {
        "sample_count": 10,
        "calls_per_sample": 1,
        "samples_ms": [
          2.85298490524292,
          2.845829963684082,
          2.8507180213928223,
          2.8351519107818604,
          2.8450191020965576,
          2.853394031524658,
          2.8308238983154297,
          2.8499979972839355,
          2.861901044845581,
          2.8473498821258545
        ],
        "host_samples_ms": [
          2.8822049498558044,
          2.8652846813201904,
          2.8690025210380554,
          2.8535276651382446,
          2.864167094230652,
          2.871274948120117,
          2.8488636016845703,
          2.8690844774246216,
          2.8823688626289368,
          2.865917980670929
        ],
        "peak_allocated_mib": 277.85546875,
        "peak_delta_allocated_mib": 277.0693359375,
        "p20_ms": 2.8430456638336183,
        "p50_ms": 2.848673939704895,
        "p80_ms": 2.8530667304992674,
        "p95_ms": 2.858072888851166,
        "mean_ms": 2.84731707572937,
        "stdev_ms": 0.008993880702532394,
        "coefficient_of_variation": 0.003158721162176333,
        "bootstrap_p50_ci_ms": [
          2.840490937232971,
          2.85298490524292
        ],
        "bootstrap_resamples": 4000,
        "host_timing": {
          "p20_ms": 2.8620392084121704,
          "p50_ms": 2.867460250854492,
          "p80_ms": 2.8734609484672546,
          "p95_ms": 2.882295101881027,
          "mean_ms": 2.867169678211212,
          "stdev_ms": 0.010626518397780688,
          "coefficient_of_variation": 0.0037062746856371706,
          "bootstrap_p50_ci_ms": [
            2.8594061732292175,
            2.875644713640213
          ],
          "bootstrap_resamples": 4000
        }
      },
      "p50_speedup": 2.187095893780526
    },
    {
      "operator": "pair_score_epilogue",
      "precision": "fp16",
      "nodes": 512,
      "candidate_label": "Optimized FlagOS MUSA backend",
      "validation": {
        "oracle": "MUSA portable PyTorch expression",
        "errors": {
          "max_abs_error": 0.0029296875,
          "max_relative_error": 79.35714721679688
        }
      },
      "torch_reference": {
        "sample_count": 10,
        "calls_per_sample": 1,
        "samples_ms": [
          0.2497510015964508,
          0.22892500460147858,
          0.2990260124206543,
          0.25676900148391724,
          0.2700670063495636,
          0.28795701265335083,
          0.22014999389648438,
          0.22779400646686554,
          0.22021499276161194,
          0.22528399527072906
        ],
        "host_samples_ms": [
          0.27958303689956665,
          0.24724751710891724,
          0.31823664903640747,
          0.27517974376678467,
          0.28652697801589966,
          0.3044307231903076,
          0.26875734329223633,
          0.27998536825180054,
          0.23823976516723633,
          0.2423897385597229
        ],
        "peak_allocated_mib": 13.0,
        "peak_delta_allocated_mib": 8.25,
        "p20_ms": 0.22427019476890564,
        "p50_ms": 0.2393380030989647,
        "p80_ms": 0.27364500761032107,
        "p95_ms": 0.2940449625253677,
        "mean_ms": 0.24859380275011062,
        "stdev_ms": 0.02905815798952525,
        "coefficient_of_variation": 0.11689011418653444,
        "bootstrap_p50_ci_ms": [
          0.22400449961423874,
          0.2700670063495636
        ],
        "bootstrap_resamples": 4000,
        "host_timing": {
          "p20_ms": 0.24627596139907837,
          "p50_ms": 0.27738139033317566,
          "p80_ms": 0.29010772705078125,
          "p95_ms": 0.31202398240566254,
          "mean_ms": 0.27405768632888794,
          "stdev_ms": 0.026096769651599717,
          "coefficient_of_variation": 0.09522363704217299,
          "bootstrap_p50_ci_ms": [
            0.24724751710891724,
            0.29200688004493713
          ],
          "bootstrap_resamples": 4000
        }
      },
      "flagos_candidate": {
        "sample_count": 10,
        "calls_per_sample": 1,
        "samples_ms": [
          0.30463701486587524,
          0.20900699496269226,
          0.24261799454689026,
          0.20145699381828308,
          0.23521099984645844,
          0.1953909993171692,
          0.23097099363803864,
          0.19582700729370117,
          0.2324099987745285,
          0.1999099999666214
        ],
        "host_samples_ms": [
          0.33082813024520874,
          0.22745877504348755,
          0.26135891675949097,
          0.21995604038238525,
          0.25299936532974243,
          0.21326541900634766,
          0.2486780285835266,
          0.21352618932724,
          0.25050342082977295,
          0.21823495626449585
        ],
        "peak_allocated_mib": 5.015625,
        "peak_delta_allocated_mib": 0.265625,
        "p20_ms": 0.19909340143203735,
        "p50_ms": 0.21998899430036545,
        "p80_ms": 0.2366923987865448,
        "p95_ms": 0.27672845572233196,
        "mean_ms": 0.22474389970302583,
        "stdev_ms": 0.03335654397975083,
        "coefficient_of_variation": 0.14842024199022893,
        "bootstrap_p50_ci_ms": [
          0.19864200055599213,
          0.23751399666070938
        ],
        "bootstrap_resamples": 4000,
        "host_timing": {
          "p20_ms": 0.21729320287704468,
          "p50_ms": 0.23806840181350708,
          "p80_ms": 0.25467127561569214,
          "p95_ms": 0.2995669841766357,
          "mean_ms": 0.2436809241771698,
          "stdev_ms": 0.035548768240909065,
          "coefficient_of_variation": 0.14588244180764476,
          "bootstrap_p50_ci_ms": [
            0.21823495626449585,
            0.25593116879463196
          ],
          "bootstrap_resamples": 4000
        }
      },
      "p50_speedup": 1.0879544399943062
    },
    {
      "operator": "gaussian_pair_bias",
      "precision": "fp16",
      "nodes": 1050,
      "candidate_label": "Optimized FlagOS MUSA backend",
      "validation": {
        "oracle": "MUSA portable PyTorch expression",
        "errors": {
          "max_abs_error": 1.52587890625e-05,
          "max_relative_error": 0.0117647061124444
        }
      },
      "torch_reference": {
        "sample_count": 10,
        "calls_per_sample": 1,
        "samples_ms": [
          23.247337341308594,
          23.158145904541016,
          23.126155853271484,
          23.189435958862305,
          23.121957778930664,
          23.226970672607422,
          23.12824249267578,
          23.248382568359375,
          23.184690475463867,
          23.258573532104492
        ],
        "host_samples_ms": [
          23.280292749404907,
          23.178480565547943,
          23.14576506614685,
          23.2081338763237,
          23.14157783985138,
          23.24538677930832,
          23.146845400333405,
          23.267358541488647,
          23.2032909989357,
          23.27682077884674
        ],
        "peak_allocated_mib": 1626.6630859375,
        "peak_delta_allocated_mib": 1623.47216796875,
        "p20_ms": 23.12782516479492,
        "p50_ms": 23.187063217163086,
        "p80_ms": 23.24754638671875,
        "p95_ms": 23.25398759841919,
        "mean_ms": 23.1889892578125,
        "stdev_ms": 0.0540761193528435,
        "coefficient_of_variation": 0.0023319739705612635,
        "bootstrap_p50_ci_ms": [
          23.12824249267578,
          23.247337341308594
        ],
        "bootstrap_resamples": 4000,
        "host_timing": {
          "p20_ms": 23.146629333496094,
          "p50_ms": 23.2057124376297,
          "p80_ms": 23.269250988960266,
          "p95_ms": 23.278730362653732,
          "mean_ms": 23.20939525961876,
          "stdev_ms": 0.055560624019996896,
          "coefficient_of_variation": 0.0023938850365767582,
          "bootstrap_p50_ci_ms": [
            23.146845400333405,
            23.267358541488647
          ],
          "bootstrap_resamples": 4000
        }
      },
      "flagos_candidate": {
        "sample_count": 10,
        "calls_per_sample": 1,
        "samples_ms": [
          9.831562042236328,
          9.828705787658691,
          9.790818214416504,
          9.78097915649414,
          9.781228065490723,
          9.802740097045898,
          9.802681922912598,
          9.810169219970703,
          9.86665153503418,
          9.9509916305542
        ],
        "host_samples_ms": [
          9.867757558822632,
          9.850047528743744,
          9.812265634536743,
          9.803108870983124,
          9.800806641578674,
          9.82210785150528,
          9.826362133026123,
          9.829603135585785,
          9.889759123325348,
          9.97142493724823
        ],
        "peak_allocated_mib": 1168.24169921875,
        "peak_delta_allocated_mib": 1165.05078125,
        "p20_ms": 9.788900184631348,
        "p50_ms": 9.8064546585083,
        "p80_ms": 9.8385799407959,
        "p95_ms": 9.91303858757019,
        "mean_ms": 9.824652767181396,
        "stdev_ms": 0.05153218212879685,
        "coefficient_of_variation": 0.005245191188938168,
        "bootstrap_p50_ci_ms": [
          9.790818214416504,
          9.838410377502441
        ],
        "bootstrap_resamples": 4000,
        "host_timing": {
          "p20_ms": 9.81043428182602,
          "p50_ms": 9.827982634305954,
          "p80_ms": 9.872157871723175,
          "p95_ms": 9.934675320982933,
          "mean_ms": 9.847324341535568,
          "stdev_ms": 0.05202984672953887,
          "coefficient_of_variation": 0.0052836531960341075,
          "bootstrap_p50_ci_ms": [
            9.812265634536743,
            9.867757558822632
          ],
          "bootstrap_resamples": 4000
        }
      },
      "p50_speedup": 2.364469527939485
    },
    {
      "operator": "pair_score_epilogue",
      "precision": "fp16",
      "nodes": 1050,
      "candidate_label": "Optimized FlagOS MUSA backend",
      "validation": {
        "oracle": "MUSA portable PyTorch expression",
        "errors": {
          "max_abs_error": 0.001953125,
          "max_relative_error": 463.0
        }
      },
      "torch_reference": {
        "sample_count": 10,
        "calls_per_sample": 1,
        "samples_ms": [
          0.5464180111885071,
          0.5478129982948303,
          0.5412560105323792,
          0.5743079781532288,
          0.600970983505249,
          0.5709940195083618,
          0.5416079759597778,
          0.5427960157394409,
          0.5367890000343323,
          0.5385310053825378
        ],
        "host_samples_ms": [
          0.5788654088973999,
          0.5667656660079956,
          0.5593299865722656,
          0.5921721458435059,
          0.652022659778595,
          0.6257966160774231,
          0.5576834082603455,
          0.5888938903808594,
          0.5542412400245667,
          0.5563646554946899
        ],
        "peak_allocated_mib": 52.5205078125,
        "peak_delta_allocated_mib": 34.1591796875,
        "p20_ms": 0.5407110095024109,
        "p50_ms": 0.544607013463974,
        "p80_ms": 0.5716568112373352,
        "p95_ms": 0.5889726310968398,
        "mean_ms": 0.5541483998298645,
        "stdev_ms": 0.021029181818193424,
        "coefficient_of_variation": 0.037948646652502895,
        "bootstrap_p50_ci_ms": [
          0.5406635105609894,
          0.5709940195083618
        ],
        "bootstrap_resamples": 4000,
        "host_timing": {
          "p20_ms": 0.5574196577072144,
          "p50_ms": 0.5728155374526978,
          "p80_ms": 0.5988970398902893,
          "p95_ms": 0.6402209401130676,
          "mean_ms": 0.5832135677337646,
          "stdev_ms": 0.03288438273539137,
          "coefficient_of_variation": 0.056384804049008336,
          "bootstrap_p50_ci_ms": [
            0.5576834082603455,
            0.6073452532291412
          ],
          "bootstrap_resamples": 4000
        }
      },
      "flagos_candidate": {
        "sample_count": 10,
        "calls_per_sample": 1,
        "samples_ms": [
          0.34864500164985657,
          0.26642799377441406,
          0.2934280037879944,
          0.2536439895629883,
          0.28997498750686646,
          0.2544409930706024,
          0.2880449891090393,
          0.2519190013408661,
          0.2878530025482178,
          0.24992500245571136
        ],
        "host_samples_ms": [
          0.3746896982192993,
          0.2851039171218872,
          0.31251460313796997,
          0.2720281481742859,
          0.30888617038726807,
          0.2717897295951843,
          0.3069564700126648,
          0.2700388431549072,
          0.3056153655052185,
          0.26739388704299927
        ],
        "peak_allocated_mib": 18.90625,
        "peak_delta_allocated_mib": 0.544921875,
        "p20_ms": 0.25329899191856386,
        "p50_ms": 0.2771404981613159,
        "p80_ms": 0.29066559076309206,
        "p95_ms": 0.32379735261201853,
        "mean_ms": 0.27843029648065565,
        "stdev_ms": 0.030402575106112415,
        "coefficient_of_variation": 0.10919276921512985,
        "bootstrap_p50_ci_ms": [
          0.25317999720573425,
          0.29073649644851685
        ],
        "bootstrap_resamples": 4000,
        "host_timing": {
          "p20_ms": 0.2714395523071289,
          "p50_ms": 0.29535964131355286,
          "p80_ms": 0.30961185693740845,
          "p95_ms": 0.34671090543270106,
          "mean_ms": 0.29750168323516846,
          "stdev_ms": 0.03264728324890388,
          "coefficient_of_variation": 0.1097381463320896,
          "bootstrap_p50_ci_ms": [
            0.27103349566459656,
            0.3097355365753174
          ],
          "bootstrap_resamples": 4000
        }
      },
      "p50_speedup": 1.9650935791671023
    },
    {
      "operator": "gaussian_pair_bias",
      "precision": "fp16",
      "nodes": 2048,
      "candidate_label": "Optimized FlagOS MUSA backend",
      "validation": {
        "oracle": "MUSA portable PyTorch expression",
        "errors": {
          "max_abs_error": 1.52587890625e-05,
          "max_relative_error": 0.0043668122962117195
        }
      },
      "torch_reference": {
        "sample_count": 10,
        "calls_per_sample": 1,
        "samples_ms": [
          85.48455810546875,
          85.36753845214844,
          85.79891204833984,
          85.55726623535156,
          86.10945129394531,
          85.75904846191406,
          85.52124786376953,
          85.58343505859375,
          85.43923950195312,
          85.70120239257812
        ],
        "host_samples_ms": [
          85.527703166008,
          85.39323508739471,
          85.82820743322372,
          85.58566123247147,
          86.1336886882782,
          85.78616380691528,
          85.54379642009735,
          85.605688393116,
          85.459865629673,
          85.72237938642502
        ],
        "peak_allocated_mib": 6188.10595703125,
        "peak_delta_allocated_mib": 6176.06982421875,
        "p20_ms": 85.47549438476562,
        "p50_ms": 85.57035064697266,
        "p80_ms": 85.76702117919922,
        "p95_ms": 85.96970863342285,
        "mean_ms": 85.63218994140625,
        "stdev_ms": 0.21750980794263153,
        "coefficient_of_variation": 0.002540047242648616,
        "bootstrap_p50_ci_ms": [
          85.48024368286133,
          85.75904846191406
        ],
        "bootstrap_resamples": 4000,
        "host_timing": {
          "p20_ms": 85.514135658741,
          "p50_ms": 85.59567481279373,
          "p80_ms": 85.79457253217697,
          "p95_ms": 85.99622212350368,
          "mean_ms": 85.65863892436028,
          "stdev_ms": 0.21683677804118875,
          "coefficient_of_variation": 0.0025314058309129053,
          "bootstrap_p50_ci_ms": [
            85.527703166008,
            85.78616380691528
          ],
          "bootstrap_resamples": 4000
        }
      },
      "flagos_candidate": {
        "sample_count": 10,
        "calls_per_sample": 1,
        "samples_ms": [
          36.433380126953125,
          36.22538757324219,
          35.872344970703125,
          35.84294509887695,
          35.846710205078125,
          36.369903564453125,
          36.15401840209961,
          36.235984802246094,
          35.982608795166016,
          35.75526428222656
        ],
        "host_samples_ms": [
          36.46537661552429,
          36.249786615371704,
          35.894975066185,
          35.864584147930145,
          35.86846590042114,
          36.39041632413864,
          36.17550432682037,
          36.25701367855072,
          36.003485321998596,
          35.77544540166855
        ],
        "peak_allocated_mib": 4444.10546875,
        "peak_delta_allocated_mib": 4432.0693359375,
        "p20_ms": 35.84595718383789,
        "p50_ms": 36.06831359863281,
        "p80_ms": 36.2627685546875,
        "p95_ms": 36.404815673828125,
        "mean_ms": 36.071854782104495,
        "stdev_ms": 0.24218536813015415,
        "coefficient_of_variation": 0.006713970479009137,
        "bootstrap_p50_ci_ms": [
          35.846710205078125,
          36.297645568847656
        ],
        "bootstrap_resamples": 4000,
        "host_timing": {
          "p20_ms": 35.86768954992294,
          "p50_ms": 36.089494824409485,
          "p80_ms": 36.283694207668304,
          "p95_ms": 36.43164448440075,
          "mean_ms": 36.094505339860916,
          "stdev_ms": 0.24405024184242208,
          "coefficient_of_variation": 0.006761423644526457,
          "bootstrap_p50_ci_ms": [
            35.86846590042114,
            36.28296032547951
          ],
          "bootstrap_resamples": 4000
        }
      },
      "p50_speedup": 2.3724522193967017
    },
    {
      "operator": "pair_score_epilogue",
      "precision": "fp16",
      "nodes": 2048,
      "candidate_label": "Optimized FlagOS MUSA backend",
      "validation": {
        "oracle": "MUSA portable PyTorch expression",
        "errors": {
          "max_abs_error": 0.00244140625,
          "max_relative_error": 58710576.0
        }
      },
      "torch_reference": {
        "sample_count": 10,
        "calls_per_sample": 1,
        "samples_ms": [
          1.0245740413665771,
          1.023026943206787,
          1.0153330564498901,
          1.053030014038086,
          1.0812610387802124,
          1.0475410223007202,
          1.019610047340393,
          1.0197190046310425,
          1.0215239524841309,
          1.0175230503082275
        ],
        "host_samples_ms": [
          1.0555237531661987,
          1.0407641530036926,
          1.039952039718628,
          1.070648431777954,
          1.1346861720085144,
          1.0967999696731567,
          1.0387077927589417,
          1.0651051998138428,
          1.0393336415290833,
          1.0349452495574951
        ],
        "peak_allocated_mib": 196.0,
        "peak_delta_allocated_mib": 129.0,
        "p20_ms": 1.01919264793396,
        "p50_ms": 1.022275447845459,
        "p80_ms": 1.0486388206481934,
        "p95_ms": 1.0685570776462554,
        "mean_ms": 1.0323142170906068,
        "stdev_ms": 0.021464592336976902,
        "coefficient_of_variation": 0.020792692749569044,
        "bootstrap_p50_ci_ms": [
          1.018621027469635,
          1.0475410223007202
        ],
        "bootstrap_resamples": 4000,
        "host_timing": {
          "p20_ms": 1.039208471775055,
          "p50_ms": 1.0481439530849457,
          "p80_ms": 1.0758787393569946,
          "p95_ms": 1.1176373809576035,
          "mean_ms": 1.0616466403007507,
          "stdev_ms": 0.032222787428750274,
          "coefficient_of_variation": 0.03035170668427112,
          "bootstrap_p50_ci_ms": [
            1.0393336415290833,
            1.0809525847434998
          ],
          "bootstrap_resamples": 4000
        }
      },
      "flagos_candidate": {
        "sample_count": 10,
        "calls_per_sample": 1,
        "samples_ms": [
          0.6424019932746887,
          0.5636609792709351,
          0.5834929943084717,
          0.5464280247688293,
          0.573839008808136,
          0.5416489839553833,
          0.5666189789772034,
          0.5385540127754211,
          0.5820209980010986,
          0.538703978061676
        ],
        "host_samples_ms": [
          0.669725239276886,
          0.5819946527481079,
          0.6036609411239624,
          0.5652979016304016,
          0.5918517708778381,
          0.5595684051513672,
          0.584624707698822,
          0.5559921264648438,
          0.6046891212463379,
          0.5564913153648376
        ],
        "peak_allocated_mib": 68.0625,
        "peak_delta_allocated_mib": 1.0625,
        "p20_ms": 0.5410599827766418,
        "p50_ms": 0.5651399791240692,
        "p80_ms": 0.5823153972625732,
        "p95_ms": 0.615892943739891,
        "mean_ms": 0.5677369952201843,
        "stdev_ms": 0.03146684978143537,
        "coefficient_of_variation": 0.05542504724257338,
        "bootstrap_p50_ci_ms": [
          0.5416489839553833,
          0.5820209980010986
        ],
        "bootstrap_resamples": 4000,
        "host_timing": {
          "p20_ms": 0.5589529871940613,
          "p50_ms": 0.583309680223465,
          "p80_ms": 0.6038665771484375,
          "p95_ms": 0.6404589861631392,
          "mean_ms": 0.5873896181583405,
          "stdev_ms": 0.03432267777065047,
          "coefficient_of_variation": 0.058432557725932144,
          "bootstrap_p50_ci_ms": [
            0.5595684051513672,
            0.6036609411239624
          ],
          "bootstrap_resamples": 4000
        }
      },
      "p50_speedup": 1.808888922404535
    },
    {
      "operator": "gaussian_pair_bias",
      "precision": "bf16",
      "nodes": 256,
      "candidate_label": "Optimized FlagOS MUSA backend",
      "validation": {
        "oracle": "MUSA portable PyTorch expression",
        "errors": {
          "max_abs_error": 0.0,
          "max_relative_error": 0.0
        }
      },
      "torch_reference": {
        "sample_count": 10,
        "calls_per_sample": 1,
        "samples_ms": [
          2.192742109298706,
          2.149785041809082,
          2.137626886367798,
          2.135232925415039,
          2.1339499950408936,
          2.1362268924713135,
          2.1250200271606445,
          2.1348369121551514,
          2.133831024169922,
          2.1404240131378174
        ],
        "host_samples_ms": [
          2.223789691925049,
          2.1701082587242126,
          2.1558403968811035,
          2.1537616848945618,
          2.151370048522949,
          2.1541640162467957,
          2.1427422761917114,
          2.1524950861930847,
          2.151608467102051,
          2.1575763821601868
        ],
        "peak_allocated_mib": 96.79345703125,
        "peak_delta_allocated_mib": 96.56982421875,
        "p20_ms": 2.133926200866699,
        "p50_ms": 2.1357299089431763,
        "p80_ms": 2.1422962188720702,
        "p95_ms": 2.1734114289283752,
        "mean_ms": 2.1419675827026365,
        "stdev_ms": 0.01887753515189045,
        "coefficient_of_variation": 0.008813175000562633,
        "bootstrap_p50_ci_ms": [
          2.1339499950408936,
          2.14370596408844
        ],
        "bootstrap_resamples": 4000,
        "host_timing": {
          "p20_ms": 2.1515607833862305,
          "p50_ms": 2.1539628505706787,
          "p80_ms": 2.160082757472992,
          "p95_ms": 2.1996330469846725,
          "mean_ms": 2.1613456308841705,
          "stdev_ms": 0.022969527199682375,
          "coefficient_of_variation": 0.010627419729386791,
          "bootstrap_p50_ci_ms": [
            2.151608467102051,
            2.162974327802658
          ],
          "bootstrap_resamples": 4000
        }
      },
      "flagos_candidate": {
        "sample_count": 10,
        "calls_per_sample": 1,
        "samples_ms": [
          1.0491529703140259,
          1.0430550575256348,
          1.0330519676208496,
          1.0398650169372559,
          1.0500329732894897,
          1.0525480508804321,
          1.0392299890518188,
          1.0311659574508667,
          1.0398809909820557,
          1.0450819730758667
        ],
        "host_samples_ms": [
          1.0762661695480347,
          1.069284975528717,
          1.0517612099647522,
          1.058243215084076,
          1.0688826441764832,
          1.0708793997764587,
          1.057162880897522,
          1.0497793555259705,
          1.058228313922882,
          1.0641291737556458
        ],
        "peak_allocated_mib": 69.54296875,
        "peak_delta_allocated_mib": 69.3193359375,
        "p20_ms": 1.037994384765625,
        "p50_ms": 1.0414680242538452,
        "p80_ms": 1.0493289709091187,
        "p95_ms": 1.051416265964508,
        "mean_ms": 1.0423064947128295,
        "stdev_ms": 0.007077290833332491,
        "coefficient_of_variation": 0.006790028527340594,
        "bootstrap_p50_ci_ms": [
          1.0364584922790527,
          1.0491529703140259
        ],
        "bootstrap_resamples": 4000,
        "host_timing": {
          "p20_ms": 1.056082546710968,
          "p50_ms": 1.0611861944198608,
          "p80_ms": 1.0696038603782654,
          "p95_ms": 1.0738421231508255,
          "mean_ms": 1.0624617338180542,
          "stdev_ms": 0.008763079974141693,
          "coefficient_of_variation": 0.008247901731623554,
          "bootstrap_p50_ci_ms": [
            1.0549947619438171,
            1.069881021976471
          ],
          "bootstrap_resamples": 4000
        }
      },
      "p50_speedup": 2.050691772772678
    },
    {
      "operator": "pair_score_epilogue",
      "precision": "bf16",
      "nodes": 256,
      "candidate_label": "Optimized FlagOS MUSA backend",
      "validation": {
        "oracle": "CPU FP32 expression on the same BF16 input values",
        "errors": {
          "max_abs_error": 0.003744959831237793,
          "max_relative_error": 165.20948791503906
        }
      },
      "torch_reference": {
        "sample_count": 10,
        "calls_per_sample": 1,
        "samples_ms": [
          0.20979399979114532,
          0.17918099462985992,
          0.17395000159740448,
          0.19728900492191315,
          0.1741729974746704,
          0.24535399675369263,
          0.20880399644374847,
          0.20654700696468353,
          0.17298899590969086,
          0.20493599772453308
        ],
        "host_samples_ms": [
          0.241987407207489,
          0.19857287406921387,
          0.19014626741409302,
          0.21552294492721558,
          0.19174814224243164,
          0.26375800371170044,
          0.22675096988677979,
          0.26428699493408203,
          0.19159168004989624,
          0.2231895923614502
        ],
        "peak_allocated_mib": 3.5,
        "peak_delta_allocated_mib": 2.125,
        "p20_ms": 0.17412839829921722,
        "p50_ms": 0.20111250132322311,
        "p80_ms": 0.20900199711322784,
        "p95_ms": 0.2293519981205463,
        "mean_ms": 0.1973016992211342,
        "stdev_ms": 0.02295127255422531,
        "coefficient_of_variation": 0.11632577238223227,
        "bootstrap_p50_ci_ms": [
          0.1741729974746704,
          0.20880399644374847
        ],
        "bootstrap_resamples": 4000,
        "host_timing": {
          "p20_ms": 0.19171684980392456,
          "p50_ms": 0.21935626864433289,
          "p80_ms": 0.2463415265083313,
          "p95_ms": 0.2640489488840103,
          "mean_ms": 0.22075548768043518,
          "stdev_ms": 0.028645727950942678,
          "coefficient_of_variation": 0.12976224623874413,
          "bootstrap_p50_ci_ms": [
            0.19174814224243164,
            0.2452544867992401
          ],
          "bootstrap_resamples": 4000
        }
      },
      "flagos_candidate": {
        "sample_count": 10,
        "calls_per_sample": 1,
        "samples_ms": [
          0.27941301465034485,
          0.1895740032196045,
          0.21784700453281403,
          0.17542000114917755,
          0.21034899353981018,
          0.17539599537849426,
          0.20952199399471283,
          0.17497000098228455,
          0.2110220044851303,
          0.17420899868011475
        ],
        "host_samples_ms": [
          0.3056377172470093,
          0.20752102136611938,
          0.23529678583145142,
          0.19333511590957642,
          0.22815167903900146,
          0.19313395023345947,
          0.22716820240020752,
          0.19277632236480713,
          0.22868812084197998,
          0.19264966249465942
        ],
        "peak_allocated_mib": 1.5078125,
        "peak_delta_allocated_mib": 0.1328125,
        "p20_ms": 0.17531079649925232,
        "p50_ms": 0.19954799860715866,
        "p80_ms": 0.21238700449466705,
        "p95_ms": 0.2517083100974559,
        "mean_ms": 0.20177220106124877,
        "stdev_ms": 0.03252811009320905,
        "coefficient_of_variation": 0.1612120496387657,
        "bootstrap_p50_ci_ms": [
          0.17519500106573105,
          0.2140979990363121
        ],
        "bootstrap_resamples": 4000,
        "host_timing": {
          "p20_ms": 0.193062424659729,
          "p50_ms": 0.21734461188316345,
          "p80_ms": 0.23000985383987427,
          "p95_ms": 0.2739842981100082,
          "mean_ms": 0.22043585777282715,
          "stdev_ms": 0.034700179569885185,
          "coefficient_of_variation": 0.15741622039389744,
          "bootstrap_p50_ci_ms": [
            0.19305571913719177,
            0.23172423243522644
          ],
          "bootstrap_resamples": 4000
        }
      },
      "p50_speedup": 1.00784023256051
    },
    {
      "operator": "gaussian_pair_bias",
      "precision": "bf16",
      "nodes": 512,
      "candidate_label": "Optimized FlagOS MUSA backend",
      "validation": {
        "oracle": "MUSA portable PyTorch expression",
        "errors": {
          "max_abs_error": 7.62939453125e-06,
          "max_relative_error": 0.005319148767739534
        }
      },
      "torch_reference": {
        "sample_count": 10,
        "calls_per_sample": 1,
        "samples_ms": [
          6.283895969390869,
          6.224981784820557,
          6.232524871826172,
          6.228318214416504,
          6.228546142578125,
          6.239278793334961,
          6.229823112487793,
          6.227153778076172,
          6.240683078765869,
          6.225025177001953
        ],
        "host_samples_ms": [
          6.315261125564575,
          6.243214011192322,
          6.250903010368347,
          6.246626377105713,
          6.2461718916893005,
          6.257101893424988,
          6.248012185096741,
          6.244763731956482,
          6.25862181186676,
          6.242603063583374
        ],
        "peak_allocated_mib": 386.85595703125,
        "peak_delta_allocated_mib": 386.06982421875,
        "p20_ms": 6.226728057861328,
        "p50_ms": 6.229184627532959,
        "p80_ms": 6.239559650421143,
        "p95_ms": 6.264450168609619,
        "mean_ms": 6.236023092269898,
        "stdev_ms": 0.017674853408496418,
        "coefficient_of_variation": 0.0028343149386996277,
        "bootstrap_p50_ci_ms": [
          6.2266716957092285,
          6.239278793334961
        ],
        "bootstrap_resamples": 4000,
        "host_timing": {
          "p20_ms": 6.24445378780365,
          "p50_ms": 6.247319281101227,
          "p80_ms": 6.257405877113342,
          "p95_ms": 6.2897734344005585,
          "mean_ms": 6.25532791018486,
          "stdev_ms": 0.021753431827902837,
          "coefficient_of_variation": 0.0034775845711436043,
          "bootstrap_p50_ci_ms": [
            6.244692951440811,
            6.257101893424988
          ],
          "bootstrap_resamples": 4000
        }
      },
      "flagos_candidate": {
        "sample_count": 10,
        "calls_per_sample": 1,
        "samples_ms": [
          2.8675410747528076,
          2.834986925125122,
          2.8621790409088135,
          2.8518149852752686,
          2.855557918548584,
          2.83976411819458,
          2.843334913253784,
          2.846487045288086,
          2.8413538932800293,
          2.848468065261841
        ],
        "host_samples_ms": [
          2.8960630297660828,
          2.8548315167427063,
          2.881452441215515,
          2.870112657546997,
          2.8762146830558777,
          2.8579235076904297,
          2.8617382049560547,
          2.867363393306732,
          2.8616487979888916,
          2.8662383556365967
        ],
        "peak_allocated_mib": 277.85546875,
        "peak_delta_allocated_mib": 277.0693359375,
        "p20_ms": 2.8410359382629395,
        "p50_ms": 2.8474775552749634,
        "p80_ms": 2.8568821430206297,
        "p95_ms": 2.8651281595230103,
        "mean_ms": 2.8491487979888914,
        "stdev_ms": 0.01025773114169656,
        "coefficient_of_variation": 0.0036002791952940865,
        "bootstrap_p50_ci_ms": [
          2.8413538932800293,
          2.856997013092041
        ],
        "bootstrap_resamples": 4000,
        "host_timing": {
          "p20_ms": 2.860903739929199,
          "p50_ms": 2.8668008744716644,
          "p80_ms": 2.877262234687805,
          "p95_ms": 2.8894882649183273,
          "mean_ms": 2.8693586587905884,
          "stdev_ms": 0.01238272887040511,
          "coefficient_of_variation": 0.004315504035185456,
          "bootstrap_p50_ci_ms": [
            2.8610833920538425,
            2.8762146830558777
          ],
          "bootstrap_resamples": 4000
        }
      },
      "p50_speedup": 2.187615005425897
    },
    {
      "operator": "pair_score_epilogue",
      "precision": "bf16",
      "nodes": 512,
      "candidate_label": "Optimized FlagOS MUSA backend",
      "validation": {
        "oracle": "CPU FP32 expression on the same BF16 input values",
        "errors": {
          "max_abs_error": 0.0022426247596740723,
          "max_relative_error": 131.10256958007812
        }
      },
      "torch_reference": {
        "sample_count": 10,
        "calls_per_sample": 1,
        "samples_ms": [
          0.23378799855709076,
          0.23260299861431122,
          0.22125199437141418,
          0.2327679991722107,
          0.22280199825763702,
          0.2946400046348572,
          0.23817700147628784,
          0.23343899846076965,
          0.2222529947757721,
          0.23240700364112854
        ],
        "host_samples_ms": [
          0.2703666687011719,
          0.2512335777282715,
          0.2368539571762085,
          0.2505853772163391,
          0.24039298295974731,
          0.31261146068573,
          0.2543032169342041,
          0.2898797392845154,
          0.24011731147766113,
          0.25063008069992065
        ],
        "peak_allocated_mib": 13.0,
        "peak_delta_allocated_mib": 8.25,
        "p20_ms": 0.22269219756126404,
        "p50_ms": 0.23268549889326096,
        "p80_ms": 0.23466579914093016,
        "p95_ms": 0.2692316532135009,
        "mean_ms": 0.2364128991961479,
        "stdev_ms": 0.021262127112300556,
        "coefficient_of_variation": 0.089936408650273,
        "bootstrap_p50_ci_ms": [
          0.22280199825763702,
          0.23580799996852875
        ],
        "bootstrap_resamples": 4000,
        "host_timing": {
          "p20_ms": 0.24033784866333008,
          "p50_ms": 0.25093182921409607,
          "p80_ms": 0.2742692828178406,
          "p95_ms": 0.3023821860551834,
          "mean_ms": 0.25969743728637695,
          "stdev_ms": 0.02442345575304233,
          "coefficient_of_variation": 0.09404580964774703,
          "bootstrap_p50_ci_ms": [
            0.24039298295974731,
            0.27209147810935974
          ],
          "bootstrap_resamples": 4000
        }
      },
      "flagos_candidate": {
        "sample_count": 10,
        "calls_per_sample": 1,
        "samples_ms": [
          0.3028689920902252,
          0.21070000529289246,
          0.24092400074005127,
          0.1980540007352829,
          0.2356649935245514,
          0.1967809945344925,
          0.23892100155353546,
          0.19805799424648285,
          0.2368520051240921,
          0.20044299960136414
        ],
        "host_samples_ms": [
          0.3327280282974243,
          0.2294406294822693,
          0.2588331699371338,
          0.2162531018257141,
          0.254310667514801,
          0.21468102931976318,
          0.2574846148490906,
          0.2154707908630371,
          0.2550557255744934,
          0.2185031771659851
        ],
        "peak_allocated_mib": 5.015625,
        "peak_delta_allocated_mib": 0.265625,
        "p20_ms": 0.19805719554424286,
        "p50_ms": 0.22318249940872192,
        "p80_ms": 0.23932160139083863,
        "p95_ms": 0.27499374598264686,
        "mean_ms": 0.22592669874429702,
        "stdev_ms": 0.03301915160890149,
        "coefficient_of_variation": 0.1461498432563406,
        "bootstrap_p50_ci_ms": [
          0.19805799424648285,
          0.23892100155353546
        ],
        "bootstrap_resamples": 4000,
        "host_timing": {
          "p20_ms": 0.2160966396331787,
          "p50_ms": 0.24187564849853516,
          "p80_ms": 0.2577543258666992,
          "p95_ms": 0.2994753420352935,
          "mean_ms": 0.2452760934829712,
          "stdev_ms": 0.0361973709586948,
          "coefficient_of_variation": 0.14757806374312576,
          "bootstrap_p50_ci_ms": [
            0.2162531018257141,
            0.2574846148490906
          ],
          "bootstrap_resamples": 4000
        }
      },
      "p50_speedup": 1.042579501124485
    },
    {
      "operator": "gaussian_pair_bias",
      "precision": "bf16",
      "nodes": 1050,
      "candidate_label": "Optimized FlagOS MUSA backend",
      "validation": {
        "oracle": "MUSA portable PyTorch expression",
        "errors": {
          "max_abs_error": 6.103515625e-05,
          "max_relative_error": 0.00671140942722559
        }
      },
      "torch_reference": {
        "sample_count": 10,
        "calls_per_sample": 1,
        "samples_ms": [
          23.22848892211914,
          23.216955184936523,
          23.15458869934082,
          23.226837158203125,
          23.135822296142578,
          23.170276641845703,
          23.146259307861328,
          23.167142868041992,
          23.205415725708008,
          23.14864730834961
        ],
        "host_samples_ms": [
          23.26173335313797,
          23.236900568008423,
          23.173481225967407,
          23.24635535478592,
          23.154325783252716,
          23.189514875411987,
          23.167267441749573,
          23.189224302768707,
          23.231036961078644,
          23.16853404045105
        ],
        "peak_allocated_mib": 1626.6630859375,
        "peak_delta_allocated_mib": 1623.47216796875,
        "p20_ms": 23.148169708251952,
        "p50_ms": 23.168709754943848,
        "p80_ms": 23.218931579589842,
        "p95_ms": 23.227745628356935,
        "mean_ms": 23.180043411254882,
        "stdev_ms": 0.03580068241655029,
        "coefficient_of_variation": 0.0015444614050708618,
        "bootstrap_p50_ci_ms": [
          23.14864730834961,
          23.216955184936523
        ],
        "bootstrap_resamples": 4000,
        "host_timing": {
          "p20_ms": 23.168280720710754,
          "p50_ms": 23.189369589090347,
          "p80_ms": 23.238791525363922,
          "p95_ms": 23.254813253879547,
          "mean_ms": 23.20183739066124,
          "stdev_ms": 0.03848227666367574,
          "coefficient_of_variation": 0.0016585874651101938,
          "bootstrap_p50_ci_ms": [
            23.16853404045105,
            23.23869615793228
          ],
          "bootstrap_resamples": 4000
        }
      },
      "flagos_candidate": {
        "sample_count": 10,
        "calls_per_sample": 1,
        "samples_ms": [
          10.10382080078125,
          9.937844276428223,
          9.812118530273438,
          9.810027122497559,
          9.790931701660156,
          9.8199462890625,
          9.803951263427734,
          9.849456787109375,
          9.823495864868164,
          9.783132553100586
        ],
        "host_samples_ms": [
          10.134831070899963,
          9.95984673500061,
          9.83196496963501,
          9.829580783843994,
          9.810023009777069,
          9.84058529138565,
          9.822413325309753,
          9.869799017906189,
          9.842783212661743,
          9.801879525184631
        ],
        "peak_allocated_mib": 1168.24169921875,
        "peak_delta_allocated_mib": 1165.05078125,
        "p20_ms": 9.801347351074218,
        "p50_ms": 9.816032409667969,
        "p80_ms": 9.867134284973144,
        "p95_ms": 10.029131364822387,
        "mean_ms": 9.8534725189209,
        "stdev_ms": 0.09817256002813578,
        "coefficient_of_variation": 0.009963244920978083,
        "bootstrap_p50_ci_ms": [
          9.801525115966797,
          9.880670070648193
        ],
        "bootstrap_resamples": 4000,
        "host_timing": {
          "p20_ms": 9.819935262203217,
          "p50_ms": 9.83627513051033,
          "p80_ms": 9.887808561325073,
          "p95_ms": 10.056088119745255,
          "mean_ms": 9.874370694160461,
          "stdev_ms": 0.10176521335484454,
          "coefficient_of_variation": 0.010305994833172183,
          "bootstrap_p50_ci_ms": [
            9.82099398970604,
            9.901314973831177
          ],
          "bootstrap_resamples": 4000
        }
      },
      "p50_speedup": 2.3602927117604677
    },
    {
      "operator": "pair_score_epilogue",
      "precision": "bf16",
      "nodes": 1050,
      "candidate_label": "Optimized FlagOS MUSA backend",
      "validation": {
        "oracle": "CPU FP32 expression on the same BF16 input values",
        "errors": {
          "max_abs_error": 0.0034161806106567383,
          "max_relative_error": 107.76383972167969
        }
      },
      "torch_reference": {
        "sample_count": 10,
        "calls_per_sample": 1,
        "samples_ms": [
          0.5409970283508301,
          0.5503299832344055,
          0.5433970093727112,
          0.5416489839553833,
          0.5446329712867737,
          0.6192740201950073,
          0.5501009821891785,
          0.5429940223693848,
          0.5449770092964172,
          0.5434070229530334
        ],
        "host_samples_ms": [
          0.5850568413734436,
          0.5699098110198975,
          0.5599707365036011,
          0.5599632859230042,
          0.5624145269393921,
          0.6375685334205627,
          0.5659535527229309,
          0.5949884653091431,
          0.5628541111946106,
          0.5610138177871704
        ],
        "peak_allocated_mib": 52.5205078125,
        "peak_delta_allocated_mib": 34.1591796875,
        "p20_ms": 0.5427250146865845,
        "p50_ms": 0.5440199971199036,
        "p80_ms": 0.5501467823982239,
        "p95_ms": 0.5882492035627365,
        "mean_ms": 0.5521759033203125,
        "stdev_ms": 0.023787583974649425,
        "coefficient_of_variation": 0.043079721211322856,
        "bootstrap_p50_ci_ms": [
          0.5425229966640472,
          0.5501009821891785
        ],
        "bootstrap_resamples": 4000,
        "host_timing": {
          "p20_ms": 0.5608052015304565,
          "p50_ms": 0.5644038319587708,
          "p80_ms": 0.5870431661605835,
          "p95_ms": 0.6184075027704239,
          "mean_ms": 0.5759693682193756,
          "stdev_ms": 0.02464720681575692,
          "coefficient_of_variation": 0.04279256532678883,
          "bootstrap_p50_ci_ms": [
            0.5610138177871704,
            0.5850568413734436
          ],
          "bootstrap_resamples": 4000
        }
      },
      "flagos_candidate": {
        "sample_count": 10,
        "calls_per_sample": 1,
        "samples_ms": [
          0.3689810037612915,
          0.2703680098056793,
          0.30567899346351624,
          0.2534489929676056,
          0.29421499371528625,
          0.2549790143966675,
          0.2928510010242462,
          0.25471800565719604,
          0.28902098536491394,
          0.2503510117530823
        ],
        "host_samples_ms": [
          0.3974735736846924,
          0.2896040678024292,
          0.35496801137924194,
          0.27126073837280273,
          0.31307339668273926,
          0.27269870042800903,
          0.3115534782409668,
          0.27261674404144287,
          0.3069862723350525,
          0.26810169219970703
        ],
        "peak_allocated_mib": 18.90625,
        "peak_delta_allocated_mib": 0.544921875,
        "p20_ms": 0.254464203119278,
        "p50_ms": 0.27969449758529663,
        "p80_ms": 0.29650779366493224,
        "p95_ms": 0.3404950991272926,
        "mean_ms": 0.2834612011909485,
        "stdev_ms": 0.036282603302323836,
        "coefficient_of_variation": 0.12799848144961018,
        "bootstrap_p50_ci_ms": [
          0.25421400368213654,
          0.2992649972438812
        ],
        "bootstrap_resamples": 4000,
        "host_timing": {
          "p20_ms": 0.27234554290771484,
          "p50_ms": 0.29829517006874084,
          "p80_ms": 0.3214523196220398,
          "p95_ms": 0.37834607064723963,
          "mean_ms": 0.3058336675167084,
          "stdev_ms": 0.04214023401716593,
          "coefficient_of_variation": 0.13778808055808214,
          "bootstrap_p50_ci_ms": [
            0.2719797194004059,
            0.33326074481010437
          ],
          "bootstrap_resamples": 4000
        }
      },
      "p50_speedup": 1.9450507672357669
    },
    {
      "operator": "gaussian_pair_bias",
      "precision": "bf16",
      "nodes": 2048,
      "candidate_label": "Optimized FlagOS MUSA backend",
      "validation": {
        "oracle": "MUSA portable PyTorch expression",
        "errors": {
          "max_abs_error": 1.52587890625e-05,
          "max_relative_error": 0.007352941203862429
        }
      },
      "torch_reference": {
        "sample_count": 10,
        "calls_per_sample": 1,
        "samples_ms": [
          85.84383392333984,
          85.88854217529297,
          85.61140441894531,
          85.5205078125,
          85.35038757324219,
          85.51435852050781,
          85.44367980957031,
          85.66946411132812,
          85.9000015258789,
          85.66442108154297
        ],
        "host_samples_ms": [
          85.89266240596771,
          85.9093964099884,
          85.63148975372314,
          85.54410189390182,
          85.37467569112778,
          85.53529530763626,
          85.46479046344757,
          85.69356799125671,
          85.922010242939,
          85.68553626537323
        ],
        "peak_allocated_mib": 6188.10595703125,
        "peak_delta_allocated_mib": 6176.06982421875,
        "p20_ms": 85.5002227783203,
        "p50_ms": 85.63791275024414,
        "p80_ms": 85.85277557373047,
        "p95_ms": 85.89484481811523,
        "mean_ms": 85.64066009521484,
        "stdev_ms": 0.19022830928686887,
        "coefficient_of_variation": 0.0022212382421547667,
        "bootstrap_p50_ci_ms": [
          85.48209381103516,
          85.84383392333984
        ],
        "bootstrap_resamples": 4000,
        "host_timing": {
          "p20_ms": 85.52119433879852,
          "p50_ms": 85.65851300954819,
          "p80_ms": 85.89600920677185,
          "p95_ms": 85.91633401811123,
          "mean_ms": 85.66535264253616,
          "stdev_ms": 0.1931566217600038,
          "coefficient_of_variation": 0.002254781143153715,
          "bootstrap_p50_ci_ms": [
            85.5044461786747,
            85.89266240596771
          ],
          "bootstrap_resamples": 4000
        }
      },
      "flagos_candidate": {
        "sample_count": 10,
        "calls_per_sample": 1,
        "samples_ms": [
          35.72438049316406,
          35.73124694824219,
          36.012657165527344,
          36.19416046142578,
          36.11454391479492,
          36.03829574584961,
          35.92961883544922,
          35.953731536865234,
          36.19407272338867,
          36.136329650878906
        ],
        "host_samples_ms": [
          35.756200551986694,
          35.752683877944946,
          36.03498637676239,
          36.215201020240784,
          36.13512963056564,
          36.059342324733734,
          35.95105558633804,
          35.97518801689148,
          36.21489554643631,
          36.15764528512955
        ],
        "peak_allocated_mib": 4444.10546875,
        "peak_delta_allocated_mib": 4432.0693359375,
        "p20_ms": 35.88994445800781,
        "p50_ms": 36.02547645568848,
        "p80_ms": 36.14787826538086,
        "p95_ms": 36.19412097930908,
        "mean_ms": 36.00290374755859,
        "stdev_ms": 0.17123720836002232,
        "coefficient_of_variation": 0.004756205487220852,
        "bootstrap_p50_ci_ms": [
          35.87186622619629,
          36.136329650878906
        ],
        "bootstrap_resamples": 4000,
        "host_timing": {
          "p20_ms": 35.91208457946777,
          "p50_ms": 36.04716435074806,
          "p80_ms": 36.1690953373909,
          "p95_ms": 36.21506355702877,
          "mean_ms": 36.02523282170296,
          "stdev_ms": 0.1691800022127919,
          "coefficient_of_variation": 0.004696152917320537,
          "bootstrap_p50_ci_ms": [
            35.89559346437454,
            36.17501258850098
          ],
          "bootstrap_resamples": 4000
        }
      },
      "p50_speedup": 2.377148650777158
    },
    {
      "operator": "pair_score_epilogue",
      "precision": "bf16",
      "nodes": 2048,
      "candidate_label": "Optimized FlagOS MUSA backend",
      "validation": {
        "oracle": "CPU FP32 expression on the same BF16 input values",
        "errors": {
          "max_abs_error": 0.002077817916870117,
          "max_relative_error": 3602.6923828125
        }
      },
      "torch_reference": {
        "sample_count": 10,
        "calls_per_sample": 1,
        "samples_ms": [
          1.0197210311889648,
          1.0194439888000488,
          1.0196199417114258,
          1.0169299840927124,
          1.0164250135421753,
          1.0127689838409424,
          1.012652039527893,
          1.0207610130310059,
          1.0191969871520996,
          1.0158699750900269
        ],
        "host_samples_ms": [
          1.0632127523422241,
          1.0383203625679016,
          1.0374411940574646,
          1.0347366333007812,
          1.0344162583351135,
          1.031525433063507,
          1.028493046760559,
          1.0746419429779053,
          1.0368451476097107,
          1.0354891419410706
        ],
        "peak_allocated_mib": 196.0,
        "peak_delta_allocated_mib": 129.0,
        "p20_ms": 1.01524977684021,
        "p50_ms": 1.018063485622406,
        "p80_ms": 1.0196401596069335,
        "p95_ms": 1.0202930212020873,
        "mean_ms": 1.0173388957977294,
        "stdev_ms": 0.0029151592383107705,
        "coefficient_of_variation": 0.002865475064752043,
        "bootstrap_p50_ci_ms": [
          1.0145969986915588,
          1.0196199417114258
        ],
        "bootstrap_resamples": 4000,
        "host_timing": {
          "p20_ms": 1.0338380932807922,
          "p50_ms": 1.0361671447753906,
          "p80_ms": 1.0432988405227661,
          "p95_ms": 1.0694988071918488,
          "mean_ms": 1.0415121912956238,
          "stdev_ms": 0.014977048814895503,
          "coefficient_of_variation": 0.014380099378639346,
          "bootstrap_p50_ci_ms": [
            1.0331310331821442,
            1.0503269731998444
          ],
          "bootstrap_resamples": 4000
        }
      },
      "flagos_candidate": {
        "sample_count": 10,
        "calls_per_sample": 1,
        "samples_ms": [
          0.6593220233917236,
          0.5443829894065857,
          0.5949559807777405,
          0.5424079895019531,
          0.5743470191955566,
          0.5391139984130859,
          0.5819550156593323,
          0.5425480008125305,
          0.5804299712181091,
          0.5390139818191528
        ],
        "host_samples_ms": [
          0.6902888417243958,
          0.5675554275512695,
          0.6132274866104126,
          0.5615204572677612,
          0.5931034684181213,
          0.5575791001319885,
          0.6010755896568298,
          0.5609467625617981,
          0.6002411246299744,
          0.5573853850364685
        ],
        "peak_allocated_mib": 68.0625,
        "peak_delta_allocated_mib": 1.0625,
        "p20_ms": 0.5417491912841796,
        "p50_ms": 0.5593650043010712,
        "p80_ms": 0.5845552086830139,
        "p95_ms": 0.6303573042154311,
        "mean_ms": 0.569847697019577,
        "stdev_ms": 0.03794270110382968,
        "coefficient_of_variation": 0.06658393339532294,
        "bootstrap_p50_ci_ms": [
          0.5408309996128082,
          0.5876929759979248
        ],
        "bootstrap_resamples": 4000,
        "host_timing": {
          "p20_ms": 0.5602732300758362,
          "p50_ms": 0.5803294479846954,
          "p80_ms": 0.6035059690475464,
          "p95_ms": 0.6556112319231032,
          "mean_ms": 0.590292364358902,
          "stdev_ms": 0.04097079668005406,
          "coefficient_of_variation": 0.0694076345109955,
          "bootstrap_p50_ci_ms": [
            0.5595497786998749,
            0.6067343056201935
          ],
          "bootstrap_resamples": 4000
        }
      },
      "p50_speedup": 1.8200342849379367
    }
  ]
}
