/home/ymm/miniconda3/envs/ai_paper_0530/lib/python3.11/site-packages/torch/library.py:349: UserWarning: Warning only once for all operators,  other operators may also be overridden.
  Overriding a previously registered kernel for the same operator and the same dispatch key
  operator: aten::addmm(Tensor self, Tensor mat1, Tensor mat2, *, Scalar beta=1, Scalar alpha=1) -> Tensor
    registered at /pytorch/build/aten/src/ATen/RegisterSchema.cpp:6
  dispatch key: CUDA
  previous kernel: registered at /pytorch/aten/src/ATen/autocast_mode.cpp:169
       new kernel: registered at /dev/null:135 (Triggered internally at /pytorch/aten/src/ATen/core/dispatch/OperatorEntry.cpp:154.)
  self.m.impl(
[INFO] : FlagGems Unsupported GPU arch Tesla V100-SXM2-16GB specialization
{
  "commits": {
    "flaggems": "a9a96bbcc3d685482c656343e0759b7b4a5c38bc",
    "stofm": "ba914b5d1b30b9dc03cfbb36a2fe968ece13fbcc"
  },
  "created_at_utc": "2026-08-15T12:38:11.275480+00:00",
  "measurement": {
    "calls_per_sample": 5,
    "compile_included": false,
    "inference_mode": true,
    "repetitions": 30,
    "tf32": false,
    "timer": "cuda_events",
    "warmup": 10
  },
  "precision": "fp32",
  "reference_hashes": {
    "marker_token_embed": "723459b50d1b426c135d2624240b63c3bddb538e7c9349e17122175f8bd449c1",
    "residual_layer_norm": "8e082b653151dfb4cb96336181f485b50d52ea7b7694325920ce42daca008738",
    "swiglu": "2f244418a89af7c9c54ccfbb728729c416fc3fbcbe5c889e6980d94bcf2156f1"
  },
  "results": [
    {
      "calls_per_sample": 5,
      "comparison_baseline": "V0_marker_token_torch",
      "description": "KRONOS marker-aware token assembly through the public Torch reference API.",
      "dispatch": {
        "flagos_scope": null,
        "public": {
          "operator": "marker_token_embed",
          "precision": "fp32",
          "reason": "explicit reference backend",
          "requested": "torch",
          "selected": "torch"
        }
      },
      "gain_kind": "reference",
      "mean_ms": 0.2939084815979004,
      "p20_ms": 0.2852044820785522,
      "p50_ms": 0.29255679845809934,
      "p80_ms": 0.301875205039978,
      "p95_ms": 0.3119001615047455,
      "peak_allocated_mib": 74.6083984375,
      "peak_delta_allocated_mib": 24.04736328125,
      "peak_delta_reserved_mib": 0.0,
      "peak_reserved_mib": 116.0,
      "sample_count": 30,
      "samples_ms": [
        0.3072000026702881,
        0.29716479778289795,
        0.291430401802063,
        0.3201024055480957,
        0.3086335897445679,
        0.30126080513000486,
        0.2979840040206909,
        0.2899967908859253,
        0.28590080738067625,
        0.29675519466400146,
        0.2838527917861938,
        0.2916352033615112,
        0.28180480003356934,
        0.3043328046798706,
        0.2861056089401245,
        0.2791424036026001,
        0.2934783935546875,
        0.27975680828094485,
        0.28487679958343504,
        0.2861056089401245,
        0.29409279823303225,
        0.2869247913360596,
        0.28671998977661134,
        0.314572811126709,
        0.29818880558013916,
        0.29511680603027346,
        0.30801920890808104,
        0.2852864027023315,
        0.2988032102584839,
        0.2820096015930176
      ],
      "scope": "vision_operator",
      "stage": "V0_marker_token_torch",
      "status": "measured",
      "validation": {
        "atol": 3e-05,
        "output_sha256": "723459b50d1b426c135d2624240b63c3bddb538e7c9349e17122175f8bd449c1",
        "rtol": 0.0003,
        "status": "passed"
      }
    },
    {
      "calls_per_sample": 5,
      "comparison_baseline": "V0s_marker_token_stock_flagos",
      "description": "FlagGems NVIDIA marker-token Triton candidate versus the frozen scoped-FlagOS baseline.",
      "dispatch": {
        "flagos_scope": {
          "active": true,
          "mode": "optimized",
          "reason": "scoped FlagGems ATen dispatch",
          "registered_aten_ops": [
            "addmm",
            "baddbmm",
            "bmm",
            "softmax",
            "softmax_out"
          ],
          "vendor_hint": "nvidia"
        },
        "public": {
          "operator": "marker_token_embed",
          "precision": "fp32",
          "reason": "explicit NVIDIA backend",
          "requested": "nvidia",
          "selected": "nvidia"
        }
      },
      "gain_kind": "custom_kernel",
      "mean_ms": 0.3008034133911133,
      "p20_ms": 0.26550271511077883,
      "p50_ms": 0.2821120023727417,
      "p80_ms": 0.34705409049987795,
      "p95_ms": 0.3810815930366516,
      "peak_allocated_mib": 62.5693359375,
      "peak_delta_allocated_mib": 12.00830078125,
      "peak_delta_reserved_mib": 0.0,
      "peak_reserved_mib": 116.0,
      "sample_count": 30,
      "samples_ms": [
        0.38051838874816896,
        0.3516416072845459,
        0.3575808048248291,
        0.38789119720458987,
        0.34590721130371094,
        0.341811203956604,
        0.265011191368103,
        0.27197439670562745,
        0.28323841094970703,
        0.27054080963134763,
        0.25804800987243653,
        0.28098559379577637,
        0.2619391918182373,
        0.2762752056121826,
        0.3239936113357544,
        0.30842878818511965,
        0.29184000492095946,
        0.3596287965774536,
        0.38154239654541017,
        0.29081599712371825,
        0.27463679313659667,
        0.26562559604644775,
        0.2627583980560303,
        0.27402238845825194,
        0.26828799247741697,
        0.28917760848999025,
        0.3008512020111084,
        0.27791359424591067,
        0.2631680011749268,
        0.25804800987243653
      ],
      "scope": "vision_operator",
      "stage": "V1_marker_token_nvidia",
      "status": "measured",
      "validation": {
        "atol": 3e-05,
        "output_sha256": "723459b50d1b426c135d2624240b63c3bddb538e7c9349e17122175f8bd449c1",
        "rtol": 0.0003,
        "status": "passed"
      }
    },
    {
      "calls_per_sample": 5,
      "comparison_baseline": "V2_swiglu_torch",
      "description": "Uni2 packed SwiGLU through the public Torch reference API.",
      "dispatch": {
        "flagos_scope": null,
        "public": {
          "operator": "swiglu",
          "precision": "fp32",
          "reason": "explicit reference backend",
          "requested": "torch",
          "selected": "torch"
        }
      },
      "gain_kind": "reference",
      "mean_ms": 0.062409386436144514,
      "p20_ms": 0.058122241497039796,
      "p50_ms": 0.061952000856399535,
      "p80_ms": 0.06684671998023987,
      "p95_ms": 0.07299072086811066,
      "peak_allocated_mib": 50.92822265625,
      "peak_delta_allocated_mib": 8.25,
      "peak_delta_reserved_mib": 0.0,
      "peak_reserved_mib": 116.0,
      "sample_count": 30,
      "samples_ms": [
        0.06881279945373535,
        0.0591871976852417,
        0.05775359869003296,
        0.07208960056304932,
        0.06799359917640686,
        0.0737280011177063,
        0.07454720139503479,
        0.059596800804138185,
        0.06389759778976441,
        0.06656000018119812,
        0.05816320180892944,
        0.06328319907188415,
        0.062054401636123656,
        0.054067200422286986,
        0.061849600076675414,
        0.05877760052680969,
        0.05509120225906372,
        0.06000639796257019,
        0.0579584002494812,
        0.05836799740791321,
        0.0681984007358551,
        0.06307839751243591,
        0.054681599140167236,
        0.06225919723510742,
        0.06594560146331788,
        0.06082559823989868,
        0.06512640118598938,
        0.060211199522018435,
        0.054681599140167236,
        0.06348800063133239
      ],
      "scope": "vision_operator",
      "stage": "V2_swiglu_torch",
      "status": "measured",
      "validation": {
        "atol": 3e-05,
        "output_sha256": "2f244418a89af7c9c54ccfbb728729c416fc3fbcbe5c889e6980d94bcf2156f1",
        "rtol": 0.0003,
        "status": "passed"
      }
    },
    {
      "calls_per_sample": 5,
      "comparison_baseline": "V2s_swiglu_stock_flagos",
      "description": "Existing FlagGems SwiGLU candidate versus the frozen scoped-FlagOS baseline.",
      "dispatch": {
        "flagos_scope": {
          "active": true,
          "mode": "optimized",
          "reason": "scoped FlagGems ATen dispatch",
          "registered_aten_ops": [
            "addmm",
            "baddbmm",
            "bmm",
            "softmax",
            "softmax_out"
          ],
          "vendor_hint": "nvidia"
        },
        "public": {
          "operator": "swiglu",
          "precision": "fp32",
          "reason": "explicit NVIDIA backend",
          "requested": "nvidia",
          "selected": "nvidia"
        }
      },
      "gain_kind": "existing_flaggems_kernel",
      "mean_ms": 0.1302459732691447,
      "p20_ms": 0.12259328365325928,
      "p50_ms": 0.12984319925308227,
      "p80_ms": 0.13742079734802246,
      "p95_ms": 0.14181375920772551,
      "peak_allocated_mib": 46.80322265625,
      "peak_delta_allocated_mib": 4.125,
      "peak_delta_reserved_mib": 0.0,
      "peak_reserved_mib": 116.0,
      "sample_count": 30,
      "samples_ms": [
        0.1558527946472168,
        0.1363968014717102,
        0.13967360258102418,
        0.1351680040359497,
        0.1230847954750061,
        0.12738560438156127,
        0.1388543963432312,
        0.12697600126266478,
        0.12963839769363403,
        0.1363968014717102,
        0.13742079734802246,
        0.13271039724349976,
        0.1218559980392456,
        0.13312000036239624,
        0.11407359838485717,
        0.12165119647979736,
        0.1300480008125305,
        0.12226560115814208,
        0.12595200538635254,
        0.13025280237197875,
        0.1253376007080078,
        0.12349439859390259,
        0.12267520427703857,
        0.11489280462265014,
        0.1210368037223816,
        0.13742079734802246,
        0.1435647964477539,
        0.13557759523391724,
        0.13824000358581542,
        0.12636159658432006
      ],
      "scope": "vision_operator",
      "stage": "V3_swiglu_nvidia",
      "status": "measured",
      "validation": {
        "atol": 3e-05,
        "output_sha256": "f9847b93e2713bef331b88fc7758bdf43cf9c53e00723e2686b2fcebc4ab6fe9",
        "rtol": 0.0003,
        "status": "passed"
      }
    },
    {
      "calls_per_sample": 5,
      "comparison_baseline": "V4_residual_layer_norm_torch",
      "description": "Uni2 residual-LayerNorm reference boundary.",
      "dispatch": {
        "flagos_scope": null,
        "public": {
          "operator": "residual_layer_norm",
          "precision": "fp32",
          "reason": "explicit reference backend",
          "requested": "torch",
          "selected": "torch"
        }
      },
      "gain_kind": "reference",
      "mean_ms": 0.06384981354077657,
      "p20_ms": 0.05894144177436829,
      "p50_ms": 0.06400000154972077,
      "p80_ms": 0.06918144106864929,
      "p95_ms": 0.07278591930866242,
      "peak_allocated_mib": 39.71630859375,
      "peak_delta_allocated_mib": 0.7763671875,
      "peak_delta_reserved_mib": 0.0,
      "peak_reserved_mib": 118.0,
      "sample_count": 30,
      "samples_ms": [
        0.06594560146331788,
        0.06778879761695862,
        0.06983680129051209,
        0.054476797580718994,
        0.06451200246810913,
        0.0626688003540039,
        0.05509120225906372,
        0.06430720090866089,
        0.06451200246810913,
        0.06901760101318359,
        0.07454720139503479,
        0.054681599140167236,
        0.05550079941749573,
        0.07147520184516906,
        0.058982402086257935,
        0.06000639796257019,
        0.07352319955825806,
        0.054067200422286986,
        0.06369280219078063,
        0.06717439889907836,
        0.05877760052680969,
        0.07065600156784058,
        0.06471679806709289,
        0.06164479851722717,
        0.07188479900360108,
        0.06799359917640686,
        0.06348800063133239,
        0.06328319907188415,
        0.05939199924468994,
        0.061849600076675414
      ],
      "scope": "vision_operator",
      "stage": "V4_residual_layer_norm_torch",
      "status": "measured",
      "validation": {
        "atol": 3e-05,
        "output_sha256": "8e082b653151dfb4cb96336181f485b50d52ea7b7694325920ce42daca008738",
        "rtol": 0.0003,
        "status": "passed"
      }
    },
    {
      "comparison_baseline": "V4s_residual_layer_norm_stock_flagos",
      "description": "No NVIDIA residual-LayerNorm native candidate is timed in R2.",
      "gain_kind": "rejected",
      "reason": "The existing FlagGems skip-LayerNorm candidate lost on the V100 R1 shape and has no verified backward contract.",
      "samples_ms": [],
      "scope": "vision_operator",
      "stage": "V5_residual_layer_norm_rejected",
      "status": "rejected"
    }
  ],
  "role": "optimized",
  "run_id": "vision-r2-fp32-03",
  "runtime": {
    "capability": [
      7,
      0
    ],
    "cuda": "12.4",
    "device": "Tesla V100-SXM2-16GB",
    "environment": {
      "CUBLAS_WORKSPACE_CONFIG": null,
      "CUDA_VISIBLE_DEVICES": "0",
      "PYTORCH_CUDA_ALLOC_CONF": null,
      "TORCHINDUCTOR_CACHE_DIR": null,
      "TORCHINDUCTOR_COMPILE_THREADS": null
    },
    "nvidia_smi": [
      {
        "driver": "550.144.03",
        "index": "0",
        "memory_total_mib": "16384",
        "name": "Tesla V100-SXM2-16GB"
      },
      {
        "driver": "550.144.03",
        "index": "1",
        "memory_total_mib": "16384",
        "name": "Tesla V100-SXM2-16GB"
      },
      {
        "driver": "550.144.03",
        "index": "2",
        "memory_total_mib": "11264",
        "name": "NVIDIA GeForce GTX 1080 Ti"
      }
    ],
    "pip_freeze": [
      "GitPython==3.1.50",
      "Jinja2==3.1.6",
      "MarkupSafe==3.0.3",
      "PyYAML==6.0.3",
      "Pygments==2.20.0",
      "SQLAlchemy==2.0.48",
      "absl-py==2.4.0",
      "accelerate==1.13.0",
      "aiohappyeyeballs==2.6.2",
      "aiohttp==3.13.5",
      "aiosignal==1.4.0",
      "annotated-doc==0.0.4",
      "annotated-types==0.7.0",
      "anyio==4.13.0",
      "argon2-cffi-bindings==25.1.0",
      "argon2-cffi==25.1.0",
      "attrs==26.1.0",
      "backoff==2.2.1",
      "catboost==1.2.10",
      "certifi==2026.5.20",
      "cffi==2.0.0",
      "charset-normalizer==3.4.7",
      "chronos-forecasting==2.2.2",
      "click==8.4.1",
      "contourpy==1.3.3",
      "cramjam==2.11.0",
      "cycler==0.12.1",
      "datasets==4.8.5",
      "dill==0.4.1",
      "distro==1.9.0",
      "einops==0.8.2",
      "einshape==1.0",
      "eval_type_backport==0.3.1",
      "evaluate==0.4.6",
      "faiss-cpu==1.14.2",
      "fastparquet==2026.5.0",
      "filelock==3.29.0",
      "flag_gems==5.3.2.post1.dev19+g59062fc40.d20260815",
      "flatbuffers==25.12.19",
      "fonttools==4.63.0",
      "frozenlist==1.8.0",
      "fsspec==2026.2.0",
      "gitdb==4.0.12",
      "gluonts==0.16.2",
      "grad-cam==1.5.5",
      "graphviz==0.21",
      "greenlet==3.5.5",
      "h11==0.16.0",
      "hf-xet==1.5.1",
      "httpcore==1.0.9",
      "httpx==0.28.1",
      "huggingface_hub==0.36.2",
      "idna==3.17",
      "iniconfig==2.3.0",
      "inquirerpy==0.3.4",
      "insightface==1.0.1",
      "joblib==1.5.3",
      "kiwisolver==1.5.0",
      "liac-arff==2.5.0",
      "lightgbm==4.6.0",
      "littleutils==0.2.4",
      "llvmlite==0.47.0",
      "lxml==6.1.1",
      "markdown-it-py==4.2.0",
      "matplotlib==3.10.9",
      "mdurl==0.1.2",
      "minio==7.2.20",
      "ml_dtypes==0.5.4",
      "modelscope==1.37.1",
      "mpmath==1.3.0",
      "multidict==6.7.1",
      "multiprocess==0.70.19",
      "narwhals==2.21.2",
      "networkx==3.6.1",
      "nltk==3.9.4",
      "numba==0.65.1",
      "numpy==2.1.3",
      "nvidia-cublas-cu12==12.4.5.8",
      "nvidia-cuda-cupti-cu12==12.4.127",
      "nvidia-cuda-nvrtc-cu12==12.4.127",
      "nvidia-cuda-runtime-cu12==12.4.127",
      "nvidia-cudnn-cu12==9.1.0.70",
      "nvidia-cufft-cu12==11.2.1.3",
      "nvidia-curand-cu12==10.3.5.147",
      "nvidia-cusolver-cu12==11.6.1.9",
      "nvidia-cusparse-cu12==12.3.1.170",
      "nvidia-cusparselt-cu12==0.6.2",
      "nvidia-ml-py==13.595.45",
      "nvidia-nccl-cu12==2.21.5",
      "nvidia-nvjitlink-cu12==12.4.127",
      "nvidia-nvtx-cu12==12.4.127",
      "ogb==1.3.6",
      "onnx==1.21.0",
      "onnxruntime-gpu==1.26.0",
      "onnxruntime==1.26.0",
      "opencv-python==4.13.0.92",
      "openml==0.15.1",
      "optimum-onnx==0.1.0",
      "optimum==2.1.0",
      "outdated==0.2.2",
      "packaging==26.0",
      "pandas==3.0.3",
      "patsy==1.0.2",
      "peft==0.19.1",
      "pfzy==0.3.4",
      "pillow==12.2.0",
      "pip==24.0",
      "platformdirs==4.10.0",
      "plotly==6.7.0",
      "pluggy==1.6.0",
      "posthog==7.16.2",
      "prompt_toolkit==3.0.52",
      "propcache==0.5.2",
      "protobuf==7.35.0",
      "psutil==7.2.2",
      "pyarrow==24.0.0",
      "pycparser==3.0",
      "pycryptodome==3.23.0",
      "pydantic-settings==2.14.1",
      "pydantic==2.13.4",
      "pydantic_core==2.46.4",
      "pynndescent==0.6.0",
      "pyparsing==3.3.2",
      "pytest==9.0.3",
      "python-dateutil==2.9.0.post0",
      "python-docx==1.2.0",
      "python-dotenv==1.2.2",
      "pytz==2026.2",
      "rank-bm25==0.2.2",
      "regex==2026.5.9",
      "requests==2.34.2",
      "rich==15.0.0",
      "rouge_score==0.1.2",
      "rtdl_num_embeddings==0.0.12",
      "safetensors==0.7.0",
      "scikit-image==0.26.0",
      "scikit-learn==1.8.0",
      "scipy==1.17.1",
      "seaborn==0.13.2",
      "sentence-transformers==5.5.1",
      "sentry-sdk==2.61.0",
      "setuptools==79.0.1",
      "shellingham==1.5.4",
      "six==1.17.0",
      "smmap==5.0.3",
      "spuco==2.0.3",
      "statsmodels==0.14.6",
      "sympy==1.13.1",
      "tabm==0.0.3",
      "tabpfn-common-utils==0.2.21",
      "tabpfn==8.0.3",
      "threadpoolctl==3.6.0",
      "timesfm==1.3.0",
      "timm==1.0.27",
      "tokenizers==0.22.2",
      "toolz==0.12.1",
      "torch==2.6.0+cu124",
      "torchaudio==2.6.0+cu124",
      "torchvision==0.21.0+cu124",
      "tqdm==4.68.1",
      "transformers==4.57.6",
      "triton==3.2.0",
      "ttach==0.0.3",
      "typer==0.25.1",
      "typing-inspection==0.4.2",
      "typing_extensions==4.15.0",
      "tzdata==2026.2",
      "umap-learn==0.5.12",
      "urllib3==2.7.0",
      "utilsforecast==0.2.16",
      "wandb==0.27.0",
      "wcwidth==0.7.0",
      "wheel==0.47.0",
      "wilds==2.0.0",
      "xgboost==3.2.0",
      "xmltodict==1.0.4",
      "xxhash==3.7.0",
      "yarl==1.24.2"
    ],
    "platform": "Linux-6.8.0-124-generic-x86_64-with-glibc2.35",
    "python": "3.11.15",
    "torch": "2.6.0+cu124",
    "torch_backend": {
      "allow_tf32_cudnn": false,
      "allow_tf32_matmul": false,
      "cudnn_benchmark": false,
      "float32_matmul_precision": "highest"
    }
  },
  "schema_version": 2,
  "workload": {
    "batch_size": 1,
    "embedding_dim": 384,
    "marker_vocab": 175,
    "markers": 32,
    "seed": 20260815,
    "swiglu_hidden": 4096,
    "swiglu_sequence": 264,
    "tokens_per_marker": 256
  }
}
