/root/stofm-musa-r2/.venv/lib/python3.10/site-packages/transformers/utils/generic.py:485: UserWarning: torch.utils._pytree._register_pytree_node is deprecated. Please use torch.utils._pytree.register_pytree_node instead.
  _torch_pytree._register_pytree_node(
/root/stofm-musa-r2/.venv/lib/python3.10/site-packages/transformers/utils/generic.py:342: UserWarning: torch.utils._pytree._register_pytree_node is deprecated. Please use torch.utils._pytree.register_pytree_node instead.
  _torch_pytree._register_pytree_node(
/root/stofm-musa-r2/formal-sources/FlagGems-exact/src/flag_gems/experimental_ops/stofm_backends/mthreads.py:324: UserWarning: Expected query, key and value to all be of dtype: {Half, BFloat16}. Got Query dtype: float, Key dtype: float, and Value dtype: float instead. (Triggered internally at /home/torch_musa/build/generated_cuda_compatible/aten/src/ATen/native/transformers/sdp_utils_cpp.h:111.)
  context = F.scaled_dot_product_attention(
{
  "schema_version": 1,
  "role": "optimized_musa_native",
  "run_id": "musa-s4000-20260816T110621Z",
  "trial": 4,
  "runtime": {
    "torch": "2.2.0",
    "torch_musa": "1.3.0+81caf0a",
    "device": "MTT S4000",
    "capability": [
      2,
      2
    ],
    "total_memory_mib": 49061.67
  },
  "sources": {
    "stofm_revision": "e2c6de9ec902bee5d67a4861b4ef6716a58e0cc4",
    "flaggems_revision": "832c46df4073215d416406181484f9b44594aff2",
    "flaggems_package": "flag_gems",
    "musa_library_sha256": "a7beac88e8d4b7b999b3620b13234ded848aee22d1a479f66ce9f9744a8e2313"
  },
  "workload": {
    "precision": "fp32",
    "batch_size": 1,
    "nodes": 1050,
    "layers": 4,
    "embedding_dim": 256,
    "ffn_embedding_dim": 256,
    "heads": 8,
    "gaussian_hidden_dim": 128,
    "input_dim": 256,
    "seed": 20260816,
    "input_sha256": {
      "tokens": "251f2a442ea820ae29b68dc2ae0cbdef01e2286bdde0e9833fdba6a2181fd7fc",
      "distances": "e80f02248bd96e78ae011d89d3cd18bf9fe8a3f97ab375f4e12458ef18730412",
      "token_types": "8d2230968bb2dbe1a7b9a4e594a7c4ac1dc07cafa8733d85a55e2d7630ee3b80",
      "reference_last_hidden_state": "b8f61aa29322d40fe2db4a5d57dbaaef3b2cf33ae6603e30c5b48ea12ddb2e77"
    }
  },
  "measurement": {
    "timer": "torch.musa.Event with per-sample device synchronization",
    "host_cross_check": "time.perf_counter",
    "warmup": 5,
    "repetitions": 15,
    "calls_per_sample": 1,
    "compile_included": false,
    "inference_mode": true
  },
  "native_extension": {
    "gaussian_pair_bias": {
      "operator": "flagos_stofm::gaussian_pair_bias",
      "library": "/root/stofm-musa-r2/artifacts/native-python-orchestrated-v6/flagos_stofm_musa.so",
      "library_exists": true,
      "privateuse1_kernel_registered": true,
      "native_enabled": "1",
      "native_required": true
    },
    "pair_score_epilogue": {
      "operator": "flagos_stofm::pair_score_epilogue",
      "library": "/root/stofm-musa-r2/artifacts/native-python-orchestrated-v6/flagos_stofm_musa.so",
      "library_exists": true,
      "privateuse1_kernel_registered": true,
      "native_enabled": "1",
      "native_required": true
    }
  },
  "results": [
    {
      "stage": "pure_pytorch",
      "description": "Pure PyTorch inference with no FlagOS import or operator replacement.",
      "baseline_stage": "pure_pytorch",
      "status": "measured",
      "expected_custom_operators": [],
      "validation": {
        "status": "passed",
        "tolerance": {
          "rtol": 0.0004,
          "atol": 4e-05
        },
        "errors": {
          "max_abs_error": 0.0,
          "max_relative_error": 0.0
        },
        "output_sha256": "b8f61aa29322d40fe2db4a5d57dbaaef3b2cf33ae6603e30c5b48ea12ddb2e77",
        "dispatch": {
          "runtime": {
            "active": false,
            "reason": "Torch baseline mode"
          },
          "gaussian": null,
          "pair_attention_layers": [
            null,
            null,
            null,
            null
          ]
        }
      },
      "sample_count": 15,
      "calls_per_sample": 1,
      "samples_ms": [
        33.205894470214844,
        33.25809860229492,
        33.178592681884766,
        33.198238372802734,
        33.15567398071289,
        33.22908401489258,
        33.19950866699219,
        33.245872497558594,
        33.1596565246582,
        33.181766510009766,
        33.173545837402344,
        33.21436309814453,
        33.240440368652344,
        33.1683235168457,
        33.17552947998047
      ],
      "host_samples_ms": [
        33.32005441188812,
        33.28306972980499,
        33.202774822711945,
        33.22253376245499,
        33.18113088607788,
        33.25405716896057,
        33.224210143089294,
        33.27052295207977,
        33.18406641483307,
        33.20584446191788,
        33.197708427906036,
        33.23841094970703,
        33.26473385095596,
        33.19378197193146,
        33.200085163116455
      ],
      "peak_allocated_mib": 1649.8115234375,
      "peak_delta_allocated_mib": 1618.09326171875,
      "p20_ms": 33.17250137329101,
      "p50_ms": 33.198238372802734,
      "p80_ms": 33.23135528564453,
      "p95_ms": 33.24954032897949,
      "mean_ms": 33.19897257486979,
      "stdev_ms": 0.032595732738080356,
      "coefficient_of_variation": 0.0009818295630857545,
      "bootstrap_p50_ci_ms": [
        33.173545837402344,
        33.21436309814453
      ],
      "bootstrap_resamples": 4000,
      "host_timing": {
        "p20_ms": 33.19692313671112,
        "p50_ms": 33.22253376245499,
        "p80_ms": 33.265891671180725,
        "p95_ms": 33.29416513442993,
        "mean_ms": 33.22953234116236,
        "stdev_ms": 0.041042134176545404,
        "coefficient_of_variation": 0.0012351101952074526,
        "bootstrap_p50_ci_ms": [
          33.197708427906036,
          33.26473385095596
        ],
        "bootstrap_resamples": 4000
      }
    },
    {
      "stage": "native_gaussian_pair_bias",
      "description": "Only the PrivateUse1 Gaussian pair-bias operator; pair-score stays in PyTorch.",
      "baseline_stage": "pure_pytorch",
      "status": "measured",
      "expected_custom_operators": [
        "flagos_stofm::gaussian_pair_bias"
      ],
      "validation": {
        "status": "passed",
        "tolerance": {
          "rtol": 0.0004,
          "atol": 4e-05
        },
        "errors": {
          "max_abs_error": 1.1920928955078125e-06,
          "max_relative_error": 0.00961656216531992
        },
        "output_sha256": "3586f934fecaf007cceb6921e47a660ca0638b6eaf2b94678e640345bea38662",
        "dispatch": {
          "runtime": {
            "active": false,
            "reason": "FlagOS ATen dispatch is disabled for custom-operator isolation"
          },
          "gaussian": {
            "operator": "gaussian_pair_bias",
            "requested": "mthreads",
            "selected": "mthreads",
            "precision": "fp32",
            "reason": "explicit device-matched backend"
          },
          "pair_attention_layers": [
            null,
            null,
            null,
            null
          ]
        }
      },
      "sample_count": 15,
      "calls_per_sample": 1,
      "samples_ms": [
        20.05877685546875,
        19.981582641601562,
        19.97532844543457,
        20.01002311706543,
        19.987775802612305,
        19.980911254882812,
        19.985187530517578,
        19.97915267944336,
        20.031200408935547,
        20.057775497436523,
        19.97602081298828,
        20.00320053100586,
        19.9982967376709,
        19.985767364501953,
        20.030797958374023
      ],
      "host_samples_ms": [
        20.095497369766235,
        20.007453858852386,
        20.00032365322113,
        20.03505825996399,
        20.012572407722473,
        20.00579982995987,
        20.010314881801605,
        20.004630088806152,
        20.05661278963089,
        20.082488656044006,
        20.00105381011963,
        20.028062164783478,
        20.022742450237274,
        20.011872053146362,
        20.05539834499359
      ],
      "peak_allocated_mib": 1178.77294921875,
      "peak_delta_allocated_mib": 1147.0546875,
      "p20_ms": 19.98055953979492,
      "p50_ms": 19.987775802612305,
      "p80_ms": 20.030878448486327,
      "p95_ms": 20.05807590484619,
      "mean_ms": 20.002786509195964,
      "stdev_ms": 0.02879128056446228,
      "coefficient_of_variation": 0.001439363488243298,
      "bootstrap_p50_ci_ms": [
        19.980911254882812,
        20.030797958374023
      ],
      "bootstrap_resamples": 4000,
      "host_timing": {
        "p20_ms": 20.005565881729126,
        "p50_ms": 20.012572407722473,
        "p80_ms": 20.05564123392105,
        "p95_ms": 20.086391270160675,
        "mean_ms": 20.028658707936604,
        "stdev_ms": 0.0303895330914736,
        "coefficient_of_variation": 0.0015173024581736656,
        "bootstrap_p50_ci_ms": [
          20.00579982995987,
          20.05539834499359
        ],
        "bootstrap_resamples": 4000
      }
    },
    {
      "stage": "native_pair_score_epilogue",
      "description": "Only the PrivateUse1 pair-score softmax/context operator; Gaussian stays in PyTorch.",
      "baseline_stage": "pure_pytorch",
      "status": "measured",
      "expected_custom_operators": [
        "flagos_stofm::pair_score_epilogue"
      ],
      "validation": {
        "status": "passed",
        "tolerance": {
          "rtol": 0.0004,
          "atol": 4e-05
        },
        "errors": {
          "max_abs_error": 9.5367431640625e-07,
          "max_relative_error": 0.006490499712526798
        },
        "output_sha256": "d02d95cd4f8165bcf6f27a79f09cb4c3b87a08252f25b49df2491edea26ba76b",
        "dispatch": {
          "runtime": {
            "active": false,
            "reason": "FlagOS ATen dispatch is disabled for custom-operator isolation"
          },
          "gaussian": null,
          "pair_attention_layers": [
            {
              "operator": "pair_attention",
              "requested": "mthreads",
              "selected": "mthreads",
              "precision": "fp32",
              "reason": "explicit device-matched backend"
            },
            {
              "operator": "pair_attention",
              "requested": "mthreads",
              "selected": "mthreads",
              "precision": "fp32",
              "reason": "explicit device-matched backend"
            },
            {
              "operator": "pair_attention",
              "requested": "mthreads",
              "selected": "mthreads",
              "precision": "fp32",
              "reason": "explicit device-matched backend"
            },
            {
              "operator": "pair_attention",
              "requested": "mthreads",
              "selected": "mthreads",
              "precision": "fp32",
              "reason": "explicit device-matched backend"
            }
          ]
        }
      },
      "sample_count": 15,
      "calls_per_sample": 1,
      "samples_ms": [
        29.604183197021484,
        29.60272216796875,
        29.632339477539062,
        29.48772430419922,
        29.584474563598633,
        29.56434440612793,
        29.61772346496582,
        29.682836532592773,
        29.545589447021484,
        29.55684471130371,
        29.568941116333008,
        29.623546600341797,
        29.63518714904785,
        29.50096321105957,
        29.532657623291016
      ],
      "host_samples_ms": [
        29.640689492225647,
        29.624827206134796,
        29.654398560523987,
        29.50993925333023,
        29.607519507408142,
        29.588647186756134,
        29.64033931493759,
        29.705487191677094,
        29.568642377853394,
        29.57945317029953,
        29.592543840408325,
        29.648348689079285,
        29.657334089279175,
        29.52270209789276,
        29.555462300777435
      ],
      "peak_allocated_mib": 1649.8115234375,
      "peak_delta_allocated_mib": 1618.09326171875,
      "p20_ms": 29.54300308227539,
      "p50_ms": 29.584474563598633,
      "p80_ms": 29.62530517578125,
      "p95_ms": 29.649481964111327,
      "mean_ms": 29.582671864827475,
      "stdev_ms": 0.0533079948824461,
      "coefficient_of_variation": 0.0018020006822246173,
      "bootstrap_p50_ci_ms": [
        29.55684471130371,
        29.623546600341797
      ],
      "bootstrap_resamples": 4000,
      "host_timing": {
        "p20_ms": 29.566006362438202,
        "p50_ms": 29.607519507408142,
        "p80_ms": 29.649558663368225,
        "p95_ms": 29.67178001999855,
        "mean_ms": 29.606422285238903,
        "stdev_ms": 0.05392332542397618,
        "coefficient_of_variation": 0.001821338792795006,
        "bootstrap_p50_ci_ms": [
          29.568642377853394,
          29.640689492225647
        ],
        "bootstrap_resamples": 4000
      }
    },
    {
      "stage": "native_stofm_operators_combined",
      "description": "Both PrivateUse1 SToFM operators with global FlagGems ATen dispatch disabled.",
      "baseline_stage": "pure_pytorch",
      "status": "measured",
      "expected_custom_operators": [
        "flagos_stofm::gaussian_pair_bias",
        "flagos_stofm::pair_score_epilogue"
      ],
      "validation": {
        "status": "passed",
        "tolerance": {
          "rtol": 0.0004,
          "atol": 4e-05
        },
        "errors": {
          "max_abs_error": 1.1920928955078125e-06,
          "max_relative_error": 0.009984043426811695
        },
        "output_sha256": "4557beb5415031d152c4074d8d345864bedd5a150d7fa37948a3e01269d3ae13",
        "dispatch": {
          "runtime": {
            "active": false,
            "reason": "FlagOS ATen dispatch is disabled for custom-operator isolation"
          },
          "gaussian": {
            "operator": "gaussian_pair_bias",
            "requested": "mthreads",
            "selected": "mthreads",
            "precision": "fp32",
            "reason": "explicit device-matched backend"
          },
          "pair_attention_layers": [
            {
              "operator": "pair_attention",
              "requested": "mthreads",
              "selected": "mthreads",
              "precision": "fp32",
              "reason": "explicit device-matched backend"
            },
            {
              "operator": "pair_attention",
              "requested": "mthreads",
              "selected": "mthreads",
              "precision": "fp32",
              "reason": "explicit device-matched backend"
            },
            {
              "operator": "pair_attention",
              "requested": "mthreads",
              "selected": "mthreads",
              "precision": "fp32",
              "reason": "explicit device-matched backend"
            },
            {
              "operator": "pair_attention",
              "requested": "mthreads",
              "selected": "mthreads",
              "precision": "fp32",
              "reason": "explicit device-matched backend"
            }
          ]
        }
      },
      "sample_count": 15,
      "calls_per_sample": 1,
      "samples_ms": [
        16.416610717773438,
        16.3043155670166,
        16.353195190429688,
        16.337026596069336,
        16.314285278320312,
        16.34504508972168,
        16.354015350341797,
        16.36321449279785,
        16.339996337890625,
        16.298633575439453,
        16.32634162902832,
        16.369932174682617,
        16.29149627685547,
        16.312767028808594,
        16.31923484802246
      ],
      "host_samples_ms": [
        16.45199954509735,
        16.32833480834961,
        16.37602597475052,
        16.359515488147736,
        16.336441040039062,
        16.367748379707336,
        16.376420855522156,
        16.386568546295166,
        16.363471746444702,
        16.321144998073578,
        16.34814590215683,
        16.391664743423462,
        16.313068568706512,
        16.33458584547043,
        16.341671347618103
      ],
      "peak_allocated_mib": 1178.77294921875,
      "peak_delta_allocated_mib": 1147.0546875,
      "p20_ms": 16.311076736450197,
      "p50_ms": 16.337026596069336,
      "p80_ms": 16.355855178833007,
      "p95_ms": 16.383935737609864,
      "mean_ms": 16.33640734354655,
      "stdev_ms": 0.032593902323756314,
      "coefficient_of_variation": 0.0019951695399314366,
      "bootstrap_p50_ci_ms": [
        16.312767028808594,
        16.353195190429688
      ],
      "bootstrap_resamples": 4000,
      "host_timing": {
        "p20_ms": 16.333335638046265,
        "p50_ms": 16.359515488147736,
        "p80_ms": 16.378450393676758,
        "p95_ms": 16.40976518392563,
        "mean_ms": 16.359787185986836,
        "stdev_ms": 0.035013160652483014,
        "coefficient_of_variation": 0.002140196584126347,
        "bootstrap_p50_ci_ms": [
          16.33458584547043,
          16.376420855522156
        ],
        "bootstrap_resamples": 4000
      }
    },
    {
      "stage": "native_stofm_operators_plus_flagos_aten",
      "description": "Requested combination of native SToFM operators and existing FlagGems ATen dispatch.",
      "baseline_stage": "pure_pytorch",
      "status": "unavailable",
      "reason": "The target MUSA 3.1 environment has no Triton driver, so generic FlagGems ATen substitutions cannot execute. This row intentionally has no substituted timing.",
      "samples_ms": []
    }
  ]
}
