/home/ymm/miniconda3/envs/ai_paper_0530/lib/python3.11/site-packages/torch/library.py:349: UserWarning: Warning only once for all operators,  other operators may also be overridden.
  Overriding a previously registered kernel for the same operator and the same dispatch key
  operator: aten::bmm(Tensor self, Tensor mat2) -> Tensor
    registered at /pytorch/build/aten/src/ATen/RegisterSchema.cpp:6
  dispatch key: CUDA
  previous kernel: registered at /pytorch/aten/src/ATen/LegacyBatchingRegistrations.cpp:1079
       new kernel: registered at /dev/null:135 (Triggered internally at /pytorch/aten/src/ATen/core/dispatch/OperatorEntry.cpp:154.)
  self.m.impl(
[INFO] : FlagGems Unsupported GPU arch Tesla V100-SXM2-16GB specialization
{
  "commits": {
    "flaggems": "03bf364ede763d573d5c30124d554283a209ab85",
    "stofm": "e01b0a9d8348101815fba63224910a25830c29a9"
  },
  "created_at_utc": "2026-08-15T10:37:40.825669+00:00",
  "measurement": {
    "calls_per_sample": 5,
    "compile_included": false,
    "inference_mode": true,
    "repetitions": 30,
    "tf32": false,
    "timer": "cuda_events",
    "warmup": 10
  },
  "precision": "fp16",
  "reference": {
    "atol": 0.003,
    "last_hidden_state_sha256": "a2cfaf2864fd99869b1496997b2ef73b517996de83341c23dc6e0f8ac851fa7d",
    "rtol": 0.03,
    "stage": "P1_canonical_torch"
  },
  "results": [
    {
      "calls_per_sample": 5,
      "comparison_baseline": "P0_legacy_pair_output",
      "description": "Legacy end-to-end Torch inference that materializes the final pair representation.",
      "dispatch": {
        "gaussian": null,
        "pair_attention_layer0": null,
        "runtime": {
          "active": false,
          "mode": "torch",
          "reason": "Torch baseline mode",
          "registered_aten_ops": [],
          "vendor_hint": null
        }
      },
      "gain_kind": "model_lifecycle",
      "mean_ms": 21.278023732503254,
      "measurement_scope": "none",
      "p20_ms": 21.269053649902343,
      "p50_ms": 21.276364898681642,
      "p80_ms": 21.285396728515625,
      "p95_ms": 21.294100036621092,
      "peak_allocated_mib": 1659.82958984375,
      "peak_delta_allocated_mib": 1617.068359375,
      "peak_delta_reserved_mib": 0.0,
      "peak_reserved_mib": 2206.0,
      "sample_count": 30,
      "samples_ms": [
        21.30309143066406,
        21.281996154785155,
        21.2674560546875,
        21.272166442871093,
        21.28670654296875,
        21.27667236328125,
        21.267864990234376,
        21.27298583984375,
        21.281382751464843,
        21.29387512207031,
        21.285069274902344,
        21.285069274902344,
        21.28363494873047,
        21.294284057617187,
        21.288960266113282,
        21.273394775390624,
        21.27605743408203,
        21.27298583984375,
        21.2600830078125,
        21.277081298828126,
        21.274624633789063,
        21.270118713378906,
        21.275852966308594,
        21.26622772216797,
        21.291827392578124,
        21.26929931640625,
        21.277081298828126,
        21.26807098388672,
        21.26561279296875,
        21.281178283691407
      ],
      "scope": "end_to_end",
      "stage": "P0_legacy_pair_output",
      "status": "measured",
      "validation": {
        "atol": 0.003,
        "last_hidden_state_sha256": "a2cfaf2864fd99869b1496997b2ef73b517996de83341c23dc6e0f8ac851fa7d",
        "rtol": 0.03,
        "status": "passed"
      }
    },
    {
      "calls_per_sample": 5,
      "comparison_baseline": "P1_canonical_torch",
      "description": "Canonical Torch inference that omits the unused final pair representation.",
      "dispatch": {
        "gaussian": null,
        "pair_attention_layer0": null,
        "runtime": {
          "active": false,
          "mode": "torch",
          "reason": "Torch baseline mode",
          "registered_aten_ops": [],
          "vendor_hint": null
        }
      },
      "gain_kind": "model_lifecycle",
      "mean_ms": 21.031949615478517,
      "measurement_scope": "none",
      "p20_ms": 21.019197387695314,
      "p50_ms": 21.026815795898436,
      "p80_ms": 21.032918701171873,
      "p95_ms": 21.0499373626709,
      "peak_allocated_mib": 1643.00634765625,
      "peak_delta_allocated_mib": 1617.068359375,
      "peak_delta_reserved_mib": 0.0,
      "peak_reserved_mib": 2206.0,
      "sample_count": 30,
      "samples_ms": [
        21.023948669433594,
        21.011865234375,
        21.01964874267578,
        21.028659057617187,
        21.023539733886718,
        21.057125854492188,
        21.01903381347656,
        21.031936645507812,
        21.025791931152344,
        21.032550048828124,
        21.181849670410156,
        21.041151428222655,
        21.01923828125,
        21.014323425292968,
        21.031526184082033,
        21.037464904785157,
        21.030911254882813,
        21.03541717529297,
        21.026406860351564,
        21.029682922363282,
        21.01923828125,
        21.026815795898436,
        21.0229248046875,
        21.026815795898436,
        21.034393310546875,
        21.027430725097656,
        21.018214416503906,
        21.029478454589842,
        21.01616668701172,
        21.014938354492188
      ],
      "scope": "end_to_end",
      "stage": "P1_canonical_torch",
      "status": "measured",
      "validation": {
        "atol": 0.003,
        "last_hidden_state_sha256": "a2cfaf2864fd99869b1496997b2ef73b517996de83341c23dc6e0f8ac851fa7d",
        "rtol": 0.03,
        "status": "passed"
      }
    },
    {
      "calls_per_sample": 5,
      "comparison_baseline": "P1_canonical_torch",
      "description": "Frozen FlagGems stock ATen scope created and destroyed for every model call.",
      "dispatch": {
        "gaussian": null,
        "pair_attention_layer0": null,
        "runtime": {
          "active": true,
          "mode": "stock",
          "reason": "scoped FlagGems ATen dispatch",
          "registered_aten_ops": [
            "addmm",
            "baddbmm",
            "bmm",
            "softmax",
            "softmax_out"
          ],
          "vendor_hint": "nvidia"
        }
      },
      "gain_kind": "flaggems_lifecycle",
      "mean_ms": 19.424371999104817,
      "measurement_scope": "per_call",
      "p20_ms": 19.396771240234372,
      "p50_ms": 19.401625061035155,
      "p80_ms": 19.40852783203125,
      "p95_ms": 19.478600158691407,
      "peak_allocated_mib": 1643.00634765625,
      "peak_delta_allocated_mib": 1617.068359375,
      "peak_delta_reserved_mib": 0.0,
      "peak_reserved_mib": 2206.0,
      "sample_count": 30,
      "samples_ms": [
        19.971891784667967,
        19.533619689941407,
        19.404185485839843,
        19.404185485839843,
        19.411354064941406,
        19.410739135742187,
        19.402137756347656,
        19.403366088867188,
        19.408486938476564,
        19.405413818359374,
        19.40869140625,
        19.39189758300781,
        19.388621520996093,
        19.401727294921876,
        19.401522827148437,
        19.403570556640624,
        19.399270629882814,
        19.399066162109374,
        19.398655700683594,
        19.398655700683594,
        19.407872009277344,
        19.392921447753906,
        19.39578857421875,
        19.397222900390624,
        19.397427368164063,
        19.39701690673828,
        19.409715270996095,
        19.390463256835936,
        19.400498962402345,
        19.395173645019533
      ],
      "scope": "end_to_end",
      "stage": "F0_stock_lifecycle",
      "status": "measured",
      "validation": {
        "atol": 0.003,
        "last_hidden_state_sha256": "7751b5d6e69de32f481b6fee101ca0efc228f8c9fd6abe1f47ab83f5393e7da0",
        "rtol": 0.03,
        "status": "passed"
      }
    },
    {
      "calls_per_sample": 5,
      "comparison_baseline": "P1_canonical_torch",
      "description": "Frozen FlagGems stock ATen scope kept open across timed calls.",
      "dispatch": {
        "gaussian": null,
        "outer_scope": {
          "active": true,
          "mode": "stock",
          "reason": "scoped FlagGems ATen dispatch",
          "registered_aten_ops": [
            "addmm",
            "baddbmm",
            "bmm",
            "softmax",
            "softmax_out"
          ],
          "vendor_hint": "nvidia"
        },
        "pair_attention_layer0": null,
        "runtime": {
          "active": true,
          "mode": "stock",
          "reason": "scoped FlagGems ATen dispatch",
          "registered_aten_ops": [
            "addmm",
            "baddbmm",
            "bmm",
            "softmax",
            "softmax_out"
          ],
          "vendor_hint": "nvidia"
        }
      },
      "gain_kind": "stock_aten",
      "mean_ms": 19.35230972290039,
      "measurement_scope": "steady",
      "p20_ms": 19.343278503417967,
      "p50_ms": 19.350118255615236,
      "p80_ms": 19.355320434570313,
      "p95_ms": 19.381729278564453,
      "peak_allocated_mib": 1643.00634765625,
      "peak_delta_allocated_mib": 1617.068359375,
      "peak_delta_reserved_mib": 0.0,
      "peak_reserved_mib": 2206.0,
      "sample_count": 30,
      "samples_ms": [
        19.395584106445312,
        19.38329620361328,
        19.359744262695312,
        19.344793701171874,
        19.37981414794922,
        19.35503387451172,
        19.35503387451172,
        19.350323486328126,
        19.34151611328125,
        19.34192657470703,
        19.343565368652342,
        19.343974304199218,
        19.342131042480467,
        19.356466674804686,
        19.346432495117188,
        19.34151611328125,
        19.352780151367188,
        19.341722106933595,
        19.34745635986328,
        19.343565368652342,
        19.347865295410156,
        19.35667266845703,
        19.352371215820312,
        19.351756286621093,
        19.349913024902342,
        19.351551818847657,
        19.34028778076172,
        19.34888916015625,
        19.35257568359375,
        19.350732421875
      ],
      "scope": "end_to_end",
      "stage": "F0_stock_steady",
      "status": "measured",
      "validation": {
        "atol": 0.003,
        "last_hidden_state_sha256": "7751b5d6e69de32f481b6fee101ca0efc228f8c9fd6abe1f47ab83f5393e7da0",
        "rtol": 0.03,
        "status": "passed"
      }
    }
  ],
  "role": "stock",
  "run_id": "stofm-r2-fp16-stock-02",
  "runtime": {
    "capability": [
      7,
      0
    ],
    "cuda": "12.4",
    "device": "Tesla V100-SXM2-16GB",
    "environment": {
      "CUBLAS_WORKSPACE_CONFIG": null,
      "CUDA_VISIBLE_DEVICES": "0",
      "PYTORCH_CUDA_ALLOC_CONF": null,
      "TORCHINDUCTOR_CACHE_DIR": null,
      "TORCHINDUCTOR_COMPILE_THREADS": "1"
    },
    "nvidia_smi": [
      {
        "driver": "550.144.03",
        "index": "0",
        "memory_total_mib": "16384",
        "name": "Tesla V100-SXM2-16GB"
      },
      {
        "driver": "550.144.03",
        "index": "1",
        "memory_total_mib": "16384",
        "name": "Tesla V100-SXM2-16GB"
      },
      {
        "driver": "550.144.03",
        "index": "2",
        "memory_total_mib": "11264",
        "name": "NVIDIA GeForce GTX 1080 Ti"
      }
    ],
    "pip_freeze": [
      "-e git+https://github.com/priestess-bot/FlagGems.git@03bf364ede763d573d5c30124d554283a209ab85#egg=flag_gems&subdirectory=../../../FlagGems-stock-r2",
      "GitPython==3.1.50",
      "Jinja2==3.1.6",
      "MarkupSafe==3.0.3",
      "PyYAML==6.0.3",
      "Pygments==2.20.0",
      "SQLAlchemy==2.0.48",
      "absl-py==2.4.0",
      "accelerate==1.13.0",
      "aiohappyeyeballs==2.6.2",
      "aiohttp==3.13.5",
      "aiosignal==1.4.0",
      "annotated-doc==0.0.4",
      "annotated-types==0.7.0",
      "anyio==4.13.0",
      "argon2-cffi-bindings==25.1.0",
      "argon2-cffi==25.1.0",
      "attrs==26.1.0",
      "backoff==2.2.1",
      "catboost==1.2.10",
      "certifi==2026.5.20",
      "cffi==2.0.0",
      "charset-normalizer==3.4.7",
      "chronos-forecasting==2.2.2",
      "click==8.4.1",
      "contourpy==1.3.3",
      "cramjam==2.11.0",
      "cycler==0.12.1",
      "datasets==4.8.5",
      "dill==0.4.1",
      "distro==1.9.0",
      "einops==0.8.2",
      "einshape==1.0",
      "eval_type_backport==0.3.1",
      "evaluate==0.4.6",
      "faiss-cpu==1.14.2",
      "fastparquet==2026.5.0",
      "filelock==3.29.0",
      "flatbuffers==25.12.19",
      "fonttools==4.63.0",
      "frozenlist==1.8.0",
      "fsspec==2026.2.0",
      "gitdb==4.0.12",
      "gluonts==0.16.2",
      "grad-cam==1.5.5",
      "graphviz==0.21",
      "greenlet==3.5.5",
      "h11==0.16.0",
      "hf-xet==1.5.1",
      "httpcore==1.0.9",
      "httpx==0.28.1",
      "huggingface_hub==0.36.2",
      "idna==3.17",
      "iniconfig==2.3.0",
      "inquirerpy==0.3.4",
      "insightface==1.0.1",
      "joblib==1.5.3",
      "kiwisolver==1.5.0",
      "liac-arff==2.5.0",
      "lightgbm==4.6.0",
      "littleutils==0.2.4",
      "llvmlite==0.47.0",
      "lxml==6.1.1",
      "markdown-it-py==4.2.0",
      "matplotlib==3.10.9",
      "mdurl==0.1.2",
      "minio==7.2.20",
      "ml_dtypes==0.5.4",
      "modelscope==1.37.1",
      "mpmath==1.3.0",
      "multidict==6.7.1",
      "multiprocess==0.70.19",
      "narwhals==2.21.2",
      "networkx==3.6.1",
      "nltk==3.9.4",
      "numba==0.65.1",
      "numpy==2.1.3",
      "nvidia-cublas-cu12==12.4.5.8",
      "nvidia-cuda-cupti-cu12==12.4.127",
      "nvidia-cuda-nvrtc-cu12==12.4.127",
      "nvidia-cuda-runtime-cu12==12.4.127",
      "nvidia-cudnn-cu12==9.1.0.70",
      "nvidia-cufft-cu12==11.2.1.3",
      "nvidia-curand-cu12==10.3.5.147",
      "nvidia-cusolver-cu12==11.6.1.9",
      "nvidia-cusparse-cu12==12.3.1.170",
      "nvidia-cusparselt-cu12==0.6.2",
      "nvidia-ml-py==13.595.45",
      "nvidia-nccl-cu12==2.21.5",
      "nvidia-nvjitlink-cu12==12.4.127",
      "nvidia-nvtx-cu12==12.4.127",
      "ogb==1.3.6",
      "onnx==1.21.0",
      "onnxruntime-gpu==1.26.0",
      "onnxruntime==1.26.0",
      "opencv-python==4.13.0.92",
      "openml==0.15.1",
      "optimum-onnx==0.1.0",
      "optimum==2.1.0",
      "outdated==0.2.2",
      "packaging==26.0",
      "pandas==3.0.3",
      "patsy==1.0.2",
      "peft==0.19.1",
      "pfzy==0.3.4",
      "pillow==12.2.0",
      "pip==24.0",
      "platformdirs==4.10.0",
      "plotly==6.7.0",
      "pluggy==1.6.0",
      "posthog==7.16.2",
      "prompt_toolkit==3.0.52",
      "propcache==0.5.2",
      "protobuf==7.35.0",
      "psutil==7.2.2",
      "pyarrow==24.0.0",
      "pycparser==3.0",
      "pycryptodome==3.23.0",
      "pydantic-settings==2.14.1",
      "pydantic==2.13.4",
      "pydantic_core==2.46.4",
      "pynndescent==0.6.0",
      "pyparsing==3.3.2",
      "pytest==9.0.3",
      "python-dateutil==2.9.0.post0",
      "python-docx==1.2.0",
      "python-dotenv==1.2.2",
      "pytz==2026.2",
      "rank-bm25==0.2.2",
      "regex==2026.5.9",
      "requests==2.34.2",
      "rich==15.0.0",
      "rouge_score==0.1.2",
      "rtdl_num_embeddings==0.0.12",
      "safetensors==0.7.0",
      "scikit-image==0.26.0",
      "scikit-learn==1.8.0",
      "scipy==1.17.1",
      "seaborn==0.13.2",
      "sentence-transformers==5.5.1",
      "sentry-sdk==2.61.0",
      "setuptools==79.0.1",
      "shellingham==1.5.4",
      "six==1.17.0",
      "smmap==5.0.3",
      "spuco==2.0.3",
      "statsmodels==0.14.6",
      "sympy==1.13.1",
      "tabm==0.0.3",
      "tabpfn-common-utils==0.2.21",
      "tabpfn==8.0.3",
      "threadpoolctl==3.6.0",
      "timesfm==1.3.0",
      "timm==1.0.27",
      "tokenizers==0.22.2",
      "toolz==0.12.1",
      "torch==2.6.0+cu124",
      "torchaudio==2.6.0+cu124",
      "torchvision==0.21.0+cu124",
      "tqdm==4.68.1",
      "transformers==4.57.6",
      "triton==3.2.0",
      "ttach==0.0.3",
      "typer==0.25.1",
      "typing-inspection==0.4.2",
      "typing_extensions==4.15.0",
      "tzdata==2026.2",
      "umap-learn==0.5.12",
      "urllib3==2.7.0",
      "utilsforecast==0.2.16",
      "wandb==0.27.0",
      "wcwidth==0.7.0",
      "wheel==0.47.0",
      "wilds==2.0.0",
      "xgboost==3.2.0",
      "xmltodict==1.0.4",
      "xxhash==3.7.0",
      "yarl==1.24.2"
    ],
    "platform": "Linux-6.8.0-124-generic-x86_64-with-glibc2.35",
    "python": "3.11.15",
    "torch": "2.6.0+cu124",
    "torch_backend": {
      "allow_tf32_cudnn": true,
      "allow_tf32_matmul": false,
      "cudnn_benchmark": false,
      "float32_matmul_precision": "highest"
    }
  },
  "schema_version": 2,
  "workload": {
    "batch_size": 1,
    "embedding_dim": 256,
    "ffn_embedding_dim": 256,
    "gaussian_hidden_dim": 128,
    "heads": 8,
    "input_dim": 256,
    "layers": 4,
    "nodes": 1050,
    "return_pair_rep": false,
    "seed": 20260815
  }
}
