/home/ymm/miniconda3/envs/ai_paper_0530/lib/python3.11/site-packages/torch/library.py:349: UserWarning: Warning only once for all operators,  other operators may also be overridden.
  Overriding a previously registered kernel for the same operator and the same dispatch key
  operator: aten::bmm(Tensor self, Tensor mat2) -> Tensor
    registered at /pytorch/build/aten/src/ATen/RegisterSchema.cpp:6
  dispatch key: CUDA
  previous kernel: registered at /pytorch/aten/src/ATen/LegacyBatchingRegistrations.cpp:1079
       new kernel: registered at /dev/null:136 (Triggered internally at /pytorch/aten/src/ATen/core/dispatch/OperatorEntry.cpp:154.)
  self.m.impl(
[INFO] : FlagGems Unsupported GPU arch Tesla V100-SXM2-16GB specialization
{
  "benchmark_suite": "registered_ops",
  "commits": {
    "flaggems": "399d0381ed63a79018f3112ecc43894fd58ba052",
    "stofm": "fc37f17c25f1c925da451134c979a45d2dbec6bb"
  },
  "created_at_utc": "2026-08-15T17:05:12.551674+00:00",
  "flaggems_source": {
    "imported_package": "/home/ymm/ym/xl/20260815-first-operator/FlagGems-stofm/src/flag_gems/__init__.py",
    "requested_root": "/home/ymm/ym/xl/20260815-first-operator/FlagGems-stofm",
    "source_path": "/home/ymm/ym/xl/20260815-first-operator/FlagGems-stofm/src"
  },
  "measurement": {
    "calls_per_sample": 5,
    "compile_included": false,
    "inference_mode": true,
    "repetitions": 30,
    "tf32": false,
    "timer": "cuda_events",
    "warmup": 10
  },
  "precision": "fp16",
  "reference": {
    "atol": 0.003,
    "last_hidden_state_sha256": "a2cfaf2864fd99869b1496997b2ef73b517996de83341c23dc6e0f8ac851fa7d",
    "rtol": 0.03,
    "stage": "pure_pytorch_reference"
  },
  "results": [
    {
      "calls_per_sample": 5,
      "comparison_baseline": "unoptimized_flagos_steady",
      "custom_operator_trace": [
        "flagos_stofm::gaussian_pair_bias"
      ],
      "description": "Only the registered Gaussian custom operator; ATen overrides are disabled.",
      "dispatch": {
        "gaussian": {
          "operator": "gaussian_pair_bias",
          "precision": "fp16",
          "reason": "explicit NVIDIA native inference backend",
          "requested": "nvidia",
          "selected": "nvidia"
        },
        "outer_scope": {
          "active": false,
          "mode": "optimized",
          "reason": "FlagOS ATen dispatch is disabled for custom-operator isolation",
          "registered_aten_ops": [],
          "vendor_hint": null
        },
        "pair_attention_layer0": null,
        "runtime": {
          "active": false,
          "mode": "optimized",
          "reason": "FlagOS ATen dispatch is disabled for custom-operator isolation",
          "registered_aten_ops": [],
          "vendor_hint": null
        }
      },
      "gain_kind": "registered_custom_operator",
      "mean_ms": 13.461509552001953,
      "measurement_scope": "steady",
      "p20_ms": 13.457681274414062,
      "p50_ms": 13.463897705078125,
      "p80_ms": 13.471855773925782,
      "p95_ms": 13.486181182861328,
      "peak_allocated_mib": 122.05615234375,
      "peak_delta_allocated_mib": 96.1181640625,
      "peak_delta_reserved_mib": 0.0,
      "peak_reserved_mib": 1666.0,
      "sample_count": 30,
      "samples_ms": [
        13.405197143554688,
        13.39654998779297,
        13.464128112792968,
        13.44476776123047,
        13.430021667480469,
        13.463961791992187,
        13.454885864257813,
        13.436979675292969,
        13.472883605957032,
        13.464556884765624,
        13.541197204589844,
        13.464166259765625,
        13.45994873046875,
        13.465574645996094,
        13.472505187988281,
        13.466630554199218,
        13.467027282714843,
        13.463833618164063,
        13.461740112304687,
        13.482392883300781,
        13.465536499023438,
        13.489280700683594,
        13.476287841796875,
        13.460237121582031,
        13.471693420410157,
        13.461920166015625,
        13.459910583496093,
        13.458380126953125,
        13.4629638671875,
        13.460127258300782
      ],
      "scope": "end_to_end",
      "stage": "gaussian_registered_operator_only",
      "status": "measured",
      "validation": {
        "atol": 0.003,
        "last_hidden_state_sha256": "b7cad45251588cad785e12f5a4135c1d08752b9259e95e9cfabce6b12b155ab3",
        "rtol": 0.03,
        "status": "passed"
      }
    },
    {
      "calls_per_sample": 5,
      "comparison_baseline": "unoptimized_flagos_steady",
      "custom_operator_trace": [
        "flagos_stofm::pair_score_epilogue"
      ],
      "description": "Only the registered pair-score custom operator; ATen overrides are disabled.",
      "dispatch": {
        "gaussian": null,
        "outer_scope": {
          "active": false,
          "mode": "optimized",
          "reason": "FlagOS ATen dispatch is disabled for custom-operator isolation",
          "registered_aten_ops": [],
          "vendor_hint": null
        },
        "pair_attention_layer0": {
          "operator": "pair_attention",
          "precision": "fp16",
          "reason": "explicit NVIDIA native inference backend",
          "requested": "nvidia",
          "selected": "nvidia"
        },
        "runtime": {
          "active": false,
          "mode": "optimized",
          "reason": "FlagOS ATen dispatch is disabled for custom-operator isolation",
          "registered_aten_ops": [],
          "vendor_hint": null
        }
      },
      "gain_kind": "registered_custom_operator",
      "mean_ms": 19.043375396728514,
      "measurement_scope": "steady",
      "p20_ms": 19.037950744628905,
      "p50_ms": 19.042899322509765,
      "p80_ms": 19.04595489501953,
      "p95_ms": 19.058610763549805,
      "peak_allocated_mib": 1643.00634765625,
      "peak_delta_allocated_mib": 1617.068359375,
      "peak_delta_reserved_mib": 0.0,
      "peak_reserved_mib": 1666.0,
      "sample_count": 30,
      "samples_ms": [
        19.0453369140625,
        19.04601593017578,
        19.07860412597656,
        19.040403747558592,
        19.04078063964844,
        19.033389282226562,
        19.038265991210938,
        19.03955841064453,
        19.0287109375,
        19.037843322753908,
        19.028057861328126,
        19.04302062988281,
        19.037977600097655,
        19.043276977539062,
        19.054278564453124,
        19.03936004638672,
        19.04065856933594,
        19.054605102539064,
        19.043974304199217,
        19.044032287597656,
        19.043551635742187,
        19.045939636230468,
        19.045651245117188,
        19.03625030517578,
        19.04277801513672,
        19.061888122558592,
        19.045561218261717,
        19.034796142578124,
        19.039468383789064,
        19.047225952148438
      ],
      "scope": "end_to_end",
      "stage": "pair_score_registered_operator_only",
      "status": "measured",
      "validation": {
        "atol": 0.003,
        "last_hidden_state_sha256": "8a38f8bb073e5523a5f228fd2b19c447eb583a28fbf35d0c0fd93776e055ba1b",
        "rtol": 0.03,
        "status": "passed"
      }
    },
    {
      "calls_per_sample": 5,
      "comparison_baseline": "unoptimized_flagos_steady",
      "custom_operator_trace": [
        "flagos_stofm::gaussian_pair_bias",
        "flagos_stofm::pair_score_epilogue"
      ],
      "description": "Both registered SToFM custom operators; ATen overrides are disabled.",
      "dispatch": {
        "gaussian": {
          "operator": "gaussian_pair_bias",
          "precision": "fp16",
          "reason": "explicit NVIDIA native inference backend",
          "requested": "nvidia",
          "selected": "nvidia"
        },
        "outer_scope": {
          "active": false,
          "mode": "optimized",
          "reason": "FlagOS ATen dispatch is disabled for custom-operator isolation",
          "registered_aten_ops": [],
          "vendor_hint": null
        },
        "pair_attention_layer0": {
          "operator": "pair_attention",
          "precision": "fp16",
          "reason": "explicit NVIDIA native inference backend",
          "requested": "nvidia",
          "selected": "nvidia"
        },
        "runtime": {
          "active": false,
          "mode": "optimized",
          "reason": "FlagOS ATen dispatch is disabled for custom-operator isolation",
          "registered_aten_ops": [],
          "vendor_hint": null
        }
      },
      "gain_kind": "registered_custom_operator_combined",
      "mean_ms": 11.440376536051433,
      "measurement_scope": "steady",
      "p20_ms": 11.436112823486328,
      "p50_ms": 11.438211441040039,
      "p80_ms": 11.442150421142578,
      "p95_ms": 11.447214126586914,
      "peak_allocated_mib": 115.6953125,
      "peak_delta_allocated_mib": 89.75732421875,
      "peak_delta_reserved_mib": 0.0,
      "peak_reserved_mib": 1666.0,
      "sample_count": 30,
      "samples_ms": [
        11.445267486572266,
        11.437996673583985,
        11.440089416503906,
        11.436409759521485,
        11.435193634033203,
        11.44568328857422,
        11.446035003662109,
        11.440006256103516,
        11.436959838867187,
        11.434143829345704,
        11.437664031982422,
        11.442969512939452,
        11.438387298583985,
        11.438201904296875,
        11.438220977783203,
        11.433312225341798,
        11.433535766601562,
        11.436326599121093,
        11.43799057006836,
        11.441945648193359,
        11.435257720947266,
        11.438086700439452,
        11.44031982421875,
        11.436595153808593,
        11.485030364990234,
        11.439347076416016,
        11.44817886352539,
        11.432825469970703,
        11.438745880126953,
        11.440569305419922
      ],
      "scope": "end_to_end",
      "stage": "registered_operators_only_combined",
      "status": "measured",
      "validation": {
        "atol": 0.003,
        "last_hidden_state_sha256": "ba9589937a1eb9c5d11b6b92341c8a3458e81cc20adb1744a327ffc29fc9fb05",
        "rtol": 0.03,
        "status": "passed"
      }
    },
    {
      "calls_per_sample": 5,
      "comparison_baseline": "unoptimized_flagos_steady",
      "custom_operator_trace": [
        "flagos_stofm::gaussian_pair_bias",
        "flagos_stofm::pair_score_epilogue"
      ],
      "description": "Registered SToFM custom operators plus the existing FlagOS ATen scope held open.",
      "dispatch": {
        "gaussian": {
          "operator": "gaussian_pair_bias",
          "precision": "fp16",
          "reason": "registered CUDA custom-operator backend",
          "requested": "auto",
          "selected": "nvidia"
        },
        "outer_scope": {
          "active": true,
          "mode": "optimized",
          "reason": "scoped FlagGems ATen dispatch",
          "registered_aten_ops": [
            "addmm",
            "baddbmm",
            "bmm",
            "softmax",
            "softmax_out"
          ],
          "vendor_hint": "nvidia"
        },
        "pair_attention_layer0": {
          "operator": "pair_attention",
          "precision": "fp16",
          "reason": "explicit NVIDIA native inference backend",
          "requested": "nvidia",
          "selected": "nvidia"
        },
        "runtime": {
          "active": true,
          "mode": "optimized",
          "reason": "scoped FlagGems ATen dispatch",
          "registered_aten_ops": [
            "addmm",
            "baddbmm",
            "bmm",
            "softmax",
            "softmax_out"
          ],
          "vendor_hint": "nvidia"
        }
      },
      "gain_kind": "registered_custom_operator_plus_flagos_aten",
      "mean_ms": 11.340208435058594,
      "measurement_scope": "steady",
      "p20_ms": 11.318566589355468,
      "p50_ms": 11.343321609497071,
      "p80_ms": 11.355775909423828,
      "p95_ms": 11.360515441894531,
      "peak_allocated_mib": 115.6953125,
      "peak_delta_allocated_mib": 89.75732421875,
      "peak_delta_reserved_mib": 0.0,
      "peak_reserved_mib": 1666.0,
      "sample_count": 30,
      "samples_ms": [
        11.299449920654297,
        11.319923400878906,
        11.41388168334961,
        11.307353973388672,
        11.304966735839844,
        11.313139343261719,
        11.295001220703124,
        11.301132965087891,
        11.341683197021485,
        11.345657348632812,
        11.344556427001953,
        11.342617797851563,
        11.34265594482422,
        11.337779235839843,
        11.339923095703124,
        11.360575866699218,
        11.345107269287109,
        11.33758087158203,
        11.340166473388672,
        11.340409851074218,
        11.357164764404297,
        11.360441589355469,
        11.345407867431641,
        11.343987274169923,
        11.35546875,
        11.353657531738282,
        11.347187042236328,
        11.352524566650391,
        11.359846496582032,
        11.357004547119141
      ],
      "scope": "end_to_end",
      "stage": "registered_operators_with_flagos_aten_steady",
      "status": "measured",
      "validation": {
        "atol": 0.003,
        "last_hidden_state_sha256": "8c816510d85fd01b63c76df20a0ff245b50d452232ed9de35121fcb7b489acf2",
        "rtol": 0.03,
        "status": "passed"
      }
    },
    {
      "calls_per_sample": 5,
      "comparison_baseline": "unoptimized_flagos_steady",
      "custom_operator_trace": [
        "flagos_stofm::gaussian_pair_bias",
        "flagos_stofm::pair_score_epilogue"
      ],
      "description": "Registered SToFM custom operators plus the existing FlagOS ATen scope per call.",
      "dispatch": {
        "gaussian": {
          "operator": "gaussian_pair_bias",
          "precision": "fp16",
          "reason": "registered CUDA custom-operator backend",
          "requested": "auto",
          "selected": "nvidia"
        },
        "pair_attention_layer0": {
          "operator": "pair_attention",
          "precision": "fp16",
          "reason": "explicit NVIDIA native inference backend",
          "requested": "nvidia",
          "selected": "nvidia"
        },
        "runtime": {
          "active": true,
          "mode": "optimized",
          "reason": "scoped FlagGems ATen dispatch",
          "registered_aten_ops": [
            "addmm",
            "baddbmm",
            "bmm",
            "softmax",
            "softmax_out"
          ],
          "vendor_hint": "nvidia"
        }
      },
      "gain_kind": "registered_custom_operator_plus_flagos_lifecycle",
      "mean_ms": 11.352361806233723,
      "measurement_scope": "per_call",
      "p20_ms": 11.344085693359375,
      "p50_ms": 11.347824096679688,
      "p80_ms": 11.35377685546875,
      "p95_ms": 11.365418090820313,
      "peak_allocated_mib": 115.6953125,
      "peak_delta_allocated_mib": 89.75732421875,
      "peak_delta_reserved_mib": 0.0,
      "peak_reserved_mib": 1666.0,
      "sample_count": 30,
      "samples_ms": [
        11.348397064208985,
        11.342073822021485,
        11.354354858398438,
        11.353632354736328,
        11.449177551269532,
        11.345132446289062,
        11.348115539550781,
        11.346752166748047,
        11.349727630615234,
        11.34730224609375,
        11.350592041015625,
        11.345740509033202,
        11.343148803710937,
        11.342988586425781,
        11.344319915771484,
        11.340518188476562,
        11.352326202392579,
        11.34170913696289,
        11.346809387207031,
        11.350048065185547,
        11.354720306396484,
        11.341664123535157,
        11.349593353271484,
        11.35016326904297,
        11.345932769775391,
        11.347532653808594,
        11.362809753417968,
        11.36275863647461,
        11.345260620117188,
        11.367552185058594
      ],
      "scope": "end_to_end",
      "stage": "registered_operators_with_flagos_aten_lifecycle",
      "status": "measured",
      "validation": {
        "atol": 0.003,
        "last_hidden_state_sha256": "8c816510d85fd01b63c76df20a0ff245b50d452232ed9de35121fcb7b489acf2",
        "rtol": 0.03,
        "status": "passed"
      }
    }
  ],
  "role": "optimized",
  "run_id": "stofm-registered_ops-fp16-optimized-02",
  "runtime": {
    "capability": [
      7,
      0
    ],
    "cuda": "12.4",
    "device": "Tesla V100-SXM2-16GB",
    "environment": {
      "CUBLAS_WORKSPACE_CONFIG": null,
      "CUDA_VISIBLE_DEVICES": "0",
      "PYTORCH_CUDA_ALLOC_CONF": null,
      "TORCHINDUCTOR_CACHE_DIR": null,
      "TORCHINDUCTOR_COMPILE_THREADS": null
    },
    "nvidia_smi": [
      {
        "driver": "550.144.03",
        "index": "0",
        "memory_total_mib": "16384",
        "name": "Tesla V100-SXM2-16GB"
      },
      {
        "driver": "550.144.03",
        "index": "1",
        "memory_total_mib": "16384",
        "name": "Tesla V100-SXM2-16GB"
      },
      {
        "driver": "550.144.03",
        "index": "2",
        "memory_total_mib": "11264",
        "name": "NVIDIA GeForce GTX 1080 Ti"
      }
    ],
    "pip_freeze": [
      "-e git+https://github.com/priestess-bot/FlagGems.git@399d0381ed63a79018f3112ecc43894fd58ba052#egg=flag_gems",
      "GitPython==3.1.50",
      "Jinja2==3.1.6",
      "MarkupSafe==3.0.3",
      "PyYAML==6.0.3",
      "Pygments==2.20.0",
      "SQLAlchemy==2.0.48",
      "absl-py==2.4.0",
      "accelerate==1.13.0",
      "aiohappyeyeballs==2.6.2",
      "aiohttp==3.13.5",
      "aiosignal==1.4.0",
      "annotated-doc==0.0.4",
      "annotated-types==0.7.0",
      "anyio==4.13.0",
      "argon2-cffi-bindings==25.1.0",
      "argon2-cffi==25.1.0",
      "attrs==26.1.0",
      "backoff==2.2.1",
      "catboost==1.2.10",
      "certifi==2026.5.20",
      "cffi==2.0.0",
      "charset-normalizer==3.4.7",
      "chronos-forecasting==2.2.2",
      "click==8.4.1",
      "contourpy==1.3.3",
      "cramjam==2.11.0",
      "cycler==0.12.1",
      "datasets==4.8.5",
      "dill==0.4.1",
      "distro==1.9.0",
      "einops==0.8.2",
      "einshape==1.0",
      "eval_type_backport==0.3.1",
      "evaluate==0.4.6",
      "faiss-cpu==1.14.2",
      "fastparquet==2026.5.0",
      "filelock==3.29.0",
      "flatbuffers==25.12.19",
      "fonttools==4.63.0",
      "frozenlist==1.8.0",
      "fsspec==2026.2.0",
      "gitdb==4.0.12",
      "gluonts==0.16.2",
      "grad-cam==1.5.5",
      "graphviz==0.21",
      "greenlet==3.5.5",
      "h11==0.16.0",
      "hf-xet==1.5.1",
      "httpcore==1.0.9",
      "httpx==0.28.1",
      "huggingface_hub==0.36.2",
      "idna==3.17",
      "iniconfig==2.3.0",
      "inquirerpy==0.3.4",
      "insightface==1.0.1",
      "joblib==1.5.3",
      "kiwisolver==1.5.0",
      "liac-arff==2.5.0",
      "lightgbm==4.6.0",
      "littleutils==0.2.4",
      "llvmlite==0.47.0",
      "lxml==6.1.1",
      "markdown-it-py==4.2.0",
      "matplotlib==3.10.9",
      "mdurl==0.1.2",
      "minio==7.2.20",
      "ml_dtypes==0.5.4",
      "modelscope==1.37.1",
      "mpmath==1.3.0",
      "multidict==6.7.1",
      "multiprocess==0.70.19",
      "narwhals==2.21.2",
      "networkx==3.6.1",
      "nltk==3.9.4",
      "numba==0.65.1",
      "numpy==2.1.3",
      "nvidia-cublas-cu12==12.4.5.8",
      "nvidia-cuda-cupti-cu12==12.4.127",
      "nvidia-cuda-nvrtc-cu12==12.4.127",
      "nvidia-cuda-runtime-cu12==12.4.127",
      "nvidia-cudnn-cu12==9.1.0.70",
      "nvidia-cufft-cu12==11.2.1.3",
      "nvidia-curand-cu12==10.3.5.147",
      "nvidia-cusolver-cu12==11.6.1.9",
      "nvidia-cusparse-cu12==12.3.1.170",
      "nvidia-cusparselt-cu12==0.6.2",
      "nvidia-ml-py==13.595.45",
      "nvidia-nccl-cu12==2.21.5",
      "nvidia-nvjitlink-cu12==12.4.127",
      "nvidia-nvtx-cu12==12.4.127",
      "ogb==1.3.6",
      "onnx==1.21.0",
      "onnxruntime-gpu==1.26.0",
      "onnxruntime==1.26.0",
      "opencv-python==4.13.0.92",
      "openml==0.15.1",
      "optimum-onnx==0.1.0",
      "optimum==2.1.0",
      "outdated==0.2.2",
      "packaging==26.0",
      "pandas==3.0.3",
      "patsy==1.0.2",
      "peft==0.19.1",
      "pfzy==0.3.4",
      "pillow==12.2.0",
      "pip==24.0",
      "platformdirs==4.10.0",
      "plotly==6.7.0",
      "pluggy==1.6.0",
      "posthog==7.16.2",
      "prompt_toolkit==3.0.52",
      "propcache==0.5.2",
      "protobuf==7.35.0",
      "psutil==7.2.2",
      "pyarrow==24.0.0",
      "pycparser==3.0",
      "pycryptodome==3.23.0",
      "pydantic-settings==2.14.1",
      "pydantic==2.13.4",
      "pydantic_core==2.46.4",
      "pynndescent==0.6.0",
      "pyparsing==3.3.2",
      "pytest==9.0.3",
      "python-dateutil==2.9.0.post0",
      "python-docx==1.2.0",
      "python-dotenv==1.2.2",
      "pytz==2026.2",
      "rank-bm25==0.2.2",
      "regex==2026.5.9",
      "requests==2.34.2",
      "rich==15.0.0",
      "rouge_score==0.1.2",
      "rtdl_num_embeddings==0.0.12",
      "safetensors==0.7.0",
      "scikit-image==0.26.0",
      "scikit-learn==1.8.0",
      "scipy==1.17.1",
      "seaborn==0.13.2",
      "sentence-transformers==5.5.1",
      "sentry-sdk==2.61.0",
      "setuptools==79.0.1",
      "shellingham==1.5.4",
      "six==1.17.0",
      "smmap==5.0.3",
      "spuco==2.0.3",
      "statsmodels==0.14.6",
      "sympy==1.13.1",
      "tabm==0.0.3",
      "tabpfn-common-utils==0.2.21",
      "tabpfn==8.0.3",
      "threadpoolctl==3.6.0",
      "timesfm==1.3.0",
      "timm==1.0.27",
      "tokenizers==0.22.2",
      "toolz==0.12.1",
      "torch==2.6.0+cu124",
      "torchaudio==2.6.0+cu124",
      "torchvision==0.21.0+cu124",
      "tqdm==4.68.1",
      "transformers==4.57.6",
      "triton==3.2.0",
      "ttach==0.0.3",
      "typer==0.25.1",
      "typing-inspection==0.4.2",
      "typing_extensions==4.15.0",
      "tzdata==2026.2",
      "umap-learn==0.5.12",
      "urllib3==2.7.0",
      "utilsforecast==0.2.16",
      "wandb==0.27.0",
      "wcwidth==0.7.0",
      "wheel==0.47.0",
      "wilds==2.0.0",
      "xgboost==3.2.0",
      "xmltodict==1.0.4",
      "xxhash==3.7.0",
      "yarl==1.24.2"
    ],
    "platform": "Linux-6.8.0-124-generic-x86_64-with-glibc2.35",
    "python": "3.11.15",
    "torch": "2.6.0+cu124",
    "torch_backend": {
      "allow_tf32_cudnn": true,
      "allow_tf32_matmul": false,
      "cudnn_benchmark": false,
      "float32_matmul_precision": "highest"
    }
  },
  "schema_version": 3,
  "workload": {
    "batch_size": 1,
    "embedding_dim": 256,
    "ffn_embedding_dim": 256,
    "gaussian_hidden_dim": 128,
    "heads": 8,
    "input_dim": 256,
    "layers": 4,
    "nodes": 1050,
    "return_pair_rep": false,
    "seed": 20260815
  }
}
