/home/ymm/miniconda3/envs/ai_paper_0530/lib/python3.11/site-packages/torch/library.py:349: UserWarning: Warning only once for all operators,  other operators may also be overridden.
  Overriding a previously registered kernel for the same operator and the same dispatch key
  operator: aten::_softmax(Tensor self, int dim, bool half_to_float) -> Tensor
    registered at /pytorch/build/aten/src/ATen/RegisterSchema.cpp:6
  dispatch key: CUDA
  previous kernel: registered at /pytorch/build/aten/src/ATen/RegisterCPU.cpp:30477
       new kernel: registered at /dev/null:136 (Triggered internally at /pytorch/aten/src/ATen/core/dispatch/OperatorEntry.cpp:154.)
  self.m.impl(
[INFO] : FlagGems Unsupported GPU arch Tesla V100-SXM2-16GB specialization
{
  "benchmark_suite": "registered_ops",
  "commits": {
    "flaggems": "399d0381ed63a79018f3112ecc43894fd58ba052",
    "stofm": "fc37f17c25f1c925da451134c979a45d2dbec6bb"
  },
  "created_at_utc": "2026-08-15T17:05:58.588842+00:00",
  "flaggems_source": {
    "imported_package": "/home/ymm/ym/xl/20260815-first-operator/FlagGems-stofm/src/flag_gems/__init__.py",
    "requested_root": "/home/ymm/ym/xl/20260815-first-operator/FlagGems-stofm",
    "source_path": "/home/ymm/ym/xl/20260815-first-operator/FlagGems-stofm/src"
  },
  "measurement": {
    "calls_per_sample": 5,
    "compile_included": false,
    "inference_mode": true,
    "repetitions": 30,
    "tf32": false,
    "timer": "cuda_events",
    "warmup": 10
  },
  "precision": "fp16",
  "reference": {
    "atol": 0.003,
    "last_hidden_state_sha256": "a2cfaf2864fd99869b1496997b2ef73b517996de83341c23dc6e0f8ac851fa7d",
    "rtol": 0.03,
    "stage": "pure_pytorch_reference"
  },
  "results": [
    {
      "calls_per_sample": 5,
      "comparison_baseline": "unoptimized_flagos_steady",
      "custom_operator_trace": [
        "flagos_stofm::gaussian_pair_bias"
      ],
      "description": "Only the registered Gaussian custom operator; ATen overrides are disabled.",
      "dispatch": {
        "gaussian": {
          "operator": "gaussian_pair_bias",
          "precision": "fp16",
          "reason": "explicit NVIDIA native inference backend",
          "requested": "nvidia",
          "selected": "nvidia"
        },
        "outer_scope": {
          "active": false,
          "mode": "optimized",
          "reason": "FlagOS ATen dispatch is disabled for custom-operator isolation",
          "registered_aten_ops": [],
          "vendor_hint": null
        },
        "pair_attention_layer0": null,
        "runtime": {
          "active": false,
          "mode": "optimized",
          "reason": "FlagOS ATen dispatch is disabled for custom-operator isolation",
          "registered_aten_ops": [],
          "vendor_hint": null
        }
      },
      "gain_kind": "registered_custom_operator",
      "mean_ms": 13.444540456136068,
      "measurement_scope": "steady",
      "p20_ms": 13.416991271972657,
      "p50_ms": 13.455433654785157,
      "p80_ms": 13.463003845214844,
      "p95_ms": 13.476591033935547,
      "peak_allocated_mib": 122.05615234375,
      "peak_delta_allocated_mib": 96.1181640625,
      "peak_delta_reserved_mib": 0.0,
      "peak_reserved_mib": 1666.0,
      "sample_count": 30,
      "samples_ms": [
        13.418418884277344,
        13.4210693359375,
        13.417446899414063,
        13.421107482910156,
        13.41473846435547,
        13.419148254394532,
        13.415168762207031,
        13.406343078613281,
        13.41053466796875,
        13.411174011230468,
        13.406661987304688,
        13.454643249511719,
        13.479295349121093,
        13.462226867675781,
        13.45569305419922,
        13.458412170410156,
        13.469850158691406,
        13.456460571289062,
        13.455520629882812,
        13.464576721191406,
        13.462757873535157,
        13.477095031738282,
        13.461088562011719,
        13.457472229003907,
        13.454118347167968,
        13.455430603027343,
        13.454360961914062,
        13.463987731933594,
        13.475975036621094,
        13.455436706542969
      ],
      "scope": "end_to_end",
      "stage": "gaussian_registered_operator_only",
      "status": "measured",
      "validation": {
        "atol": 0.003,
        "last_hidden_state_sha256": "b7cad45251588cad785e12f5a4135c1d08752b9259e95e9cfabce6b12b155ab3",
        "rtol": 0.03,
        "status": "passed"
      }
    },
    {
      "calls_per_sample": 5,
      "comparison_baseline": "unoptimized_flagos_steady",
      "custom_operator_trace": [
        "flagos_stofm::pair_score_epilogue"
      ],
      "description": "Only the registered pair-score custom operator; ATen overrides are disabled.",
      "dispatch": {
        "gaussian": null,
        "outer_scope": {
          "active": false,
          "mode": "optimized",
          "reason": "FlagOS ATen dispatch is disabled for custom-operator isolation",
          "registered_aten_ops": [],
          "vendor_hint": null
        },
        "pair_attention_layer0": {
          "operator": "pair_attention",
          "precision": "fp16",
          "reason": "explicit NVIDIA native inference backend",
          "requested": "nvidia",
          "selected": "nvidia"
        },
        "runtime": {
          "active": false,
          "mode": "optimized",
          "reason": "FlagOS ATen dispatch is disabled for custom-operator isolation",
          "registered_aten_ops": [],
          "vendor_hint": null
        }
      },
      "gain_kind": "registered_custom_operator",
      "mean_ms": 19.04448201497396,
      "measurement_scope": "steady",
      "p20_ms": 19.032543029785156,
      "p50_ms": 19.03858871459961,
      "p80_ms": 19.047889709472656,
      "p95_ms": 19.05531158447266,
      "peak_allocated_mib": 1643.00634765625,
      "peak_delta_allocated_mib": 1617.068359375,
      "peak_delta_reserved_mib": 0.0,
      "peak_reserved_mib": 1666.0,
      "sample_count": 30,
      "samples_ms": [
        19.048780822753905,
        19.04622039794922,
        19.03440704345703,
        19.034439086914062,
        19.034892272949218,
        19.035238647460936,
        19.047666931152342,
        19.032147216796876,
        19.038592529296874,
        19.038584899902343,
        19.032435607910156,
        19.04215087890625,
        19.041484069824218,
        19.041510009765624,
        19.037432861328124,
        19.039564514160155,
        19.04430694580078,
        19.052064514160158,
        19.053868103027344,
        19.0300537109375,
        19.029119873046874,
        19.056492614746094,
        19.03267822265625,
        19.02948455810547,
        19.032569885253906,
        19.192140197753908,
        19.031033325195313,
        19.035545349121094,
        19.040007019042967,
        19.04954833984375
      ],
      "scope": "end_to_end",
      "stage": "pair_score_registered_operator_only",
      "status": "measured",
      "validation": {
        "atol": 0.003,
        "last_hidden_state_sha256": "8a38f8bb073e5523a5f228fd2b19c447eb583a28fbf35d0c0fd93776e055ba1b",
        "rtol": 0.03,
        "status": "passed"
      }
    },
    {
      "calls_per_sample": 5,
      "comparison_baseline": "unoptimized_flagos_steady",
      "custom_operator_trace": [
        "flagos_stofm::gaussian_pair_bias",
        "flagos_stofm::pair_score_epilogue"
      ],
      "description": "Both registered SToFM custom operators; ATen overrides are disabled.",
      "dispatch": {
        "gaussian": {
          "operator": "gaussian_pair_bias",
          "precision": "fp16",
          "reason": "explicit NVIDIA native inference backend",
          "requested": "nvidia",
          "selected": "nvidia"
        },
        "outer_scope": {
          "active": false,
          "mode": "optimized",
          "reason": "FlagOS ATen dispatch is disabled for custom-operator isolation",
          "registered_aten_ops": [],
          "vendor_hint": null
        },
        "pair_attention_layer0": {
          "operator": "pair_attention",
          "precision": "fp16",
          "reason": "explicit NVIDIA native inference backend",
          "requested": "nvidia",
          "selected": "nvidia"
        },
        "runtime": {
          "active": false,
          "mode": "optimized",
          "reason": "FlagOS ATen dispatch is disabled for custom-operator isolation",
          "registered_aten_ops": [],
          "vendor_hint": null
        }
      },
      "gain_kind": "registered_custom_operator_combined",
      "mean_ms": 11.43574373881022,
      "measurement_scope": "steady",
      "p20_ms": 11.432383880615234,
      "p50_ms": 11.433878326416016,
      "p80_ms": 11.437342681884765,
      "p95_ms": 11.448032073974609,
      "peak_allocated_mib": 115.6953125,
      "peak_delta_allocated_mib": 89.75732421875,
      "peak_delta_reserved_mib": 0.0,
      "peak_reserved_mib": 1666.0,
      "sample_count": 30,
      "samples_ms": [
        11.433817291259766,
        11.436793518066406,
        11.434194946289063,
        11.432659149169922,
        11.433939361572266,
        11.433401489257813,
        11.4347900390625,
        11.434700775146485,
        11.431597137451172,
        11.433670043945312,
        11.432659149169922,
        11.437286376953125,
        11.453247833251954,
        11.434073638916015,
        11.436627197265626,
        11.431724548339844,
        11.430048370361328,
        11.433087921142578,
        11.436557006835937,
        11.432128143310546,
        11.430534362792969,
        11.441657257080077,
        11.429119873046876,
        11.432447814941407,
        11.437567901611327,
        11.44147186279297,
        11.4328125,
        11.438233947753906,
        11.458131408691406,
        11.433331298828126
      ],
      "scope": "end_to_end",
      "stage": "registered_operators_only_combined",
      "status": "measured",
      "validation": {
        "atol": 0.003,
        "last_hidden_state_sha256": "ba9589937a1eb9c5d11b6b92341c8a3458e81cc20adb1744a327ffc29fc9fb05",
        "rtol": 0.03,
        "status": "passed"
      }
    },
    {
      "calls_per_sample": 5,
      "comparison_baseline": "unoptimized_flagos_steady",
      "custom_operator_trace": [
        "flagos_stofm::gaussian_pair_bias",
        "flagos_stofm::pair_score_epilogue"
      ],
      "description": "Registered SToFM custom operators plus the existing FlagOS ATen scope held open.",
      "dispatch": {
        "gaussian": {
          "operator": "gaussian_pair_bias",
          "precision": "fp16",
          "reason": "registered CUDA custom-operator backend",
          "requested": "auto",
          "selected": "nvidia"
        },
        "outer_scope": {
          "active": true,
          "mode": "optimized",
          "reason": "scoped FlagGems ATen dispatch",
          "registered_aten_ops": [
            "addmm",
            "baddbmm",
            "bmm",
            "softmax",
            "softmax_out"
          ],
          "vendor_hint": "nvidia"
        },
        "pair_attention_layer0": {
          "operator": "pair_attention",
          "precision": "fp16",
          "reason": "explicit NVIDIA native inference backend",
          "requested": "nvidia",
          "selected": "nvidia"
        },
        "runtime": {
          "active": true,
          "mode": "optimized",
          "reason": "scoped FlagGems ATen dispatch",
          "registered_aten_ops": [
            "addmm",
            "baddbmm",
            "bmm",
            "softmax",
            "softmax_out"
          ],
          "vendor_hint": "nvidia"
        }
      },
      "gain_kind": "registered_custom_operator_plus_flagos_aten",
      "mean_ms": 11.300540822347005,
      "measurement_scope": "steady",
      "p20_ms": 11.290772552490235,
      "p50_ms": 11.296399688720703,
      "p80_ms": 11.306551208496094,
      "p95_ms": 11.327272529602052,
      "peak_allocated_mib": 115.6953125,
      "peak_delta_allocated_mib": 89.75732421875,
      "peak_delta_reserved_mib": 0.0,
      "peak_reserved_mib": 1666.0,
      "sample_count": 30,
      "samples_ms": [
        11.349664306640625,
        11.290150451660157,
        11.310835266113282,
        11.306336212158204,
        11.29881591796875,
        11.293446350097657,
        11.294207763671874,
        11.310988616943359,
        11.300109100341796,
        11.294016265869141,
        11.290924835205079,
        11.29653091430664,
        11.29296646118164,
        11.303571319580078,
        11.300179290771485,
        11.2897216796875,
        11.296268463134766,
        11.29016342163086,
        11.292185974121093,
        11.288985443115234,
        11.289299011230469,
        11.289580535888671,
        11.295219421386719,
        11.291455841064453,
        11.316268920898438,
        11.298944091796875,
        11.307411193847656,
        11.336275482177735,
        11.297830200195312,
        11.30387191772461
      ],
      "scope": "end_to_end",
      "stage": "registered_operators_with_flagos_aten_steady",
      "status": "measured",
      "validation": {
        "atol": 0.003,
        "last_hidden_state_sha256": "8c816510d85fd01b63c76df20a0ff245b50d452232ed9de35121fcb7b489acf2",
        "rtol": 0.03,
        "status": "passed"
      }
    },
    {
      "calls_per_sample": 5,
      "comparison_baseline": "unoptimized_flagos_steady",
      "custom_operator_trace": [
        "flagos_stofm::gaussian_pair_bias",
        "flagos_stofm::pair_score_epilogue"
      ],
      "description": "Registered SToFM custom operators plus the existing FlagOS ATen scope per call.",
      "dispatch": {
        "gaussian": {
          "operator": "gaussian_pair_bias",
          "precision": "fp16",
          "reason": "registered CUDA custom-operator backend",
          "requested": "auto",
          "selected": "nvidia"
        },
        "pair_attention_layer0": {
          "operator": "pair_attention",
          "precision": "fp16",
          "reason": "explicit NVIDIA native inference backend",
          "requested": "nvidia",
          "selected": "nvidia"
        },
        "runtime": {
          "active": true,
          "mode": "optimized",
          "reason": "scoped FlagGems ATen dispatch",
          "registered_aten_ops": [
            "addmm",
            "baddbmm",
            "bmm",
            "softmax",
            "softmax_out"
          ],
          "vendor_hint": "nvidia"
        }
      },
      "gain_kind": "registered_custom_operator_plus_flagos_lifecycle",
      "mean_ms": 11.343556900024414,
      "measurement_scope": "per_call",
      "p20_ms": 11.335758209228516,
      "p50_ms": 11.342201614379883,
      "p80_ms": 11.348876647949218,
      "p95_ms": 11.360565567016602,
      "peak_allocated_mib": 115.6953125,
      "peak_delta_allocated_mib": 89.75732421875,
      "peak_delta_reserved_mib": 0.0,
      "peak_reserved_mib": 1666.0,
      "sample_count": 30,
      "samples_ms": [
        11.352223968505859,
        11.335193634033203,
        11.340620422363282,
        11.334950256347657,
        11.342630767822266,
        11.3351806640625,
        11.334553527832032,
        11.335327911376954,
        11.338547515869141,
        11.343193817138673,
        11.348390197753906,
        11.370758056640625,
        11.350822448730469,
        11.360761260986328,
        11.355795288085938,
        11.345356750488282,
        11.347277069091797,
        11.340525054931641,
        11.3417724609375,
        11.344076538085938,
        11.343251037597657,
        11.360326385498047,
        11.336377716064453,
        11.336217498779297,
        11.335865783691407,
        11.331501007080078,
        11.34497299194336,
        11.345235443115234,
        11.338169860839844,
        11.336831665039062
      ],
      "scope": "end_to_end",
      "stage": "registered_operators_with_flagos_aten_lifecycle",
      "status": "measured",
      "validation": {
        "atol": 0.003,
        "last_hidden_state_sha256": "8c816510d85fd01b63c76df20a0ff245b50d452232ed9de35121fcb7b489acf2",
        "rtol": 0.03,
        "status": "passed"
      }
    }
  ],
  "role": "optimized",
  "run_id": "stofm-registered_ops-fp16-optimized-03",
  "runtime": {
    "capability": [
      7,
      0
    ],
    "cuda": "12.4",
    "device": "Tesla V100-SXM2-16GB",
    "environment": {
      "CUBLAS_WORKSPACE_CONFIG": null,
      "CUDA_VISIBLE_DEVICES": "0",
      "PYTORCH_CUDA_ALLOC_CONF": null,
      "TORCHINDUCTOR_CACHE_DIR": null,
      "TORCHINDUCTOR_COMPILE_THREADS": null
    },
    "nvidia_smi": [
      {
        "driver": "550.144.03",
        "index": "0",
        "memory_total_mib": "16384",
        "name": "Tesla V100-SXM2-16GB"
      },
      {
        "driver": "550.144.03",
        "index": "1",
        "memory_total_mib": "16384",
        "name": "Tesla V100-SXM2-16GB"
      },
      {
        "driver": "550.144.03",
        "index": "2",
        "memory_total_mib": "11264",
        "name": "NVIDIA GeForce GTX 1080 Ti"
      }
    ],
    "pip_freeze": [
      "-e git+https://github.com/priestess-bot/FlagGems.git@399d0381ed63a79018f3112ecc43894fd58ba052#egg=flag_gems",
      "GitPython==3.1.50",
      "Jinja2==3.1.6",
      "MarkupSafe==3.0.3",
      "PyYAML==6.0.3",
      "Pygments==2.20.0",
      "SQLAlchemy==2.0.48",
      "absl-py==2.4.0",
      "accelerate==1.13.0",
      "aiohappyeyeballs==2.6.2",
      "aiohttp==3.13.5",
      "aiosignal==1.4.0",
      "annotated-doc==0.0.4",
      "annotated-types==0.7.0",
      "anyio==4.13.0",
      "argon2-cffi-bindings==25.1.0",
      "argon2-cffi==25.1.0",
      "attrs==26.1.0",
      "backoff==2.2.1",
      "catboost==1.2.10",
      "certifi==2026.5.20",
      "cffi==2.0.0",
      "charset-normalizer==3.4.7",
      "chronos-forecasting==2.2.2",
      "click==8.4.1",
      "contourpy==1.3.3",
      "cramjam==2.11.0",
      "cycler==0.12.1",
      "datasets==4.8.5",
      "dill==0.4.1",
      "distro==1.9.0",
      "einops==0.8.2",
      "einshape==1.0",
      "eval_type_backport==0.3.1",
      "evaluate==0.4.6",
      "faiss-cpu==1.14.2",
      "fastparquet==2026.5.0",
      "filelock==3.29.0",
      "flatbuffers==25.12.19",
      "fonttools==4.63.0",
      "frozenlist==1.8.0",
      "fsspec==2026.2.0",
      "gitdb==4.0.12",
      "gluonts==0.16.2",
      "grad-cam==1.5.5",
      "graphviz==0.21",
      "greenlet==3.5.5",
      "h11==0.16.0",
      "hf-xet==1.5.1",
      "httpcore==1.0.9",
      "httpx==0.28.1",
      "huggingface_hub==0.36.2",
      "idna==3.17",
      "iniconfig==2.3.0",
      "inquirerpy==0.3.4",
      "insightface==1.0.1",
      "joblib==1.5.3",
      "kiwisolver==1.5.0",
      "liac-arff==2.5.0",
      "lightgbm==4.6.0",
      "littleutils==0.2.4",
      "llvmlite==0.47.0",
      "lxml==6.1.1",
      "markdown-it-py==4.2.0",
      "matplotlib==3.10.9",
      "mdurl==0.1.2",
      "minio==7.2.20",
      "ml_dtypes==0.5.4",
      "modelscope==1.37.1",
      "mpmath==1.3.0",
      "multidict==6.7.1",
      "multiprocess==0.70.19",
      "narwhals==2.21.2",
      "networkx==3.6.1",
      "nltk==3.9.4",
      "numba==0.65.1",
      "numpy==2.1.3",
      "nvidia-cublas-cu12==12.4.5.8",
      "nvidia-cuda-cupti-cu12==12.4.127",
      "nvidia-cuda-nvrtc-cu12==12.4.127",
      "nvidia-cuda-runtime-cu12==12.4.127",
      "nvidia-cudnn-cu12==9.1.0.70",
      "nvidia-cufft-cu12==11.2.1.3",
      "nvidia-curand-cu12==10.3.5.147",
      "nvidia-cusolver-cu12==11.6.1.9",
      "nvidia-cusparse-cu12==12.3.1.170",
      "nvidia-cusparselt-cu12==0.6.2",
      "nvidia-ml-py==13.595.45",
      "nvidia-nccl-cu12==2.21.5",
      "nvidia-nvjitlink-cu12==12.4.127",
      "nvidia-nvtx-cu12==12.4.127",
      "ogb==1.3.6",
      "onnx==1.21.0",
      "onnxruntime-gpu==1.26.0",
      "onnxruntime==1.26.0",
      "opencv-python==4.13.0.92",
      "openml==0.15.1",
      "optimum-onnx==0.1.0",
      "optimum==2.1.0",
      "outdated==0.2.2",
      "packaging==26.0",
      "pandas==3.0.3",
      "patsy==1.0.2",
      "peft==0.19.1",
      "pfzy==0.3.4",
      "pillow==12.2.0",
      "pip==24.0",
      "platformdirs==4.10.0",
      "plotly==6.7.0",
      "pluggy==1.6.0",
      "posthog==7.16.2",
      "prompt_toolkit==3.0.52",
      "propcache==0.5.2",
      "protobuf==7.35.0",
      "psutil==7.2.2",
      "pyarrow==24.0.0",
      "pycparser==3.0",
      "pycryptodome==3.23.0",
      "pydantic-settings==2.14.1",
      "pydantic==2.13.4",
      "pydantic_core==2.46.4",
      "pynndescent==0.6.0",
      "pyparsing==3.3.2",
      "pytest==9.0.3",
      "python-dateutil==2.9.0.post0",
      "python-docx==1.2.0",
      "python-dotenv==1.2.2",
      "pytz==2026.2",
      "rank-bm25==0.2.2",
      "regex==2026.5.9",
      "requests==2.34.2",
      "rich==15.0.0",
      "rouge_score==0.1.2",
      "rtdl_num_embeddings==0.0.12",
      "safetensors==0.7.0",
      "scikit-image==0.26.0",
      "scikit-learn==1.8.0",
      "scipy==1.17.1",
      "seaborn==0.13.2",
      "sentence-transformers==5.5.1",
      "sentry-sdk==2.61.0",
      "setuptools==79.0.1",
      "shellingham==1.5.4",
      "six==1.17.0",
      "smmap==5.0.3",
      "spuco==2.0.3",
      "statsmodels==0.14.6",
      "sympy==1.13.1",
      "tabm==0.0.3",
      "tabpfn-common-utils==0.2.21",
      "tabpfn==8.0.3",
      "threadpoolctl==3.6.0",
      "timesfm==1.3.0",
      "timm==1.0.27",
      "tokenizers==0.22.2",
      "toolz==0.12.1",
      "torch==2.6.0+cu124",
      "torchaudio==2.6.0+cu124",
      "torchvision==0.21.0+cu124",
      "tqdm==4.68.1",
      "transformers==4.57.6",
      "triton==3.2.0",
      "ttach==0.0.3",
      "typer==0.25.1",
      "typing-inspection==0.4.2",
      "typing_extensions==4.15.0",
      "tzdata==2026.2",
      "umap-learn==0.5.12",
      "urllib3==2.7.0",
      "utilsforecast==0.2.16",
      "wandb==0.27.0",
      "wcwidth==0.7.0",
      "wheel==0.47.0",
      "wilds==2.0.0",
      "xgboost==3.2.0",
      "xmltodict==1.0.4",
      "xxhash==3.7.0",
      "yarl==1.24.2"
    ],
    "platform": "Linux-6.8.0-124-generic-x86_64-with-glibc2.35",
    "python": "3.11.15",
    "torch": "2.6.0+cu124",
    "torch_backend": {
      "allow_tf32_cudnn": true,
      "allow_tf32_matmul": false,
      "cudnn_benchmark": false,
      "float32_matmul_precision": "highest"
    }
  },
  "schema_version": 3,
  "workload": {
    "batch_size": 1,
    "embedding_dim": 256,
    "ffn_embedding_dim": 256,
    "gaussian_hidden_dim": 128,
    "heads": 8,
    "input_dim": 256,
    "layers": 4,
    "nodes": 1050,
    "return_pair_rep": false,
    "seed": 20260815
  }
}
