/root/stofm-musa-r2/.venv/lib/python3.10/site-packages/transformers/utils/generic.py:485: UserWarning: torch.utils._pytree._register_pytree_node is deprecated. Please use torch.utils._pytree.register_pytree_node instead.
  _torch_pytree._register_pytree_node(
{
  "schema_version": 1,
  "role": "musa_operator_matrix",
  "run_id": "musa-operator-matrix-20260816T110219Z",
  "trial": 1,
  "candidate": {
    "kind": "direct-privateuse1",
    "label": "Initial FlagOS MUSA registered implementation"
  },
  "runtime": {
    "torch": "2.2.0",
    "torch_musa": "1.3.0+81caf0a",
    "device": "MTT S4000",
    "capability": [
      2,
      2
    ],
    "total_memory_mib": 49061.67
  },
  "sources": {
    "stofm_revision": "e2c6de9ec902bee5d67a4861b4ef6716a58e0cc4",
    "flaggems_revision": "832c46df4073215d416406181484f9b44594aff2",
    "musa_library_sha256": "006d5e256060342f1fb188f91e623fed0baaa0746928d710a43de63efb1cf590"
  },
  "workload": {
    "shapes": [
      1050
    ],
    "precisions": [
      "fp32"
    ],
    "heads": 8,
    "head_dim": 32,
    "gaussian_hidden_dim": 128,
    "seed": 20260816
  },
  "measurement": {
    "timer": "torch.musa.Event with per-sample device synchronization",
    "host_cross_check": "time.perf_counter",
    "warmup": 5,
    "repetitions": 10,
    "calls_per_sample": 1,
    "compile_included": false,
    "inference_mode": true
  },
  "results": [
    {
      "operator": "gaussian_pair_bias",
      "precision": "fp32",
      "nodes": 1050,
      "candidate_label": "Initial FlagOS MUSA registered implementation",
      "validation": {
        "oracle": "MUSA portable PyTorch expression",
        "errors": {
          "max_abs_error": 1.341104507446289e-07,
          "max_relative_error": 4.410471439361572
        }
      },
      "torch_reference": {
        "sample_count": 10,
        "calls_per_sample": 1,
        "samples_ms": [
          23.24305534362793,
          22.96927833557129,
          23.09592628479004,
          22.925952911376953,
          22.98529624938965,
          22.944299697875977,
          22.972240447998047,
          23.078857421875,
          22.990644454956055,
          22.935136795043945
        ],
        "host_samples_ms": [
          23.367777466773987,
          22.991910576820374,
          23.1190025806427,
          22.949181497097015,
          23.006781935691833,
          22.96566218137741,
          22.993117570877075,
          23.10066670179367,
          23.02076667547226,
          22.96295017004013
        ],
        "peak_allocated_mib": 1624.52392578125,
        "peak_delta_allocated_mib": 1619.19677734375,
        "p20_ms": 22.94246711730957,
        "p50_ms": 22.978768348693848,
        "p80_ms": 23.08227119445801,
        "p95_ms": 23.17684726715088,
        "mean_ms": 23.014068794250488,
        "stdev_ms": 0.0985042614379843,
        "coefficient_of_variation": 0.004280175848896099,
        "bootstrap_p50_ci_ms": [
          22.944299697875977,
          23.078857421875
        ],
        "bootstrap_resamples": 4000,
        "host_timing": {
          "p20_ms": 22.965119779109955,
          "p50_ms": 22.999949753284454,
          "p80_ms": 23.104333877563477,
          "p95_ms": 23.255828768014908,
          "mean_ms": 23.047781735658646,
          "stdev_ms": 0.12580808730223694,
          "coefficient_of_variation": 0.005458576827269736,
          "bootstrap_p50_ci_ms": [
            22.96566218137741,
            23.10066670179367
          ],
          "bootstrap_resamples": 4000
        }
      },
      "flagos_candidate": {
        "sample_count": 10,
        "calls_per_sample": 1,
        "samples_ms": [
          2655.517333984375,
          2653.03076171875,
          2650.770263671875,
          2656.775146484375,
          2657.188720703125,
          2654.546142578125,
          2653.030029296875,
          2648.314208984375,
          2654.783447265625,
          2653.879150390625
        ],
        "host_samples_ms": [
          2655.730791389942,
          2653.156042098999,
          2650.895833969116,
          2656.887598335743,
          2657.318666577339,
          2654.636301100254,
          2653.094068169594,
          2648.3986601233482,
          2654.8914909362793,
          2653.962455689907
        ],
        "peak_allocated_mib": 38.97314453125,
        "peak_delta_allocated_mib": 33.64599609375,
        "p20_ms": 2652.578076171875,
        "p50_ms": 2654.212646484375,
        "p80_ms": 2655.768896484375,
        "p95_ms": 2657.0026123046873,
        "mean_ms": 2653.7835205078127,
        "stdev_ms": 2.6929825399053295,
        "coefficient_of_variation": 0.001014770993600117,
        "bootstrap_p50_ci_ms": [
          2651.9005126953125,
          2655.779296875
        ],
        "bootstrap_resamples": 4000,
        "host_timing": {
          "p20_ms": 2652.6544213294983,
          "p50_ms": 2654.2993783950806,
          "p80_ms": 2655.9621527791023,
          "p95_ms": 2657.124685868621,
          "mean_ms": 2653.897190839052,
          "stdev_ms": 2.7077376972878566,
          "coefficient_of_variation": 0.001020287336915181,
          "bootstrap_p50_ci_ms": [
            2652.0259380340576,
            2655.889544636011
          ],
          "bootstrap_resamples": 4000
        }
      },
      "p50_speedup": 0.008657470749048789
    },
    {
      "operator": "pair_score_epilogue",
      "precision": "fp32",
      "nodes": 1050,
      "candidate_label": "Initial FlagOS MUSA registered implementation",
      "validation": {
        "oracle": "MUSA portable PyTorch expression",
        "errors": {
          "max_abs_error": 9.5367431640625e-07,
          "max_relative_error": 1.2183468341827393
        }
      },
      "torch_reference": {
        "sample_count": 10,
        "calls_per_sample": 1,
        "samples_ms": [
          0.7681980133056641,
          0.8249610066413879,
          0.7486699819564819,
          0.7530369758605957,
          0.7387700080871582,
          0.7883470058441162,
          0.7422699928283691,
          0.7447630167007446,
          0.74891197681427,
          0.739853024482727
        ],
        "host_samples_ms": [
          0.8081421256065369,
          0.9242743253707886,
          0.8001625537872314,
          0.7726475596427917,
          0.7565021514892578,
          0.8357018232345581,
          0.8004829287528992,
          0.7979124784469604,
          0.7674545049667358,
          0.7580667734146118
        ],
        "peak_allocated_mib": 106.1015625,
        "peak_delta_allocated_mib": 69.025390625,
        "p20_ms": 0.7417865991592407,
        "p50_ms": 0.748790979385376,
        "p80_ms": 0.7722278118133545,
        "p95_ms": 0.8084847062826156,
        "mean_ms": 0.7597781002521515,
        "stdev_ms": 0.0274734809853028,
        "coefficient_of_variation": 0.036159874805795314,
        "bootstrap_p50_ci_ms": [
          0.7422699928283691,
          0.770691990852356
        ],
        "bootstrap_resamples": 4000,
        "host_timing": {
          "p20_ms": 0.765576958656311,
          "p50_ms": 0.799037516117096,
          "p80_ms": 0.8136540651321411,
          "p95_ms": 0.8844166994094848,
          "mean_ms": 0.8021347224712372,
          "stdev_ms": 0.049667665409717905,
          "coefficient_of_variation": 0.06191935596142814,
          "bootstrap_p50_ci_ms": [
            0.7653571665287018,
            0.8179321885108948
          ],
          "bootstrap_resamples": 4000
        }
      },
      "flagos_candidate": {
        "sample_count": 10,
        "calls_per_sample": 1,
        "samples_ms": [
          9.630376815795898,
          9.619420051574707,
          9.67899227142334,
          9.652938842773438,
          9.646696090698242,
          9.644806861877441,
          9.56600284576416,
          9.64630126953125,
          9.645458221435547,
          9.665413856506348
        ],
        "host_samples_ms": [
          9.660914540290833,
          9.640544652938843,
          9.699694812297821,
          9.674333035945892,
          9.665928781032562,
          9.663790464401245,
          9.585797786712646,
          9.667299687862396,
          9.666502475738525,
          9.684979915618896
        ],
        "peak_allocated_mib": 38.1015625,
        "peak_delta_allocated_mib": 1.025390625,
        "p20_ms": 9.62818546295166,
        "p50_ms": 9.645879745483398,
        "p80_ms": 9.655433845520019,
        "p95_ms": 9.672881984710694,
        "mean_ms": 9.639640712738037,
        "stdev_ms": 0.030662218208761863,
        "coefficient_of_variation": 0.0031808465815789297,
        "bootstrap_p50_ci_ms": [
          9.630376815795898,
          9.656054973602295
        ],
        "bootstrap_resamples": 4000,
        "host_timing": {
          "p20_ms": 9.656840562820435,
          "p50_ms": 9.666215628385544,
          "p80_ms": 9.676462411880493,
          "p95_ms": 9.693073108792305,
          "mean_ms": 9.660978615283966,
          "stdev_ms": 0.030597629568419177,
          "coefficient_of_variation": 0.003167135627441798,
          "bootstrap_p50_ci_ms": [
            9.652167558670044,
            9.676139801740646
          ],
          "bootstrap_resamples": 4000
        }
      },
      "p50_speedup": 0.07762806495032151
    }
  ]
}
