/home/ymm/miniconda3/envs/ai_paper_0530/lib/python3.11/site-packages/torch/library.py:349: UserWarning: Warning only once for all operators,  other operators may also be overridden.
  Overriding a previously registered kernel for the same operator and the same dispatch key
  operator: aten::bmm(Tensor self, Tensor mat2) -> Tensor
    registered at /pytorch/build/aten/src/ATen/RegisterSchema.cpp:6
  dispatch key: CUDA
  previous kernel: registered at /pytorch/aten/src/ATen/LegacyBatchingRegistrations.cpp:1079
       new kernel: registered at /dev/null:135 (Triggered internally at /pytorch/aten/src/ATen/core/dispatch/OperatorEntry.cpp:154.)
  self.m.impl(
[INFO] : FlagGems Unsupported GPU arch Tesla V100-SXM2-16GB specialization
{
  "commits": {
    "flaggems": "a9a96bbcc3d685482c656343e0759b7b4a5c38bc",
    "stofm": "de4278f7307de167dfd21d406198ca2c2881658e"
  },
  "created_at_utc": "2026-08-15T10:54:08.772275+00:00",
  "measurement": {
    "calls_per_sample": 5,
    "compile_included": false,
    "inference_mode": true,
    "repetitions": 30,
    "tf32": false,
    "timer": "cuda_events",
    "warmup": 10
  },
  "precision": "fp16",
  "reference_hashes": {
    "marker_token_embed": "8c5bdb1534d112e92fa18f1013b909a379d3382a51163f661a7f38bb2811ab37",
    "residual_layer_norm": "1d805c89d538028c77ba6ba62cb0feb3894c632caa9016493cb17a9ae6d134d9",
    "swiglu": "abcfe8860f22f7f2ae441843b69be5f201ad272dd9210f33bb96b07fa0de8afa"
  },
  "results": [
    {
      "calls_per_sample": 5,
      "comparison_baseline": "V0_marker_token_torch",
      "description": "KRONOS marker-aware token assembly through the public Torch reference API.",
      "dispatch": {
        "flagos_scope": null,
        "public": {
          "operator": "marker_token_embed",
          "precision": "fp16",
          "reason": "explicit reference backend",
          "requested": "torch",
          "selected": "torch"
        }
      },
      "gain_kind": "reference",
      "mean_ms": 0.28871338844299316,
      "p20_ms": 0.28291072845458987,
      "p50_ms": 0.28764159679412843,
      "p80_ms": 0.2948300838470459,
      "p95_ms": 0.30241792082786556,
      "peak_allocated_mib": 37.3134765625,
      "peak_delta_allocated_mib": 12.02392578125,
      "peak_delta_reserved_mib": 0.0,
      "peak_reserved_mib": 82.0,
      "sample_count": 30,
      "samples_ms": [
        0.30453760623931886,
        0.2957312107086182,
        0.28323841094970703,
        0.28774399757385255,
        0.2953216075897217,
        0.2875391960144043,
        0.29061119556427,
        0.28631041049957273,
        0.28405759334564207,
        0.2852864027023315,
        0.2842623949050903,
        0.288972806930542,
        0.29122560024261473,
        0.29982719421386717,
        0.28631041049957273,
        0.2815999984741211,
        0.2807807922363281,
        0.2799616098403931,
        0.294707202911377,
        0.27975680828094485,
        0.2885632038116455,
        0.285696005821228,
        0.30453760623931886,
        0.2842623949050903,
        0.29900801181793213,
        0.29122560024261473,
        0.28774399757385255,
        0.2791424036026001,
        0.29306879043579104,
        0.28037118911743164
      ],
      "scope": "vision_operator",
      "stage": "V0_marker_token_torch",
      "status": "measured",
      "validation": {
        "atol": 0.002,
        "output_sha256": "8c5bdb1534d112e92fa18f1013b909a379d3382a51163f661a7f38bb2811ab37",
        "rtol": 0.02,
        "status": "passed"
      }
    },
    {
      "calls_per_sample": 5,
      "comparison_baseline": "V0_marker_token_torch",
      "description": "FlagGems NVIDIA marker-token Triton candidate under a real scoped FlagOS inference context.",
      "dispatch": {
        "flagos_scope": {
          "active": true,
          "mode": "optimized",
          "reason": "scoped FlagGems ATen dispatch",
          "registered_aten_ops": [
            "addmm",
            "baddbmm",
            "bmm",
            "softmax",
            "softmax_out"
          ],
          "vendor_hint": "nvidia"
        },
        "public": {
          "operator": "marker_token_embed",
          "precision": "fp16",
          "reason": "explicit NVIDIA backend",
          "requested": "nvidia",
          "selected": "nvidia"
        }
      },
      "gain_kind": "custom_kernel",
      "mean_ms": 0.2907477323214213,
      "p20_ms": 0.2705817699432373,
      "p50_ms": 0.28497920036315916,
      "p80_ms": 0.3074457550048828,
      "p95_ms": 0.3376947116851806,
      "peak_allocated_mib": 31.2978515625,
      "peak_delta_allocated_mib": 6.00830078125,
      "peak_delta_reserved_mib": 0.0,
      "peak_reserved_mib": 82.0,
      "sample_count": 30,
      "samples_ms": [
        0.2965503931045532,
        0.288972806930542,
        0.3311615943908691,
        0.34303998947143555,
        0.32727038860321045,
        0.26603519916534424,
        0.3147775888442993,
        0.29675519466400146,
        0.35287039279937743,
        0.27381761074066163,
        0.27463679313659667,
        0.2707456111907959,
        0.2699264049530029,
        0.26296319961547854,
        0.2902015924453735,
        0.2664448022842407,
        0.2973695993423462,
        0.3047424077987671,
        0.3141632080078125,
        0.2871295928955078,
        0.3057663917541504,
        0.2553855895996094,
        0.26746881008148193,
        0.2815999984741211,
        0.2766848087310791,
        0.2791424036026001,
        0.28282880783081055,
        0.29368319511413576,
        0.2713599920272827,
        0.2789376020431519
      ],
      "scope": "vision_operator",
      "stage": "V1_marker_token_nvidia",
      "status": "measured",
      "validation": {
        "atol": 0.002,
        "output_sha256": "a85dfbec60f2dcb1160379db11b614bb629fd940715a17008fae1c3e75a6c615",
        "rtol": 0.02,
        "status": "passed"
      }
    },
    {
      "calls_per_sample": 5,
      "comparison_baseline": "V2_swiglu_torch",
      "description": "Uni2 packed SwiGLU through the public Torch reference API.",
      "dispatch": {
        "flagos_scope": null,
        "public": {
          "operator": "swiglu",
          "precision": "fp16",
          "reason": "explicit reference backend",
          "requested": "torch",
          "selected": "torch"
        }
      },
      "gain_kind": "reference",
      "mean_ms": 0.06025216042995453,
      "p20_ms": 0.056279039382934576,
      "p50_ms": 0.05980160236358643,
      "p80_ms": 0.06361088037490845,
      "p95_ms": 0.06623231977224349,
      "peak_allocated_mib": 25.46923828125,
      "peak_delta_allocated_mib": 4.125,
      "peak_delta_reserved_mib": 0.0,
      "peak_reserved_mib": 82.0,
      "sample_count": 30,
      "samples_ms": [
        0.06922240257263183,
        0.06062080264091492,
        0.05980160236358643,
        0.06696959733963012,
        0.062463998794555664,
        0.0579584002494812,
        0.06533120274543762,
        0.06225919723510742,
        0.056729602813720706,
        0.06533120274543762,
        0.05611519813537598,
        0.05631999969482422,
        0.06492159962654113,
        0.0591871976852417,
        0.05570560097694397,
        0.06410239934921265,
        0.05980160236358643,
        0.05980160236358643,
        0.06348800063133239,
        0.05591040253639221,
        0.056524801254272464,
        0.06307839751243591,
        0.05836799740791321,
        0.05836799740791321,
        0.062054401636123656,
        0.05591040253639221,
        0.05570560097694397,
        0.062054401636123656,
        0.0579584002494812,
        0.05550079941749573
      ],
      "scope": "vision_operator",
      "stage": "V2_swiglu_torch",
      "status": "measured",
      "validation": {
        "atol": 0.002,
        "output_sha256": "abcfe8860f22f7f2ae441843b69be5f201ad272dd9210f33bb96b07fa0de8afa",
        "rtol": 0.02,
        "status": "passed"
      }
    },
    {
      "calls_per_sample": 5,
      "comparison_baseline": "V2_swiglu_torch",
      "description": "Existing FlagGems SwiGLU candidate under a real scoped FlagOS inference context.",
      "dispatch": {
        "flagos_scope": {
          "active": true,
          "mode": "optimized",
          "reason": "scoped FlagGems ATen dispatch",
          "registered_aten_ops": [
            "addmm",
            "baddbmm",
            "bmm",
            "softmax",
            "softmax_out"
          ],
          "vendor_hint": "nvidia"
        },
        "public": {
          "operator": "swiglu",
          "precision": "fp16",
          "reason": "explicit NVIDIA backend",
          "requested": "nvidia",
          "selected": "nvidia"
        }
      },
      "gain_kind": "existing_flaggems_kernel",
      "mean_ms": 0.14032896002133688,
      "p20_ms": 0.13238271713256836,
      "p50_ms": 0.13905919790267945,
      "p80_ms": 0.14610431909561158,
      "p95_ms": 0.1548595207929611,
      "peak_allocated_mib": 23.40673828125,
      "peak_delta_allocated_mib": 2.0625,
      "peak_delta_reserved_mib": 0.0,
      "peak_reserved_mib": 82.0,
      "sample_count": 30,
      "samples_ms": [
        0.14561280012130737,
        0.13967360258102418,
        0.14807039499282837,
        0.14376959800720215,
        0.13025280237197875,
        0.13537280559539794,
        0.13864959478378297,
        0.16977920532226562,
        0.1597440004348755,
        0.13905919790267945,
        0.14254080057144164,
        0.14520319700241088,
        0.1368064045906067,
        0.13578239679336548,
        0.1439743995666504,
        0.14295040369033812,
        0.13434879779815673,
        0.13189120292663575,
        0.14888960123062134,
        0.1486847996711731,
        0.132915198802948,
        0.13905919790267945,
        0.14274560213088988,
        0.13189120292663575,
        0.14888960123062134,
        0.13086719512939454,
        0.1325055956840515,
        0.1265663981437683,
        0.12984319925308227,
        0.13352960348129272
      ],
      "scope": "vision_operator",
      "stage": "V3_swiglu_nvidia",
      "status": "measured",
      "validation": {
        "atol": 0.002,
        "output_sha256": "103874239c68da8a75a928e91dcb77a9edff97921129c36a95a271dfb8469017",
        "rtol": 0.02,
        "status": "passed"
      }
    },
    {
      "calls_per_sample": 5,
      "comparison_baseline": "V4_residual_layer_norm_torch",
      "description": "Uni2 residual-LayerNorm reference boundary.",
      "dispatch": {
        "flagos_scope": null,
        "public": {
          "operator": "residual_layer_norm",
          "precision": "fp16",
          "reason": "explicit reference backend",
          "requested": "torch",
          "selected": "torch"
        }
      },
      "gain_kind": "reference",
      "mean_ms": 0.057064106464385984,
      "p20_ms": 0.05484544038772583,
      "p50_ms": 0.056524801254272464,
      "p80_ms": 0.05836799740791321,
      "p95_ms": 0.0634163200855255,
      "peak_allocated_mib": 19.86474609375,
      "peak_delta_allocated_mib": 0.3896484375,
      "peak_delta_reserved_mib": 0.0,
      "peak_reserved_mib": 84.0,
      "sample_count": 30,
      "samples_ms": [
        0.06369280219078063,
        0.056934398412704465,
        0.057548797130584715,
        0.05775359869003296,
        0.0591871976852417,
        0.05509120225906372,
        0.05591040253639221,
        0.054681599140167236,
        0.05529599785804749,
        0.0579584002494812,
        0.05570560097694397,
        0.054681599140167236,
        0.05816320180892944,
        0.054681599140167236,
        0.05509120225906372,
        0.05734400153160095,
        0.054476797580718994,
        0.054681599140167236,
        0.05631999969482422,
        0.05570560097694397,
        0.05836799740791321,
        0.056729602813720706,
        0.056934398412704465,
        0.06471679806709289,
        0.06307839751243591,
        0.05877760052680969,
        0.05427200198173523,
        0.05488640069961548,
        0.05836799740791321,
        0.05488640069961548
      ],
      "scope": "vision_operator",
      "stage": "V4_residual_layer_norm_torch",
      "status": "measured",
      "validation": {
        "atol": 0.002,
        "output_sha256": "1d805c89d538028c77ba6ba62cb0feb3894c632caa9016493cb17a9ae6d134d9",
        "rtol": 0.02,
        "status": "passed"
      }
    },
    {
      "comparison_baseline": "V4_residual_layer_norm_torch",
      "description": "No NVIDIA residual-LayerNorm native candidate is timed in R2.",
      "gain_kind": "rejected",
      "reason": "The existing FlagGems skip-LayerNorm candidate lost on the V100 R1 shape and has no verified backward contract.",
      "samples_ms": [],
      "scope": "vision_operator",
      "stage": "V5_residual_layer_norm_rejected",
      "status": "rejected"
    }
  ],
  "run_id": "vision-r2-fp16-03",
  "runtime": {
    "capability": [
      7,
      0
    ],
    "cuda": "12.4",
    "device": "Tesla V100-SXM2-16GB",
    "environment": {
      "CUBLAS_WORKSPACE_CONFIG": null,
      "CUDA_VISIBLE_DEVICES": "0",
      "PYTORCH_CUDA_ALLOC_CONF": null,
      "TORCHINDUCTOR_CACHE_DIR": null,
      "TORCHINDUCTOR_COMPILE_THREADS": "1"
    },
    "nvidia_smi": [
      {
        "driver": "550.144.03",
        "index": "0",
        "memory_total_mib": "16384",
        "name": "Tesla V100-SXM2-16GB"
      },
      {
        "driver": "550.144.03",
        "index": "1",
        "memory_total_mib": "16384",
        "name": "Tesla V100-SXM2-16GB"
      },
      {
        "driver": "550.144.03",
        "index": "2",
        "memory_total_mib": "11264",
        "name": "NVIDIA GeForce GTX 1080 Ti"
      }
    ],
    "pip_freeze": [
      "-e git+https://github.com/priestess-bot/FlagGems.git@a9a96bbcc3d685482c656343e0759b7b4a5c38bc#egg=flag_gems",
      "GitPython==3.1.50",
      "Jinja2==3.1.6",
      "MarkupSafe==3.0.3",
      "PyYAML==6.0.3",
      "Pygments==2.20.0",
      "SQLAlchemy==2.0.48",
      "absl-py==2.4.0",
      "accelerate==1.13.0",
      "aiohappyeyeballs==2.6.2",
      "aiohttp==3.13.5",
      "aiosignal==1.4.0",
      "annotated-doc==0.0.4",
      "annotated-types==0.7.0",
      "anyio==4.13.0",
      "argon2-cffi-bindings==25.1.0",
      "argon2-cffi==25.1.0",
      "attrs==26.1.0",
      "backoff==2.2.1",
      "catboost==1.2.10",
      "certifi==2026.5.20",
      "cffi==2.0.0",
      "charset-normalizer==3.4.7",
      "chronos-forecasting==2.2.2",
      "click==8.4.1",
      "contourpy==1.3.3",
      "cramjam==2.11.0",
      "cycler==0.12.1",
      "datasets==4.8.5",
      "dill==0.4.1",
      "distro==1.9.0",
      "einops==0.8.2",
      "einshape==1.0",
      "eval_type_backport==0.3.1",
      "evaluate==0.4.6",
      "faiss-cpu==1.14.2",
      "fastparquet==2026.5.0",
      "filelock==3.29.0",
      "flatbuffers==25.12.19",
      "fonttools==4.63.0",
      "frozenlist==1.8.0",
      "fsspec==2026.2.0",
      "gitdb==4.0.12",
      "gluonts==0.16.2",
      "grad-cam==1.5.5",
      "graphviz==0.21",
      "greenlet==3.5.5",
      "h11==0.16.0",
      "hf-xet==1.5.1",
      "httpcore==1.0.9",
      "httpx==0.28.1",
      "huggingface_hub==0.36.2",
      "idna==3.17",
      "iniconfig==2.3.0",
      "inquirerpy==0.3.4",
      "insightface==1.0.1",
      "joblib==1.5.3",
      "kiwisolver==1.5.0",
      "liac-arff==2.5.0",
      "lightgbm==4.6.0",
      "littleutils==0.2.4",
      "llvmlite==0.47.0",
      "lxml==6.1.1",
      "markdown-it-py==4.2.0",
      "matplotlib==3.10.9",
      "mdurl==0.1.2",
      "minio==7.2.20",
      "ml_dtypes==0.5.4",
      "modelscope==1.37.1",
      "mpmath==1.3.0",
      "multidict==6.7.1",
      "multiprocess==0.70.19",
      "narwhals==2.21.2",
      "networkx==3.6.1",
      "nltk==3.9.4",
      "numba==0.65.1",
      "numpy==2.1.3",
      "nvidia-cublas-cu12==12.4.5.8",
      "nvidia-cuda-cupti-cu12==12.4.127",
      "nvidia-cuda-nvrtc-cu12==12.4.127",
      "nvidia-cuda-runtime-cu12==12.4.127",
      "nvidia-cudnn-cu12==9.1.0.70",
      "nvidia-cufft-cu12==11.2.1.3",
      "nvidia-curand-cu12==10.3.5.147",
      "nvidia-cusolver-cu12==11.6.1.9",
      "nvidia-cusparse-cu12==12.3.1.170",
      "nvidia-cusparselt-cu12==0.6.2",
      "nvidia-ml-py==13.595.45",
      "nvidia-nccl-cu12==2.21.5",
      "nvidia-nvjitlink-cu12==12.4.127",
      "nvidia-nvtx-cu12==12.4.127",
      "ogb==1.3.6",
      "onnx==1.21.0",
      "onnxruntime-gpu==1.26.0",
      "onnxruntime==1.26.0",
      "opencv-python==4.13.0.92",
      "openml==0.15.1",
      "optimum-onnx==0.1.0",
      "optimum==2.1.0",
      "outdated==0.2.2",
      "packaging==26.0",
      "pandas==3.0.3",
      "patsy==1.0.2",
      "peft==0.19.1",
      "pfzy==0.3.4",
      "pillow==12.2.0",
      "pip==24.0",
      "platformdirs==4.10.0",
      "plotly==6.7.0",
      "pluggy==1.6.0",
      "posthog==7.16.2",
      "prompt_toolkit==3.0.52",
      "propcache==0.5.2",
      "protobuf==7.35.0",
      "psutil==7.2.2",
      "pyarrow==24.0.0",
      "pycparser==3.0",
      "pycryptodome==3.23.0",
      "pydantic-settings==2.14.1",
      "pydantic==2.13.4",
      "pydantic_core==2.46.4",
      "pynndescent==0.6.0",
      "pyparsing==3.3.2",
      "pytest==9.0.3",
      "python-dateutil==2.9.0.post0",
      "python-docx==1.2.0",
      "python-dotenv==1.2.2",
      "pytz==2026.2",
      "rank-bm25==0.2.2",
      "regex==2026.5.9",
      "requests==2.34.2",
      "rich==15.0.0",
      "rouge_score==0.1.2",
      "rtdl_num_embeddings==0.0.12",
      "safetensors==0.7.0",
      "scikit-image==0.26.0",
      "scikit-learn==1.8.0",
      "scipy==1.17.1",
      "seaborn==0.13.2",
      "sentence-transformers==5.5.1",
      "sentry-sdk==2.61.0",
      "setuptools==79.0.1",
      "shellingham==1.5.4",
      "six==1.17.0",
      "smmap==5.0.3",
      "spuco==2.0.3",
      "statsmodels==0.14.6",
      "sympy==1.13.1",
      "tabm==0.0.3",
      "tabpfn-common-utils==0.2.21",
      "tabpfn==8.0.3",
      "threadpoolctl==3.6.0",
      "timesfm==1.3.0",
      "timm==1.0.27",
      "tokenizers==0.22.2",
      "toolz==0.12.1",
      "torch==2.6.0+cu124",
      "torchaudio==2.6.0+cu124",
      "torchvision==0.21.0+cu124",
      "tqdm==4.68.1",
      "transformers==4.57.6",
      "triton==3.2.0",
      "ttach==0.0.3",
      "typer==0.25.1",
      "typing-inspection==0.4.2",
      "typing_extensions==4.15.0",
      "tzdata==2026.2",
      "umap-learn==0.5.12",
      "urllib3==2.7.0",
      "utilsforecast==0.2.16",
      "wandb==0.27.0",
      "wcwidth==0.7.0",
      "wheel==0.47.0",
      "wilds==2.0.0",
      "xgboost==3.2.0",
      "xmltodict==1.0.4",
      "xxhash==3.7.0",
      "yarl==1.24.2"
    ],
    "platform": "Linux-6.8.0-124-generic-x86_64-with-glibc2.35",
    "python": "3.11.15",
    "torch": "2.6.0+cu124",
    "torch_backend": {
      "allow_tf32_cudnn": false,
      "allow_tf32_matmul": false,
      "cudnn_benchmark": false,
      "float32_matmul_precision": "highest"
    }
  },
  "schema_version": 1,
  "workload": {
    "batch_size": 1,
    "embedding_dim": 384,
    "marker_vocab": 175,
    "markers": 32,
    "seed": 20260815,
    "swiglu_hidden": 4096,
    "swiglu_sequence": 264,
    "tokens_per_marker": 256
  }
}
