/home/ymm/miniconda3/envs/ai_paper_0530/lib/python3.11/site-packages/torch/library.py:349: UserWarning: Warning only once for all operators,  other operators may also be overridden.
  Overriding a previously registered kernel for the same operator and the same dispatch key
  operator: aten::baddbmm(Tensor self, Tensor batch1, Tensor batch2, *, Scalar beta=1, Scalar alpha=1) -> Tensor
    registered at /pytorch/build/aten/src/ATen/RegisterSchema.cpp:6
  dispatch key: CUDA
  previous kernel: registered at /pytorch/aten/src/ATen/autocast_mode.cpp:169
       new kernel: registered at /dev/null:135 (Triggered internally at /pytorch/aten/src/ATen/core/dispatch/OperatorEntry.cpp:154.)
  self.m.impl(
[INFO] : FlagGems Unsupported GPU arch Tesla V100-SXM2-16GB specialization
{
  "commits": {
    "flaggems": "03bf364ede763d573d5c30124d554283a209ab85",
    "stofm": "ba914b5d1b30b9dc03cfbb36a2fe968ece13fbcc"
  },
  "created_at_utc": "2026-08-15T12:38:02.446721+00:00",
  "measurement": {
    "calls_per_sample": 5,
    "compile_included": false,
    "inference_mode": true,
    "repetitions": 30,
    "tf32": false,
    "timer": "cuda_events",
    "warmup": 10
  },
  "precision": "fp32",
  "reference_hashes": {
    "marker_token_embed": "723459b50d1b426c135d2624240b63c3bddb538e7c9349e17122175f8bd449c1",
    "residual_layer_norm": "8e082b653151dfb4cb96336181f485b50d52ea7b7694325920ce42daca008738",
    "swiglu": "2f244418a89af7c9c54ccfbb728729c416fc3fbcbe5c889e6980d94bcf2156f1"
  },
  "results": [
    {
      "calls_per_sample": 5,
      "comparison_baseline": "V0s_marker_token_stock_flagos",
      "description": "Frozen FlagOS scoped ATen baseline for KRONOS marker-token assembly.",
      "dispatch": {
        "flagos_scope": {
          "active": true,
          "mode": "stock",
          "reason": "scoped FlagGems ATen dispatch",
          "registered_aten_ops": [
            "addmm",
            "baddbmm",
            "bmm",
            "softmax",
            "softmax_out"
          ],
          "vendor_hint": "nvidia"
        },
        "public": {
          "operator": "marker_token_embed",
          "precision": "fp32",
          "reason": "frozen FlagOS has no Vision composite API; reference boundary executes inside scoped ATen dispatch",
          "requested": "stock",
          "selected": "torch"
        }
      },
      "gain_kind": "stock_aten_reference",
      "mean_ms": 0.28088319857915245,
      "p20_ms": 0.2664448022842407,
      "p50_ms": 0.2800640106201172,
      "p80_ms": 0.2895052862167358,
      "p95_ms": 0.308899837732315,
      "peak_allocated_mib": 74.6083984375,
      "peak_delta_allocated_mib": 24.04736328125,
      "peak_delta_reserved_mib": 0.0,
      "peak_reserved_mib": 116.0,
      "sample_count": 30,
      "samples_ms": [
        0.32133119106292723,
        0.29859840869903564,
        0.3014656066894531,
        0.2795520067214966,
        0.2805759906768799,
        0.28446719646453855,
        0.29081599712371825,
        0.27197439670562745,
        0.2842623949050903,
        0.27729918956756594,
        0.28917760848999025,
        0.2865151882171631,
        0.28016641139984133,
        0.28139519691467285,
        0.31498239040374754,
        0.29675519466400146,
        0.26562559604644775,
        0.2869247913360596,
        0.26460158824920654,
        0.2725888013839722,
        0.26664960384368896,
        0.27013120651245115,
        0.2871295928955078,
        0.260915207862854,
        0.2799616098403931,
        0.2707456111907959,
        0.2648063898086548,
        0.25968639850616454,
        0.26562559604644775,
        0.2717695951461792
      ],
      "scope": "vision_operator",
      "stage": "V0s_marker_token_stock_flagos",
      "status": "measured",
      "validation": {
        "atol": 3e-05,
        "output_sha256": "723459b50d1b426c135d2624240b63c3bddb538e7c9349e17122175f8bd449c1",
        "rtol": 0.0003,
        "status": "passed"
      }
    },
    {
      "calls_per_sample": 5,
      "comparison_baseline": "V2s_swiglu_stock_flagos",
      "description": "Frozen FlagOS scoped ATen baseline for Uni2 packed SwiGLU.",
      "dispatch": {
        "flagos_scope": {
          "active": true,
          "mode": "stock",
          "reason": "scoped FlagGems ATen dispatch",
          "registered_aten_ops": [
            "addmm",
            "baddbmm",
            "bmm",
            "softmax",
            "softmax_out"
          ],
          "vendor_hint": "nvidia"
        },
        "public": {
          "operator": "swiglu",
          "precision": "fp32",
          "reason": "frozen FlagOS has no Vision composite API; reference boundary executes inside scoped ATen dispatch",
          "requested": "stock",
          "selected": "torch"
        }
      },
      "gain_kind": "stock_aten_reference",
      "mean_ms": 0.05362346669038137,
      "p20_ms": 0.051281918287277226,
      "p50_ms": 0.05304319858551025,
      "p80_ms": 0.05566463947296143,
      "p95_ms": 0.05815296113491058,
      "peak_allocated_mib": 50.92822265625,
      "peak_delta_allocated_mib": 8.25,
      "peak_delta_reserved_mib": 0.0,
      "peak_reserved_mib": 116.0,
      "sample_count": 30,
      "samples_ms": [
        0.058982402086257935,
        0.05488640069961548,
        0.05509120225906372,
        0.052223998308181765,
        0.056524801254272464,
        0.05713919997215271,
        0.052019202709198,
        0.052019202709198,
        0.052223998308181765,
        0.05550079941749573,
        0.05140479803085327,
        0.05058559775352478,
        0.05304319858551025,
        0.0536575973033905,
        0.05509120225906372,
        0.052019202709198,
        0.0536575973033905,
        0.05079039931297302,
        0.05631999969482422,
        0.06103039979934692,
        0.05079039931297302,
        0.05509120225906372,
        0.056729602813720706,
        0.052019202709198,
        0.05017600059509277,
        0.05058559775352478,
        0.0536575973033905,
        0.051609599590301515,
        0.05079039931297302,
        0.05304319858551025
      ],
      "scope": "vision_operator",
      "stage": "V2s_swiglu_stock_flagos",
      "status": "measured",
      "validation": {
        "atol": 3e-05,
        "output_sha256": "2f244418a89af7c9c54ccfbb728729c416fc3fbcbe5c889e6980d94bcf2156f1",
        "rtol": 0.0003,
        "status": "passed"
      }
    },
    {
      "calls_per_sample": 5,
      "comparison_baseline": "V4s_residual_layer_norm_stock_flagos",
      "description": "Frozen FlagOS scoped ATen baseline for Uni2 residual LayerNorm.",
      "dispatch": {
        "flagos_scope": {
          "active": true,
          "mode": "stock",
          "reason": "scoped FlagGems ATen dispatch",
          "registered_aten_ops": [
            "addmm",
            "baddbmm",
            "bmm",
            "softmax",
            "softmax_out"
          ],
          "vendor_hint": "nvidia"
        },
        "public": {
          "operator": "residual_layer_norm",
          "precision": "fp32",
          "reason": "frozen FlagOS has no Vision composite API; reference boundary executes inside scoped ATen dispatch",
          "requested": "stock",
          "selected": "torch"
        }
      },
      "gain_kind": "stock_aten_reference",
      "mean_ms": 0.05296810686588287,
      "p20_ms": 0.050544638633728024,
      "p50_ms": 0.05191680192947388,
      "p80_ms": 0.05455871820449829,
      "p95_ms": 0.05766143798828125,
      "peak_allocated_mib": 39.71630859375,
      "peak_delta_allocated_mib": 0.7763671875,
      "peak_delta_reserved_mib": 0.0,
      "peak_reserved_mib": 118.0,
      "sample_count": 30,
      "samples_ms": [
        0.06430720090866089,
        0.056524801254272464,
        0.05488640069961548,
        0.05713919997215271,
        0.05181440114974976,
        0.05181440114974976,
        0.05242879986763001,
        0.052019202709198,
        0.05120000243186951,
        0.05079039931297302,
        0.05775359869003296,
        0.054476797580718994,
        0.05120000243186951,
        0.0536575973033905,
        0.05058559775352478,
        0.050995200872421265,
        0.050380802154541014,
        0.053862398862838744,
        0.050380802154541014,
        0.05079039931297302,
        0.057548797130584715,
        0.05058559775352478,
        0.050380802154541014,
        0.050380802154541014,
        0.05283839702606201,
        0.050380802154541014,
        0.050380802154541014,
        0.05283839702606201,
        0.05427200198173523,
        0.05242879986763001
      ],
      "scope": "vision_operator",
      "stage": "V4s_residual_layer_norm_stock_flagos",
      "status": "measured",
      "validation": {
        "atol": 3e-05,
        "output_sha256": "8e082b653151dfb4cb96336181f485b50d52ea7b7694325920ce42daca008738",
        "rtol": 0.0003,
        "status": "passed"
      }
    }
  ],
  "role": "stock",
  "run_id": "vision-r2-stock-fp32-03",
  "runtime": {
    "capability": [
      7,
      0
    ],
    "cuda": "12.4",
    "device": "Tesla V100-SXM2-16GB",
    "environment": {
      "CUBLAS_WORKSPACE_CONFIG": null,
      "CUDA_VISIBLE_DEVICES": "0",
      "PYTORCH_CUDA_ALLOC_CONF": null,
      "TORCHINDUCTOR_CACHE_DIR": null,
      "TORCHINDUCTOR_COMPILE_THREADS": null
    },
    "nvidia_smi": [
      {
        "driver": "550.144.03",
        "index": "0",
        "memory_total_mib": "16384",
        "name": "Tesla V100-SXM2-16GB"
      },
      {
        "driver": "550.144.03",
        "index": "1",
        "memory_total_mib": "16384",
        "name": "Tesla V100-SXM2-16GB"
      },
      {
        "driver": "550.144.03",
        "index": "2",
        "memory_total_mib": "11264",
        "name": "NVIDIA GeForce GTX 1080 Ti"
      }
    ],
    "pip_freeze": [
      "GitPython==3.1.50",
      "Jinja2==3.1.6",
      "MarkupSafe==3.0.3",
      "PyYAML==6.0.3",
      "Pygments==2.20.0",
      "SQLAlchemy==2.0.48",
      "absl-py==2.4.0",
      "accelerate==1.13.0",
      "aiohappyeyeballs==2.6.2",
      "aiohttp==3.13.5",
      "aiosignal==1.4.0",
      "annotated-doc==0.0.4",
      "annotated-types==0.7.0",
      "anyio==4.13.0",
      "argon2-cffi-bindings==25.1.0",
      "argon2-cffi==25.1.0",
      "attrs==26.1.0",
      "backoff==2.2.1",
      "catboost==1.2.10",
      "certifi==2026.5.20",
      "cffi==2.0.0",
      "charset-normalizer==3.4.7",
      "chronos-forecasting==2.2.2",
      "click==8.4.1",
      "contourpy==1.3.3",
      "cramjam==2.11.0",
      "cycler==0.12.1",
      "datasets==4.8.5",
      "dill==0.4.1",
      "distro==1.9.0",
      "einops==0.8.2",
      "einshape==1.0",
      "eval_type_backport==0.3.1",
      "evaluate==0.4.6",
      "faiss-cpu==1.14.2",
      "fastparquet==2026.5.0",
      "filelock==3.29.0",
      "flag_gems==5.3.2.post1.dev14+g03bf364ed",
      "flatbuffers==25.12.19",
      "fonttools==4.63.0",
      "frozenlist==1.8.0",
      "fsspec==2026.2.0",
      "gitdb==4.0.12",
      "gluonts==0.16.2",
      "grad-cam==1.5.5",
      "graphviz==0.21",
      "greenlet==3.5.5",
      "h11==0.16.0",
      "hf-xet==1.5.1",
      "httpcore==1.0.9",
      "httpx==0.28.1",
      "huggingface_hub==0.36.2",
      "idna==3.17",
      "iniconfig==2.3.0",
      "inquirerpy==0.3.4",
      "insightface==1.0.1",
      "joblib==1.5.3",
      "kiwisolver==1.5.0",
      "liac-arff==2.5.0",
      "lightgbm==4.6.0",
      "littleutils==0.2.4",
      "llvmlite==0.47.0",
      "lxml==6.1.1",
      "markdown-it-py==4.2.0",
      "matplotlib==3.10.9",
      "mdurl==0.1.2",
      "minio==7.2.20",
      "ml_dtypes==0.5.4",
      "modelscope==1.37.1",
      "mpmath==1.3.0",
      "multidict==6.7.1",
      "multiprocess==0.70.19",
      "narwhals==2.21.2",
      "networkx==3.6.1",
      "nltk==3.9.4",
      "numba==0.65.1",
      "numpy==2.1.3",
      "nvidia-cublas-cu12==12.4.5.8",
      "nvidia-cuda-cupti-cu12==12.4.127",
      "nvidia-cuda-nvrtc-cu12==12.4.127",
      "nvidia-cuda-runtime-cu12==12.4.127",
      "nvidia-cudnn-cu12==9.1.0.70",
      "nvidia-cufft-cu12==11.2.1.3",
      "nvidia-curand-cu12==10.3.5.147",
      "nvidia-cusolver-cu12==11.6.1.9",
      "nvidia-cusparse-cu12==12.3.1.170",
      "nvidia-cusparselt-cu12==0.6.2",
      "nvidia-ml-py==13.595.45",
      "nvidia-nccl-cu12==2.21.5",
      "nvidia-nvjitlink-cu12==12.4.127",
      "nvidia-nvtx-cu12==12.4.127",
      "ogb==1.3.6",
      "onnx==1.21.0",
      "onnxruntime-gpu==1.26.0",
      "onnxruntime==1.26.0",
      "opencv-python==4.13.0.92",
      "openml==0.15.1",
      "optimum-onnx==0.1.0",
      "optimum==2.1.0",
      "outdated==0.2.2",
      "packaging==26.0",
      "pandas==3.0.3",
      "patsy==1.0.2",
      "peft==0.19.1",
      "pfzy==0.3.4",
      "pillow==12.2.0",
      "pip==24.0",
      "platformdirs==4.10.0",
      "plotly==6.7.0",
      "pluggy==1.6.0",
      "posthog==7.16.2",
      "prompt_toolkit==3.0.52",
      "propcache==0.5.2",
      "protobuf==7.35.0",
      "psutil==7.2.2",
      "pyarrow==24.0.0",
      "pycparser==3.0",
      "pycryptodome==3.23.0",
      "pydantic-settings==2.14.1",
      "pydantic==2.13.4",
      "pydantic_core==2.46.4",
      "pynndescent==0.6.0",
      "pyparsing==3.3.2",
      "pytest==9.0.3",
      "python-dateutil==2.9.0.post0",
      "python-docx==1.2.0",
      "python-dotenv==1.2.2",
      "pytz==2026.2",
      "rank-bm25==0.2.2",
      "regex==2026.5.9",
      "requests==2.34.2",
      "rich==15.0.0",
      "rouge_score==0.1.2",
      "rtdl_num_embeddings==0.0.12",
      "safetensors==0.7.0",
      "scikit-image==0.26.0",
      "scikit-learn==1.8.0",
      "scipy==1.17.1",
      "seaborn==0.13.2",
      "sentence-transformers==5.5.1",
      "sentry-sdk==2.61.0",
      "setuptools==79.0.1",
      "shellingham==1.5.4",
      "six==1.17.0",
      "smmap==5.0.3",
      "spuco==2.0.3",
      "statsmodels==0.14.6",
      "sympy==1.13.1",
      "tabm==0.0.3",
      "tabpfn-common-utils==0.2.21",
      "tabpfn==8.0.3",
      "threadpoolctl==3.6.0",
      "timesfm==1.3.0",
      "timm==1.0.27",
      "tokenizers==0.22.2",
      "toolz==0.12.1",
      "torch==2.6.0+cu124",
      "torchaudio==2.6.0+cu124",
      "torchvision==0.21.0+cu124",
      "tqdm==4.68.1",
      "transformers==4.57.6",
      "triton==3.2.0",
      "ttach==0.0.3",
      "typer==0.25.1",
      "typing-inspection==0.4.2",
      "typing_extensions==4.15.0",
      "tzdata==2026.2",
      "umap-learn==0.5.12",
      "urllib3==2.7.0",
      "utilsforecast==0.2.16",
      "wandb==0.27.0",
      "wcwidth==0.7.0",
      "wheel==0.47.0",
      "wilds==2.0.0",
      "xgboost==3.2.0",
      "xmltodict==1.0.4",
      "xxhash==3.7.0",
      "yarl==1.24.2"
    ],
    "platform": "Linux-6.8.0-124-generic-x86_64-with-glibc2.35",
    "python": "3.11.15",
    "torch": "2.6.0+cu124",
    "torch_backend": {
      "allow_tf32_cudnn": false,
      "allow_tf32_matmul": false,
      "cudnn_benchmark": false,
      "float32_matmul_precision": "highest"
    }
  },
  "schema_version": 2,
  "workload": {
    "batch_size": 1,
    "embedding_dim": 384,
    "marker_vocab": 175,
    "markers": 32,
    "seed": 20260815,
    "swiglu_hidden": 4096,
    "swiglu_sequence": 264,
    "tokens_per_marker": 256
  }
}
