/home/ymm/miniconda3/envs/ai_paper_0530/lib/python3.11/site-packages/torch/library.py:349: UserWarning: Warning only once for all operators,  other operators may also be overridden.
  Overriding a previously registered kernel for the same operator and the same dispatch key
  operator: aten::baddbmm(Tensor self, Tensor batch1, Tensor batch2, *, Scalar beta=1, Scalar alpha=1) -> Tensor
    registered at /pytorch/build/aten/src/ATen/RegisterSchema.cpp:6
  dispatch key: CUDA
  previous kernel: registered at /pytorch/aten/src/ATen/autocast_mode.cpp:169
       new kernel: registered at /dev/null:136 (Triggered internally at /pytorch/aten/src/ATen/core/dispatch/OperatorEntry.cpp:154.)
  self.m.impl(
[INFO] : FlagGems Unsupported GPU arch Tesla V100-SXM2-16GB specialization
{
  "benchmark_suite": "registered_ops",
  "commits": {
    "flaggems": "03bf364ede763d573d5c30124d554283a209ab85",
    "stofm": "fc37f17c25f1c925da451134c979a45d2dbec6bb"
  },
  "created_at_utc": "2026-08-15T16:59:48.748191+00:00",
  "flaggems_source": {
    "imported_package": "/home/ymm/ym/xl/20260815-first-operator/FlagGems-stock-r2/src/flag_gems/__init__.py",
    "requested_root": "/home/ymm/ym/xl/20260815-first-operator/FlagGems-stock-r2",
    "source_path": "/home/ymm/ym/xl/20260815-first-operator/FlagGems-stock-r2/src"
  },
  "measurement": {
    "calls_per_sample": 5,
    "compile_included": false,
    "inference_mode": true,
    "repetitions": 30,
    "tf32": false,
    "timer": "cuda_events",
    "warmup": 10
  },
  "precision": "fp32",
  "reference": {
    "atol": 3e-05,
    "last_hidden_state_sha256": "6816c64679fdc1af5fb5fe502e53428f0aca070acba8d604c3cc14b247fbe7fc",
    "rtol": 0.0003,
    "stage": "pure_pytorch_reference"
  },
  "results": [
    {
      "calls_per_sample": 5,
      "comparison_baseline": "pure_pytorch_reference",
      "custom_operator_trace": [],
      "description": "Canonical pure PyTorch inference without a FlagOS scope.",
      "dispatch": {
        "gaussian": null,
        "pair_attention_layer0": null,
        "runtime": {
          "active": false,
          "mode": "torch",
          "reason": "Torch baseline mode",
          "registered_aten_ops": [],
          "vendor_hint": null
        }
      },
      "gain_kind": "reference",
      "mean_ms": 23.128678334554035,
      "measurement_scope": "none",
      "p20_ms": 23.107133483886717,
      "p50_ms": 23.11137237548828,
      "p80_ms": 23.116184997558594,
      "p95_ms": 23.125637435913088,
      "peak_allocated_mib": 1662.318359375,
      "peak_delta_allocated_mib": 1618.09326171875,
      "peak_delta_reserved_mib": 0.0,
      "peak_reserved_mib": 1682.0,
      "sample_count": 30,
      "samples_ms": [
        23.616102600097655,
        23.107379150390624,
        23.114956665039063,
        23.110450744628906,
        23.1088134765625,
        23.111270141601562,
        23.114547729492188,
        23.10942687988281,
        23.119667053222656,
        23.103692626953126,
        23.11331787109375,
        23.12683563232422,
        23.111474609375,
        23.116184997558594,
        23.116184997558594,
        23.10963134765625,
        23.11004180908203,
        23.120895385742188,
        23.104307556152342,
        23.102873229980467,
        23.112908935546876,
        23.112089538574217,
        23.105740356445313,
        23.106150817871093,
        23.114547729492188,
        23.102464294433595,
        23.115367126464843,
        23.10840301513672,
        23.110450744628906,
        23.124172973632813
      ],
      "scope": "end_to_end",
      "stage": "pure_pytorch_reference",
      "status": "measured",
      "validation": {
        "atol": 3e-05,
        "last_hidden_state_sha256": "6816c64679fdc1af5fb5fe502e53428f0aca070acba8d604c3cc14b247fbe7fc",
        "rtol": 0.0003,
        "status": "passed"
      }
    },
    {
      "calls_per_sample": 5,
      "comparison_baseline": "pure_pytorch_reference",
      "custom_operator_trace": [],
      "description": "Fixed-version unoptimized FlagOS with an ATen scope per call.",
      "dispatch": {
        "gaussian": null,
        "pair_attention_layer0": null,
        "runtime": {
          "active": true,
          "mode": "stock",
          "reason": "scoped FlagGems ATen dispatch",
          "registered_aten_ops": [
            "addmm",
            "baddbmm",
            "bmm",
            "softmax",
            "softmax_out"
          ],
          "vendor_hint": "nvidia"
        }
      },
      "gain_kind": "flaggems_lifecycle",
      "mean_ms": 21.772076365152994,
      "measurement_scope": "per_call",
      "p20_ms": 21.74636016845703,
      "p50_ms": 21.756620788574217,
      "p80_ms": 21.767823486328123,
      "p95_ms": 21.79949562072754,
      "peak_allocated_mib": 1662.318359375,
      "peak_delta_allocated_mib": 1618.09326171875,
      "peak_delta_reserved_mib": 0.0,
      "peak_reserved_mib": 1682.0,
      "sample_count": 30,
      "samples_ms": [
        22.155877685546876,
        21.785804748535156,
        21.767987060546876,
        21.75672302246094,
        21.748121643066405,
        21.746482849121094,
        21.761843872070312,
        21.758770751953126,
        21.755699157714844,
        21.795429992675782,
        21.745869445800782,
        21.764505004882814,
        21.7565185546875,
        21.752627563476562,
        21.767782592773436,
        21.745458984375,
        21.754266357421876,
        21.753651428222657,
        21.74730224609375,
        21.798707580566408,
        21.746893310546874,
        21.761637878417968,
        21.764915466308594,
        21.737266540527344,
        21.800140380859375,
        21.73112335205078,
        21.736653137207032,
        21.73870086669922,
        21.762457275390624,
        21.763072204589843
      ],
      "scope": "end_to_end",
      "stage": "unoptimized_flagos_lifecycle",
      "status": "measured",
      "validation": {
        "atol": 3e-05,
        "last_hidden_state_sha256": "84059258dfe967d432ac7f254bb1d4d9f2cd64b983f993690ceb6fed7693ee1e",
        "rtol": 0.0003,
        "status": "passed"
      }
    },
    {
      "calls_per_sample": 5,
      "comparison_baseline": "pure_pytorch_reference",
      "custom_operator_trace": [],
      "description": "Fixed-version unoptimized FlagOS with its ATen scope held open.",
      "dispatch": {
        "gaussian": null,
        "outer_scope": {
          "active": true,
          "mode": "stock",
          "reason": "scoped FlagGems ATen dispatch",
          "registered_aten_ops": [
            "addmm",
            "baddbmm",
            "bmm",
            "softmax",
            "softmax_out"
          ],
          "vendor_hint": "nvidia"
        },
        "pair_attention_layer0": null,
        "runtime": {
          "active": true,
          "mode": "stock",
          "reason": "scoped FlagGems ATen dispatch",
          "registered_aten_ops": [
            "addmm",
            "baddbmm",
            "bmm",
            "softmax",
            "softmax_out"
          ],
          "vendor_hint": "nvidia"
        }
      },
      "gain_kind": "stock_aten",
      "mean_ms": 21.698778330485027,
      "measurement_scope": "steady",
      "p20_ms": 21.689343872070314,
      "p50_ms": 21.69589767456055,
      "p80_ms": 21.702943115234376,
      "p95_ms": 21.710724945068357,
      "peak_allocated_mib": 1662.318359375,
      "peak_delta_allocated_mib": 1618.09326171875,
      "peak_delta_reserved_mib": 0.0,
      "peak_reserved_mib": 1682.0,
      "sample_count": 30,
      "samples_ms": [
        21.701426696777343,
        21.69159698486328,
        21.681356811523436,
        21.692825317382812,
        21.70040283203125,
        21.696307373046874,
        21.709823608398438,
        21.781094360351563,
        21.692620849609376,
        21.684632873535158,
        21.684632873535158,
        21.704908752441405,
        21.68995819091797,
        21.6922119140625,
        21.686886596679688,
        21.694464111328124,
        21.702656555175782,
        21.694873046875,
        21.683404541015626,
        21.707980346679687,
        21.702450561523438,
        21.6848388671875,
        21.694873046875,
        21.71146240234375,
        21.702450561523438,
        21.696922302246094,
        21.70408935546875,
        21.696511840820314,
        21.700198364257812,
        21.69548797607422
      ],
      "scope": "end_to_end",
      "stage": "unoptimized_flagos_steady",
      "status": "measured",
      "validation": {
        "atol": 3e-05,
        "last_hidden_state_sha256": "84059258dfe967d432ac7f254bb1d4d9f2cd64b983f993690ceb6fed7693ee1e",
        "rtol": 0.0003,
        "status": "passed"
      }
    }
  ],
  "role": "stock",
  "run_id": "stofm-registered_ops-fp32-stock-01",
  "runtime": {
    "capability": [
      7,
      0
    ],
    "cuda": "12.4",
    "device": "Tesla V100-SXM2-16GB",
    "environment": {
      "CUBLAS_WORKSPACE_CONFIG": null,
      "CUDA_VISIBLE_DEVICES": "0",
      "PYTORCH_CUDA_ALLOC_CONF": null,
      "TORCHINDUCTOR_CACHE_DIR": null,
      "TORCHINDUCTOR_COMPILE_THREADS": null
    },
    "nvidia_smi": [
      {
        "driver": "550.144.03",
        "index": "0",
        "memory_total_mib": "16384",
        "name": "Tesla V100-SXM2-16GB"
      },
      {
        "driver": "550.144.03",
        "index": "1",
        "memory_total_mib": "16384",
        "name": "Tesla V100-SXM2-16GB"
      },
      {
        "driver": "550.144.03",
        "index": "2",
        "memory_total_mib": "11264",
        "name": "NVIDIA GeForce GTX 1080 Ti"
      }
    ],
    "pip_freeze": [
      "-e git+https://github.com/priestess-bot/FlagGems.git@03bf364ede763d573d5c30124d554283a209ab85#egg=flag_gems&subdirectory=../../../FlagGems-stock-r2",
      "GitPython==3.1.50",
      "Jinja2==3.1.6",
      "MarkupSafe==3.0.3",
      "PyYAML==6.0.3",
      "Pygments==2.20.0",
      "SQLAlchemy==2.0.48",
      "absl-py==2.4.0",
      "accelerate==1.13.0",
      "aiohappyeyeballs==2.6.2",
      "aiohttp==3.13.5",
      "aiosignal==1.4.0",
      "annotated-doc==0.0.4",
      "annotated-types==0.7.0",
      "anyio==4.13.0",
      "argon2-cffi-bindings==25.1.0",
      "argon2-cffi==25.1.0",
      "attrs==26.1.0",
      "backoff==2.2.1",
      "catboost==1.2.10",
      "certifi==2026.5.20",
      "cffi==2.0.0",
      "charset-normalizer==3.4.7",
      "chronos-forecasting==2.2.2",
      "click==8.4.1",
      "contourpy==1.3.3",
      "cramjam==2.11.0",
      "cycler==0.12.1",
      "datasets==4.8.5",
      "dill==0.4.1",
      "distro==1.9.0",
      "einops==0.8.2",
      "einshape==1.0",
      "eval_type_backport==0.3.1",
      "evaluate==0.4.6",
      "faiss-cpu==1.14.2",
      "fastparquet==2026.5.0",
      "filelock==3.29.0",
      "flatbuffers==25.12.19",
      "fonttools==4.63.0",
      "frozenlist==1.8.0",
      "fsspec==2026.2.0",
      "gitdb==4.0.12",
      "gluonts==0.16.2",
      "grad-cam==1.5.5",
      "graphviz==0.21",
      "greenlet==3.5.5",
      "h11==0.16.0",
      "hf-xet==1.5.1",
      "httpcore==1.0.9",
      "httpx==0.28.1",
      "huggingface_hub==0.36.2",
      "idna==3.17",
      "iniconfig==2.3.0",
      "inquirerpy==0.3.4",
      "insightface==1.0.1",
      "joblib==1.5.3",
      "kiwisolver==1.5.0",
      "liac-arff==2.5.0",
      "lightgbm==4.6.0",
      "littleutils==0.2.4",
      "llvmlite==0.47.0",
      "lxml==6.1.1",
      "markdown-it-py==4.2.0",
      "matplotlib==3.10.9",
      "mdurl==0.1.2",
      "minio==7.2.20",
      "ml_dtypes==0.5.4",
      "modelscope==1.37.1",
      "mpmath==1.3.0",
      "multidict==6.7.1",
      "multiprocess==0.70.19",
      "narwhals==2.21.2",
      "networkx==3.6.1",
      "nltk==3.9.4",
      "numba==0.65.1",
      "numpy==2.1.3",
      "nvidia-cublas-cu12==12.4.5.8",
      "nvidia-cuda-cupti-cu12==12.4.127",
      "nvidia-cuda-nvrtc-cu12==12.4.127",
      "nvidia-cuda-runtime-cu12==12.4.127",
      "nvidia-cudnn-cu12==9.1.0.70",
      "nvidia-cufft-cu12==11.2.1.3",
      "nvidia-curand-cu12==10.3.5.147",
      "nvidia-cusolver-cu12==11.6.1.9",
      "nvidia-cusparse-cu12==12.3.1.170",
      "nvidia-cusparselt-cu12==0.6.2",
      "nvidia-ml-py==13.595.45",
      "nvidia-nccl-cu12==2.21.5",
      "nvidia-nvjitlink-cu12==12.4.127",
      "nvidia-nvtx-cu12==12.4.127",
      "ogb==1.3.6",
      "onnx==1.21.0",
      "onnxruntime-gpu==1.26.0",
      "onnxruntime==1.26.0",
      "opencv-python==4.13.0.92",
      "openml==0.15.1",
      "optimum-onnx==0.1.0",
      "optimum==2.1.0",
      "outdated==0.2.2",
      "packaging==26.0",
      "pandas==3.0.3",
      "patsy==1.0.2",
      "peft==0.19.1",
      "pfzy==0.3.4",
      "pillow==12.2.0",
      "pip==24.0",
      "platformdirs==4.10.0",
      "plotly==6.7.0",
      "pluggy==1.6.0",
      "posthog==7.16.2",
      "prompt_toolkit==3.0.52",
      "propcache==0.5.2",
      "protobuf==7.35.0",
      "psutil==7.2.2",
      "pyarrow==24.0.0",
      "pycparser==3.0",
      "pycryptodome==3.23.0",
      "pydantic-settings==2.14.1",
      "pydantic==2.13.4",
      "pydantic_core==2.46.4",
      "pynndescent==0.6.0",
      "pyparsing==3.3.2",
      "pytest==9.0.3",
      "python-dateutil==2.9.0.post0",
      "python-docx==1.2.0",
      "python-dotenv==1.2.2",
      "pytz==2026.2",
      "rank-bm25==0.2.2",
      "regex==2026.5.9",
      "requests==2.34.2",
      "rich==15.0.0",
      "rouge_score==0.1.2",
      "rtdl_num_embeddings==0.0.12",
      "safetensors==0.7.0",
      "scikit-image==0.26.0",
      "scikit-learn==1.8.0",
      "scipy==1.17.1",
      "seaborn==0.13.2",
      "sentence-transformers==5.5.1",
      "sentry-sdk==2.61.0",
      "setuptools==79.0.1",
      "shellingham==1.5.4",
      "six==1.17.0",
      "smmap==5.0.3",
      "spuco==2.0.3",
      "statsmodels==0.14.6",
      "sympy==1.13.1",
      "tabm==0.0.3",
      "tabpfn-common-utils==0.2.21",
      "tabpfn==8.0.3",
      "threadpoolctl==3.6.0",
      "timesfm==1.3.0",
      "timm==1.0.27",
      "tokenizers==0.22.2",
      "toolz==0.12.1",
      "torch==2.6.0+cu124",
      "torchaudio==2.6.0+cu124",
      "torchvision==0.21.0+cu124",
      "tqdm==4.68.1",
      "transformers==4.57.6",
      "triton==3.2.0",
      "ttach==0.0.3",
      "typer==0.25.1",
      "typing-inspection==0.4.2",
      "typing_extensions==4.15.0",
      "tzdata==2026.2",
      "umap-learn==0.5.12",
      "urllib3==2.7.0",
      "utilsforecast==0.2.16",
      "wandb==0.27.0",
      "wcwidth==0.7.0",
      "wheel==0.47.0",
      "wilds==2.0.0",
      "xgboost==3.2.0",
      "xmltodict==1.0.4",
      "xxhash==3.7.0",
      "yarl==1.24.2"
    ],
    "platform": "Linux-6.8.0-124-generic-x86_64-with-glibc2.35",
    "python": "3.11.15",
    "torch": "2.6.0+cu124",
    "torch_backend": {
      "allow_tf32_cudnn": true,
      "allow_tf32_matmul": false,
      "cudnn_benchmark": false,
      "float32_matmul_precision": "highest"
    }
  },
  "schema_version": 3,
  "workload": {
    "batch_size": 1,
    "embedding_dim": 256,
    "ffn_embedding_dim": 256,
    "gaussian_hidden_dim": 128,
    "heads": 8,
    "input_dim": 256,
    "layers": 4,
    "nodes": 1050,
    "return_pair_rep": false,
    "seed": 20260815
  }
}
