/home/ymm/miniconda3/envs/ai_paper_0530/lib/python3.11/site-packages/torch/library.py:349: UserWarning: Warning only once for all operators,  other operators may also be overridden.
  Overriding a previously registered kernel for the same operator and the same dispatch key
  operator: aten::bmm(Tensor self, Tensor mat2) -> Tensor
    registered at /pytorch/build/aten/src/ATen/RegisterSchema.cpp:6
  dispatch key: CUDA
  previous kernel: registered at /pytorch/aten/src/ATen/LegacyBatchingRegistrations.cpp:1079
       new kernel: registered at /dev/null:135 (Triggered internally at /pytorch/aten/src/ATen/core/dispatch/OperatorEntry.cpp:154.)
  self.m.impl(
[INFO] : FlagGems Unsupported GPU arch Tesla V100-SXM2-16GB specialization
{
  "commits": {
    "flaggems": "a9a96bbcc3d685482c656343e0759b7b4a5c38bc",
    "stofm": "e01b0a9d8348101815fba63224910a25830c29a9"
  },
  "created_at_utc": "2026-08-15T10:37:14.585787+00:00",
  "measurement": {
    "calls_per_sample": 5,
    "compile_included": false,
    "inference_mode": true,
    "repetitions": 30,
    "tf32": false,
    "timer": "cuda_events",
    "warmup": 10
  },
  "precision": "fp16",
  "reference": {
    "atol": 0.003,
    "last_hidden_state_sha256": "a2cfaf2864fd99869b1496997b2ef73b517996de83341c23dc6e0f8ac851fa7d",
    "rtol": 0.03,
    "stage": "P1_canonical_torch"
  },
  "results": [
    {
      "calls_per_sample": 5,
      "comparison_baseline": "F0_stock_steady",
      "description": "FlagGems ATen plus the explicit SToFM Gaussian compiler candidate.",
      "dispatch": {
        "gaussian": {
          "operator": "gaussian_pair_bias",
          "precision": "fp16",
          "reason": "explicit CUDA compiler backend",
          "requested": "inductor",
          "selected": "inductor"
        },
        "outer_scope": {
          "active": true,
          "mode": "optimized",
          "reason": "scoped FlagGems ATen dispatch",
          "registered_aten_ops": [
            "addmm",
            "baddbmm",
            "bmm",
            "softmax",
            "softmax_out"
          ],
          "vendor_hint": "nvidia"
        },
        "pair_attention_layer0": null,
        "runtime": {
          "active": true,
          "mode": "optimized",
          "reason": "scoped FlagGems ATen dispatch",
          "registered_aten_ops": [
            "addmm",
            "baddbmm",
            "bmm",
            "softmax",
            "softmax_out"
          ],
          "vendor_hint": "nvidia"
        }
      },
      "gain_kind": "compiler_routing",
      "mean_ms": 8.37143892923991,
      "measurement_scope": "steady",
      "p20_ms": 8.06334442138672,
      "p50_ms": 8.181248092651366,
      "p80_ms": 8.633589935302735,
      "p95_ms": 9.101496391296386,
      "peak_allocated_mib": 97.10888671875,
      "peak_delta_allocated_mib": 79.294921875,
      "peak_delta_reserved_mib": 0.0,
      "peak_reserved_mib": 1478.0,
      "sample_count": 30,
      "samples_ms": [
        8.631501007080079,
        8.494489288330078,
        8.523366546630859,
        9.020620727539063,
        8.06461410522461,
        8.052735900878906,
        8.058265686035156,
        8.081613159179687,
        8.020787048339844,
        8.035533142089843,
        8.069529724121093,
        8.076697540283202,
        8.02344970703125,
        8.054169464111329,
        8.6255615234375,
        8.845107269287109,
        9.497395324707032,
        8.64194564819336,
        8.406835174560547,
        8.431820678710938,
        8.75335693359375,
        9.167667388916016,
        8.518246459960938,
        8.156364440917969,
        8.067481231689452,
        8.080793762207032,
        8.113356781005859,
        8.205926513671875,
        8.267366027832031,
        8.156569671630859
      ],
      "scope": "end_to_end",
      "stage": "C1_gaussian_compiler",
      "status": "measured",
      "validation": {
        "atol": 0.003,
        "last_hidden_state_sha256": "87fe066c198fbea52a23cf00f442a3e4eaae30b27850d3d0f41f2e9cc143d2a4",
        "rtol": 0.03,
        "status": "passed"
      }
    },
    {
      "calls_per_sample": 5,
      "comparison_baseline": "F0_stock_steady",
      "description": "FlagGems ATen plus the native SToFM pair-score epilogue candidate.",
      "dispatch": {
        "gaussian": null,
        "outer_scope": {
          "active": true,
          "mode": "optimized",
          "reason": "scoped FlagGems ATen dispatch",
          "registered_aten_ops": [
            "addmm",
            "baddbmm",
            "bmm",
            "softmax",
            "softmax_out"
          ],
          "vendor_hint": "nvidia"
        },
        "pair_attention_layer0": {
          "operator": "pair_attention",
          "precision": "fp16",
          "reason": "explicit NVIDIA native inference backend",
          "requested": "nvidia",
          "selected": "nvidia"
        },
        "runtime": {
          "active": true,
          "mode": "optimized",
          "reason": "scoped FlagGems ATen dispatch",
          "registered_aten_ops": [
            "addmm",
            "baddbmm",
            "bmm",
            "softmax",
            "softmax_out"
          ],
          "vendor_hint": "nvidia"
        }
      },
      "gain_kind": "custom_kernel",
      "mean_ms": 19.02075210571289,
      "measurement_scope": "steady",
      "p20_ms": 19.00457946777344,
      "p50_ms": 19.015270233154297,
      "p80_ms": 19.035791015624998,
      "p95_ms": 19.055779418945313,
      "peak_allocated_mib": 1634.88232421875,
      "peak_delta_allocated_mib": 1617.068359375,
      "peak_delta_reserved_mib": 0.0,
      "peak_reserved_mib": 3098.0,
      "sample_count": 30,
      "samples_ms": [
        19.03267822265625,
        19.065855407714842,
        19.01096954345703,
        19.004620361328126,
        19.012608337402344,
        19.02100524902344,
        19.007078552246092,
        19.022438049316406,
        19.00052490234375,
        19.005030822753906,
        19.010560607910158,
        19.012608337402344,
        19.0097412109375,
        19.033497619628907,
        19.000729370117188,
        19.01793212890625,
        19.03574981689453,
        19.005644226074217,
        19.001344299316408,
        19.002777099609375,
        19.004415893554686,
        19.00195770263672,
        19.018751525878905,
        19.026124572753908,
        19.030426025390625,
        19.059097290039062,
        19.03759307861328,
        19.043122863769533,
        19.035955810546874,
        19.051724243164063
      ],
      "scope": "end_to_end",
      "stage": "C2_pair_native_epilogue",
      "status": "measured",
      "validation": {
        "atol": 0.003,
        "last_hidden_state_sha256": "7927776905738c57fbd29fc45dda6fdf1e6146026e2ebd211441ca812bb9963e",
        "rtol": 0.03,
        "status": "passed"
      }
    },
    {
      "calls_per_sample": 5,
      "comparison_baseline": "F0_stock_steady",
      "description": "Combined optimized FlagGems route including temporary scope lifecycle.",
      "dispatch": {
        "gaussian": {
          "operator": "gaussian_pair_bias",
          "precision": "fp16",
          "reason": "CUDA compiler backend",
          "requested": "auto",
          "selected": "inductor"
        },
        "pair_attention_layer0": {
          "operator": "pair_attention",
          "precision": "fp16",
          "reason": "explicit NVIDIA native inference backend",
          "requested": "nvidia",
          "selected": "nvidia"
        },
        "runtime": {
          "active": true,
          "mode": "optimized",
          "reason": "scoped FlagGems ATen dispatch",
          "registered_aten_ops": [
            "addmm",
            "baddbmm",
            "bmm",
            "softmax",
            "softmax_out"
          ],
          "vendor_hint": "nvidia"
        }
      },
      "gain_kind": "flaggems_lifecycle",
      "mean_ms": 10.025792872111003,
      "measurement_scope": "per_call",
      "p20_ms": 9.812991943359375,
      "p50_ms": 9.980620956420898,
      "p80_ms": 10.188349151611328,
      "p95_ms": 10.430965728759766,
      "peak_allocated_mib": 89.2099609375,
      "peak_delta_allocated_mib": 71.39599609375,
      "peak_delta_reserved_mib": 0.0,
      "peak_reserved_mib": 3098.0,
      "sample_count": 30,
      "samples_ms": [
        9.997926330566406,
        10.354483032226563,
        9.836953735351562,
        10.302259063720703,
        10.050355529785156,
        10.184294128417969,
        9.89818878173828,
        9.816883087158203,
        9.775513458251954,
        9.938329315185547,
        9.791693115234375,
        9.774899291992188,
        9.863782501220703,
        9.956966400146484,
        10.090290832519532,
        10.204569244384766,
        10.131251525878906,
        9.797427368164062,
        9.735987091064453,
        9.913958740234374,
        9.99178237915039,
        9.917849731445312,
        9.794969940185547,
        9.974784088134765,
        10.144358062744141,
        10.49354248046875,
        10.640589141845703,
        10.071244812011718,
        9.986457824707031,
        10.342195129394531
      ],
      "scope": "end_to_end",
      "stage": "Ffinal_optimized_lifecycle",
      "status": "measured",
      "validation": {
        "atol": 0.003,
        "last_hidden_state_sha256": "8c816510d85fd01b63c76df20a0ff245b50d452232ed9de35121fcb7b489acf2",
        "rtol": 0.03,
        "status": "passed"
      }
    },
    {
      "calls_per_sample": 5,
      "comparison_baseline": "F0_stock_steady",
      "description": "Combined FlagGems ATen, Gaussian compiler, and pair epilogue steady-state route.",
      "dispatch": {
        "gaussian": {
          "operator": "gaussian_pair_bias",
          "precision": "fp16",
          "reason": "CUDA compiler backend",
          "requested": "auto",
          "selected": "inductor"
        },
        "outer_scope": {
          "active": true,
          "mode": "optimized",
          "reason": "scoped FlagGems ATen dispatch",
          "registered_aten_ops": [
            "addmm",
            "baddbmm",
            "bmm",
            "softmax",
            "softmax_out"
          ],
          "vendor_hint": "nvidia"
        },
        "pair_attention_layer0": {
          "operator": "pair_attention",
          "precision": "fp16",
          "reason": "explicit NVIDIA native inference backend",
          "requested": "nvidia",
          "selected": "nvidia"
        },
        "runtime": {
          "active": true,
          "mode": "optimized",
          "reason": "scoped FlagGems ATen dispatch",
          "registered_aten_ops": [
            "addmm",
            "baddbmm",
            "bmm",
            "softmax",
            "softmax_out"
          ],
          "vendor_hint": "nvidia"
        }
      },
      "gain_kind": "combined",
      "mean_ms": 9.595521647135417,
      "measurement_scope": "steady",
      "p20_ms": 9.24975082397461,
      "p50_ms": 9.402982330322265,
      "p80_ms": 9.974825134277344,
      "p95_ms": 10.391234588623046,
      "peak_allocated_mib": 89.2099609375,
      "peak_delta_allocated_mib": 71.39599609375,
      "peak_delta_reserved_mib": 0.0,
      "peak_reserved_mib": 3098.0,
      "sample_count": 30,
      "samples_ms": [
        9.551872253417969,
        9.406463623046875,
        9.879551696777344,
        9.723494720458984,
        10.105241394042968,
        9.39315185546875,
        9.379430389404297,
        9.59447021484375,
        9.214566040039063,
        9.232383728027344,
        9.089433288574218,
        9.25265884399414,
        9.568665313720704,
        9.396018981933594,
        9.341337585449219,
        9.403392028808593,
        9.1652099609375,
        9.402572631835938,
        9.190399932861329,
        9.322291564941406,
        9.942221069335938,
        10.128793334960937,
        10.139852905273438,
        9.238118743896484,
        9.393561553955077,
        10.3372802734375,
        10.521395111083985,
        10.435379028320312,
        9.726156616210938,
        9.390284729003906
      ],
      "scope": "end_to_end",
      "stage": "Ffinal_optimized_steady",
      "status": "measured",
      "validation": {
        "atol": 0.003,
        "last_hidden_state_sha256": "8c816510d85fd01b63c76df20a0ff245b50d452232ed9de35121fcb7b489acf2",
        "rtol": 0.03,
        "status": "passed"
      }
    }
  ],
  "role": "optimized",
  "run_id": "stofm-r2-fp16-optimized-01",
  "runtime": {
    "capability": [
      7,
      0
    ],
    "cuda": "12.4",
    "device": "Tesla V100-SXM2-16GB",
    "environment": {
      "CUBLAS_WORKSPACE_CONFIG": null,
      "CUDA_VISIBLE_DEVICES": "0",
      "PYTORCH_CUDA_ALLOC_CONF": null,
      "TORCHINDUCTOR_CACHE_DIR": "/tmp/torchinductor_ymm",
      "TORCHINDUCTOR_COMPILE_THREADS": "1"
    },
    "nvidia_smi": [
      {
        "driver": "550.144.03",
        "index": "0",
        "memory_total_mib": "16384",
        "name": "Tesla V100-SXM2-16GB"
      },
      {
        "driver": "550.144.03",
        "index": "1",
        "memory_total_mib": "16384",
        "name": "Tesla V100-SXM2-16GB"
      },
      {
        "driver": "550.144.03",
        "index": "2",
        "memory_total_mib": "11264",
        "name": "NVIDIA GeForce GTX 1080 Ti"
      }
    ],
    "pip_freeze": [
      "-e git+https://github.com/priestess-bot/FlagGems.git@a9a96bbcc3d685482c656343e0759b7b4a5c38bc#egg=flag_gems",
      "GitPython==3.1.50",
      "Jinja2==3.1.6",
      "MarkupSafe==3.0.3",
      "PyYAML==6.0.3",
      "Pygments==2.20.0",
      "SQLAlchemy==2.0.48",
      "absl-py==2.4.0",
      "accelerate==1.13.0",
      "aiohappyeyeballs==2.6.2",
      "aiohttp==3.13.5",
      "aiosignal==1.4.0",
      "annotated-doc==0.0.4",
      "annotated-types==0.7.0",
      "anyio==4.13.0",
      "argon2-cffi-bindings==25.1.0",
      "argon2-cffi==25.1.0",
      "attrs==26.1.0",
      "backoff==2.2.1",
      "catboost==1.2.10",
      "certifi==2026.5.20",
      "cffi==2.0.0",
      "charset-normalizer==3.4.7",
      "chronos-forecasting==2.2.2",
      "click==8.4.1",
      "contourpy==1.3.3",
      "cramjam==2.11.0",
      "cycler==0.12.1",
      "datasets==4.8.5",
      "dill==0.4.1",
      "distro==1.9.0",
      "einops==0.8.2",
      "einshape==1.0",
      "eval_type_backport==0.3.1",
      "evaluate==0.4.6",
      "faiss-cpu==1.14.2",
      "fastparquet==2026.5.0",
      "filelock==3.29.0",
      "flatbuffers==25.12.19",
      "fonttools==4.63.0",
      "frozenlist==1.8.0",
      "fsspec==2026.2.0",
      "gitdb==4.0.12",
      "gluonts==0.16.2",
      "grad-cam==1.5.5",
      "graphviz==0.21",
      "greenlet==3.5.5",
      "h11==0.16.0",
      "hf-xet==1.5.1",
      "httpcore==1.0.9",
      "httpx==0.28.1",
      "huggingface_hub==0.36.2",
      "idna==3.17",
      "iniconfig==2.3.0",
      "inquirerpy==0.3.4",
      "insightface==1.0.1",
      "joblib==1.5.3",
      "kiwisolver==1.5.0",
      "liac-arff==2.5.0",
      "lightgbm==4.6.0",
      "littleutils==0.2.4",
      "llvmlite==0.47.0",
      "lxml==6.1.1",
      "markdown-it-py==4.2.0",
      "matplotlib==3.10.9",
      "mdurl==0.1.2",
      "minio==7.2.20",
      "ml_dtypes==0.5.4",
      "modelscope==1.37.1",
      "mpmath==1.3.0",
      "multidict==6.7.1",
      "multiprocess==0.70.19",
      "narwhals==2.21.2",
      "networkx==3.6.1",
      "nltk==3.9.4",
      "numba==0.65.1",
      "numpy==2.1.3",
      "nvidia-cublas-cu12==12.4.5.8",
      "nvidia-cuda-cupti-cu12==12.4.127",
      "nvidia-cuda-nvrtc-cu12==12.4.127",
      "nvidia-cuda-runtime-cu12==12.4.127",
      "nvidia-cudnn-cu12==9.1.0.70",
      "nvidia-cufft-cu12==11.2.1.3",
      "nvidia-curand-cu12==10.3.5.147",
      "nvidia-cusolver-cu12==11.6.1.9",
      "nvidia-cusparse-cu12==12.3.1.170",
      "nvidia-cusparselt-cu12==0.6.2",
      "nvidia-ml-py==13.595.45",
      "nvidia-nccl-cu12==2.21.5",
      "nvidia-nvjitlink-cu12==12.4.127",
      "nvidia-nvtx-cu12==12.4.127",
      "ogb==1.3.6",
      "onnx==1.21.0",
      "onnxruntime-gpu==1.26.0",
      "onnxruntime==1.26.0",
      "opencv-python==4.13.0.92",
      "openml==0.15.1",
      "optimum-onnx==0.1.0",
      "optimum==2.1.0",
      "outdated==0.2.2",
      "packaging==26.0",
      "pandas==3.0.3",
      "patsy==1.0.2",
      "peft==0.19.1",
      "pfzy==0.3.4",
      "pillow==12.2.0",
      "pip==24.0",
      "platformdirs==4.10.0",
      "plotly==6.7.0",
      "pluggy==1.6.0",
      "posthog==7.16.2",
      "prompt_toolkit==3.0.52",
      "propcache==0.5.2",
      "protobuf==7.35.0",
      "psutil==7.2.2",
      "pyarrow==24.0.0",
      "pycparser==3.0",
      "pycryptodome==3.23.0",
      "pydantic-settings==2.14.1",
      "pydantic==2.13.4",
      "pydantic_core==2.46.4",
      "pynndescent==0.6.0",
      "pyparsing==3.3.2",
      "pytest==9.0.3",
      "python-dateutil==2.9.0.post0",
      "python-docx==1.2.0",
      "python-dotenv==1.2.2",
      "pytz==2026.2",
      "rank-bm25==0.2.2",
      "regex==2026.5.9",
      "requests==2.34.2",
      "rich==15.0.0",
      "rouge_score==0.1.2",
      "rtdl_num_embeddings==0.0.12",
      "safetensors==0.7.0",
      "scikit-image==0.26.0",
      "scikit-learn==1.8.0",
      "scipy==1.17.1",
      "seaborn==0.13.2",
      "sentence-transformers==5.5.1",
      "sentry-sdk==2.61.0",
      "setuptools==79.0.1",
      "shellingham==1.5.4",
      "six==1.17.0",
      "smmap==5.0.3",
      "spuco==2.0.3",
      "statsmodels==0.14.6",
      "sympy==1.13.1",
      "tabm==0.0.3",
      "tabpfn-common-utils==0.2.21",
      "tabpfn==8.0.3",
      "threadpoolctl==3.6.0",
      "timesfm==1.3.0",
      "timm==1.0.27",
      "tokenizers==0.22.2",
      "toolz==0.12.1",
      "torch==2.6.0+cu124",
      "torchaudio==2.6.0+cu124",
      "torchvision==0.21.0+cu124",
      "tqdm==4.68.1",
      "transformers==4.57.6",
      "triton==3.2.0",
      "ttach==0.0.3",
      "typer==0.25.1",
      "typing-inspection==0.4.2",
      "typing_extensions==4.15.0",
      "tzdata==2026.2",
      "umap-learn==0.5.12",
      "urllib3==2.7.0",
      "utilsforecast==0.2.16",
      "wandb==0.27.0",
      "wcwidth==0.7.0",
      "wheel==0.47.0",
      "wilds==2.0.0",
      "xgboost==3.2.0",
      "xmltodict==1.0.4",
      "xxhash==3.7.0",
      "yarl==1.24.2"
    ],
    "platform": "Linux-6.8.0-124-generic-x86_64-with-glibc2.35",
    "python": "3.11.15",
    "torch": "2.6.0+cu124",
    "torch_backend": {
      "allow_tf32_cudnn": true,
      "allow_tf32_matmul": false,
      "cudnn_benchmark": false,
      "float32_matmul_precision": "highest"
    }
  },
  "schema_version": 2,
  "workload": {
    "batch_size": 1,
    "embedding_dim": 256,
    "ffn_embedding_dim": 256,
    "gaussian_hidden_dim": 128,
    "heads": 8,
    "input_dim": 256,
    "layers": 4,
    "nodes": 1050,
    "return_pair_rep": false,
    "seed": 20260815
  }
}
